vbe: Initialising...
vbe: Version: 3.0
vbe: OEM: SeaBIOS VBE(C) 2011
vbe: Graphics vendor: SeaBIOS Developers
vbe: Product name: SeaBIOS VBE Adapter
vbe: Product revision: Rev. 1
edid: Success.
vbe: EDID detected screen resolution of 1280x800
vbe: Found matching mode 0x17a, attempting to set...
vbe: Framebuffer address: 0xfd000000
edid: Success.
[2J[H
[2;27H[36mLimine 11.4.1 (x86-64, BIOS)[0m



[13;1H                                   [7m tobyOS [27m
[4;1H    [32mARROWS[0m Select    [32mENTER[0m Boot    [32mE[0m Edit[4;64H[32mB[0m Blank Entry[14;1H

[24;1H[2K[32mBooting automatically in [92m3[32m, press any key to stop the countdown...[0m[24;1H[2K[32mBooting automatically in [92m2[32m, press any key to stop the countdown...[0m[24;1H[2K[32mBooting automatically in [92m1[32m, press any key to stop the countdown...[0m[2J[Hlimine: Loading executable `boot():/boot/tobyos.bin`...
limine: Physical base:   0x1fc98000
limine: Virtual base:    0xffffffff80000000
limine: Slide:           0x0
limine: ELF entry point: 0xffffffff80001000
limine: Base revision:   3
limine: Requests count:  6
limine: Top of HHDM:     0x40000000
acpi: Found RSDP at 0xf52d0
limine: Loading module `boot():/boot/initrd.tar`...
limine: Loading module `boot():/boot/install.img`...
vbe: Initialising...
vbe: Version: 3.0
vbe: OEM: SeaBIOS VBE(C) 2011
vbe: Graphics vendor: SeaBIOS Developers
vbe: Product name: SeaBIOS VBE Adapter
vbe: Product revision: Rev. 1
edid: Success.
vbe: EDID detected screen resolution of 1280x800
vbe: Found matching mode 0x17a, attempting to set...
vbe: Mode was already set, perfect!
vbe: Framebuffer address: 0xfd000000
edid: Success.
paging: 1GiB pages are not supported!
acpi: Found RSDP at 0xf52d0
acpi: "DMAR" not found
acpi: Found RSDP at 0xf52d0
acpi: "IVRS" not found
[------] [boot] serial up
[------] [0] INFO  slog    : slog ready (depth=256, persist=/data/system.log)
[------] [0] INFO  boot    : tobyOS boot sequence started
[------] [boot] framebuffer: 1280x800 pitch=5120 bpp=32 addr=0xffff8000fd000000
[------] [boot] console up
[------] [gdt] loaded: base=0xffffffff800ea6e0 limit=55 entries=7
[------] [gdt] CS=0x08 DS=0x10 (expected CS=0x08 DS=0x10)
[------] [gdt] user CS=0x23 DS=0x1b  TSS sel=0x28 (TSS slot empty until tss_init)
[------] [idt] loaded: base=0xffffffff800ea730 limit=4095 (256 gates wired)
[------] [boot] firing int3 to exercise IDT round-trip...
[------] [isr] breakpoint hit at rip=0xffffffff8000109f (rflags=0x86)
[------] [boot] int3 returned cleanly, IDT round-trip OK
[------] [0] INFO  wdog    : watchdog ready (timeout=10000 ms)
[0 ms] [pit] channel 0 -> 100 Hz (divisor=11931)
[0 ms] [kbd] PS/2 driver up (IRQ1 enabled + unmasked)
[10 ms] [boot] interrupts enabled (IRQ0 timer + IRQ1 keyboard, via legacy PIC for early boot)
[70 ms] [perf] TSC calibrated: 6534 MHz (326712431 cycles in 50000000 ns)
[70 ms] [boot] HHDM offset = 0xffff800000000000
[70 ms] [pmm] Limine memmap (21 entries):
[70 ms]   0x0000000000001000..0x0000000000061000       384 KiB  bootloader
[70 ms]   0x0000000000061000..0x000000000009f000       248 KiB  usable
[70 ms]   0x000000000009fc00..0x00000000000a0000         1 KiB  reserved
[70 ms]   0x00000000000f0000..0x0000000000100000        64 KiB  reserved
[70 ms]   0x0000000000100000..0x000000001f6cb000    513836 KiB  usable
[70 ms]   0x000000001f6cb000..0x000000001facb000      4096 KiB  kernel
[70 ms]   0x000000001facb000..0x000000001facc000         4 KiB  bootloader
[70 ms]   0x000000001facc000..0x000000001fc8e000      1800 KiB  kernel
[70 ms]   0x000000001fc8e000..0x000000001fc8f000         4 KiB  bootloader
[70 ms]   0x000000001fc8f000..0x000000001fc92000        12 KiB  usable
[70 ms]   0x000000001fc92000..0x000000001fc98000        24 KiB  bootloader
[70 ms]   0x000000001fc98000..0x000000001fe8f000      2012 KiB  kernel
[70 ms]   0x000000001fe8f000..0x000000001ff52000       780 KiB  bootloader
[70 ms]   0x000000001ff52000..0x000000001ff6d000       108 KiB  usable
[70 ms]   0x000000001ff6d000..0x000000001ffde000       452 KiB  bootloader
[70 ms]   0x000000001ffde000..0x0000000020000000       136 KiB  reserved
[70 ms]   0x00000000b0000000..0x00000000c0000000    262144 KiB  reserved
[70 ms]   0x00000000fd000000..0x00000000fd3e8000      4000 KiB  framebuffer
[70 ms]   0x00000000fed1c000..0x00000000fed20000        16 KiB  reserved
[70 ms]   0x00000000fffc0000..0x0000000100000000       256 KiB  reserved
[70 ms]   0x000000fd00000000..0x0000010000000000  12582912 KiB  reserved
[70 ms] [pmm] managed:  130925 pages (511 MiB) up to 0x000000001ff6d000
[70 ms] [pmm] usable:   514204 KiB across 21 regions
[70 ms] [pmm] bitmap:   16366 bytes at phys 0x0000000000061000 (virt 0xffff800000061000), 4 pages
[70 ms] [pmm] free:     128547 pages (502 MiB) -- used: 2378 pages
[70 ms] [pmm] test: allocated 0x0000000000065000 0x0000000000066000 0x0000000000067000 0x0000000000068000 (free now=128543)
[70 ms] [pmm] test: read-back a=0xdeadbeefcafebabe d=0x1122334455667788
[70 ms] [pmm] test: alloc/free balanced (free=128547 before & after)
[70 ms] [boot] reserved AP trampoline page at phys 0x0000000000070000
[70 ms] [vmm] kernel image: virt 0xffffffff80000000..0xffffffff801f7000 -> phys 0x000000001fc98000 (2012 KiB)
[70 ms] [vmm] hhdm mirror:  516 MiB across memmap, top phys 0x00000000fd400000, 2M pages
[70 ms] [vmm] new PML4 at phys 0x0000000000065000, switching CR3...
[70 ms] [vmm] CR3 switched. Running on tobyOS page tables.
[70 ms] [vmm] test: __text_start 0xffffffff80001000 -> phys 0x000000001fc99000
[70 ms] [vmm] test: __data_start 0xffffffff800a9000 -> phys 0x000000001fd41000
[70 ms] [vmm] test: HHDM r/w through new PML4 at phys 0x000000000006c000 OK
[70 ms] [vmm] test: new mapping at 0xffffc00000000000 <-> phys 0x000000000006c000 verified
[70 ms] [vmm] test: unmap clears translation, scratch page freed
[70 ms] [vmm] test: ok
[70 ms] [heap] up: initial arena 17 pages (67 KiB)
[70 ms] [heap] start: arenas=1 total=69600 used=0 free=69600  brk=0xffffd00000011000 (region 0xffffd00000000000..0xffffd10000000000)
[70 ms] [heap] after 8 allocs: arenas=2 used=85616 free=65872 allocs=8
[70 ms] [heap] after 8 frees: arenas=2 used=0 free=151488 frees=8
[70 ms] [heap] test: ok (region OK, fragmented 80 KiB alloc OK, round-trip balanced, kcalloc zero-verified)
[70 ms] [heap] brk now 0xffffd00000025000 (148 KiB virt consumed)
[70 ms] [tss] installed: tss=0xffffffff80101610 rsp0=0xffffffff80101610 (irq stack 16 KiB)
[70 ms] [sys] EFER.SCE on, STAR=0x0010000800000000, LSTAR=0xffffffff800853a4, FMASK=0x700
[70 ms] [sys] kernel syscall rsp = 0xffffffff80101610
[70 ms] [sys] available syscalls: 0=exit  1=write  2=read  3=pipe  4=close  5=yield
[70 ms] [sys]                     6=socket 7=bind 8=sendto 9=recvfrom
[70 ms] [sys]                     10=gui_create 11=gui_fill 12=gui_text 13=gui_flip 14=gui_poll_event
[70 ms] [sys]                     15=term_open 16=term_write 17=term_read 18=fs_readdir 19=fs_readfile 20=exec
[70 ms] [sys]                     21=setting_get 22=setting_set 23=login 24=logout 25=session_info
[80 ms] [sys]                     26=getuid 27=getgid 28=username 29=chmod 30=chown
[80 ms] [sys]   M25A: 31=getpid 32=getppid 33=spawn 34=waitpid 35=open 36=lseek 37=stat 38=fstat
[80 ms] [sys]         39=dup 40=dup2 41=unlink 42=mkdir 43=brk 44=getcwd 45=chdir 46=getenv
[80 ms] [sys]         47=nanosleep 48=clock_ms 49=abi_version (ABI v1)
[80 ms] [acpi] using RSDT @ 0x000000001ffe2362 (entries=5)
[80 ms] [acpi] MADT: lapic_phys (32-bit field) = 0x00000000fee00000, legacy_pic=yes
[80 ms] [acpi]   CPU0: acpi_id=0 apic_id=0 flags=0x1 enabled 
[80 ms] [acpi]   IOAPIC 0: mmio=0x00000000fec00000 gsi_base=0
[80 ms] [acpi]   ISO: ISA IRQ0 -> GSI 2 (flags=0x0)
[80 ms] [acpi]   ISO: ISA IRQ5 -> GSI 5 (flags=0xd)
[80 ms] [acpi]   ISO: ISA IRQ9 -> GSI 9 (flags=0xd)
[80 ms] [acpi]   ISO: ISA IRQ10 -> GSI 10 (flags=0xd)
[80 ms] [acpi]   ISO: ISA IRQ11 -> GSI 11 (flags=0xd)
[80 ms] [acpi]   LAPIC NMI: acpi_proc=255 lint=1 flags=0x0
[80 ms] [acpi] enumerated 1 CPU(s) (uniprocessor), 1 IO APIC(s), 5 override(s), 1 NMI source(s)
[80 ms] [acpi] FADT: pm1a_cnt=0x604 pm1b_cnt=0x0 smi_cmd=0xb2 acpi_enable=0x02 sci_int=9
[80 ms] [acpi] FADT: reset_reg space=1 addr=0xcf9 value=0x0f
[80 ms] [acpi] DSDT _S5_: SLP_TYPa=0 SLP_TYPb=0 (DSDT 8474 bytes)
[80 ms] [acpi] AML inventory: dsdt=8438 bytes, 0 SSDT(s)
[80 ms] [apic] BSP local APIC: phys=0x00000000fee00000 virt=0xffffd20000000000 id=0 ver=0x14
[80 ms] [apic] SVR=0x1ff  spurious_vec=0xff  timer_vec=0x40 (masked)
[90 ms] [apic] timer calibrated: ~10335300 ticks/10ms (~1033530 kHz, ~1033530000 Hz/sec)
[90 ms] [ioapic] chip 0: phys=0x00000000fec00000 virt=0xffffd20000010000 gsi=[0..23] ver=0x20 entries=24
[90 ms] [irq]   re-route ISA IRQ 0 -> GSI 2 vec=0x20 edge/ahigh
[90 ms] [irq]   re-route ISA IRQ 1 (identity, edge/ahigh) -> vec=0x21
[90 ms] [irq] facade: switched to IO APIC mode (2 IRQs re-routed)
[90 ms] [pci] enumerating bus 0...
[90 ms] [pci] 7 device(s):
[90 ms] [pci] 00:00.0  8086:29c0  bridge.host       [90 ms] 
[90 ms] [pci] 00:01.0  1234:1111  display.vga       [90 ms]   BAR0 mem 16384K[90 ms]   BAR2 mem 4K[90 ms] 
[90 ms] [pci] 00:02.0  1b36:000d  serial.usb        [90 ms]   IRQ 11[90 ms]   BAR0 mem 16K[90 ms] 
[90 ms] [pci] 00:03.0  8086:100e  network.ethernet  [90 ms]   IRQ 11[90 ms]   BAR0 mem 128K[90 ms]   BAR1 io 64[90 ms] 
[90 ms] [pci] 00:1f.0  8086:2918  bridge.isa        [90 ms] 
[90 ms] [pci] 00:1f.2  8086:2922  storage.ahci      [100 ms]   IRQ 10[100 ms]   BAR4 io 32[100 ms]   BAR5 mem 4K[100 ms] 
[100 ms] [pci] 00:1f.3  8086:2930  serial            [100 ms]   IRQ 10[100 ms]   BAR4 io 64[100 ms] 
[100 ms] [xhci] probing 00:02.0  (vid:did 1b36:000d  class 0c:03:30)
[100 ms] [xhci] MMIO BAR0 phys=0x00000000febf0000 virt=0xffff8000febf0000
[110 ms] [xhci] HCIVERSION=0x0100  CAPLENGTH=0x40  CSZ=0  AC64=1
[110 ms] [xhci] MaxSlots=64  MaxIntrs=16  MaxPorts=8  Scratch=0
[110 ms] [xhci] op_regs=+0x40  rt_regs=+0x1000  db_regs=+0x2000  xECP=+0x20
[110 ms] [xhci] controller online -- enumerating 8 root-hub port(s)
[120 ms] [xhci] port 5: connected, speed=3 (PORTSC=0x00020e03)
[120 ms] [xhci] dev slot=1 addr=1  vid=0627 pid=0001  class=00
[120 ms] [usb-hid] boot keyboard on slot 1 iface 0 ep 0x81 mps 8  (port 5)
[130 ms] [usbreg] slot=1 port=5 depth=0 speed=3 0627:0001 class=03/01/01 USB HID Keyboard (Boot) drv=usb_hid
[130 ms] [130] INFO  hw      : usb attach slot=1 USB HID Keyboard (Boot) drv=usb_hid
[130 ms] [xhci] port 6: connected, speed=3 (PORTSC=0x00020e03)
[130 ms] [xhci] dev slot=2 addr=2  vid=0627 pid=0001  class=00
[130 ms] [usb-hid] boot mouse on slot 2 iface 0 ep 0x81 mps 4  (port 6)
[140 ms] [usbreg] slot=2 port=6 depth=0 speed=3 0627:0001 class=03/01/02 USB HID Mouse (Boot) drv=usb_hid
[140 ms] [140] INFO  hw      : usb attach slot=2 USB HID Mouse (Boot) drv=usb_hid
[140 ms] [pci] 00:02.0: MSI-X enabled (cap=0x90, BAR0@+0x3000, 1/16 vecs, base=0x50 lapic=0)
[140 ms] [xhci] IRQ live on vec 0x50  (IR0.IE + USBCMD.INTE set)
[150 ms] [pci] driver xhci     bound to 00:02.0  (1b36:000d) strat=class
[150 ms] [e1000] probing 00:03.0  (vid:did 8086:100e)
[160 ms] [e1000] MMIO BAR0 phys=0x00000000febc0000 virt=0xffff8000febc0000 (128 KiB UC)
[160 ms] [e1000] MAC 52:54:00:12:34:56
[160 ms] [e1000] RX live RDBAL=0x0010c000 RDLEN=512 RDT=31 RCTL=0x0400800a
[160 ms] [e1000] no MSI cap -- staying polled (vec 0x51 is now idle)
[160 ms] [net] +nic e1000:00:03.0 mac=52:54:00:12:34:56 (slot 0)
[170 ms] [pci] driver e1000    bound to 00:03.0  (8086:100e) strat=exact
[170 ms] [ahci] probing 00:1f.2  (vid:did 8086:2922)
[170 ms] [ahci] ABAR phys=0x00000000febf5000 virt=0xffff8000febf5000 (4 KiB UC)
[170 ms] [ahci] CAP=0xc0141f05 PI=0x0000003f VS=0x00010000  (NP=6 ports)
[1000 ms] [1000] ERROR wdog    : event #1 kind=sched_stall pid=-1 reason='scheduler heartbeat stalled'
[1000 ms] [wdog] BITE event=1 kind=sched_stall pid=-1 reason='scheduler heartbeat stalled'
[1180 ms] [ahci] port 0: no device (SSTS.DET = 0x0)
[2000 ms] [2000] ERROR wdog    : event #2 kind=sched_stall pid=-1 reason='scheduler heartbeat stalled'
[2000 ms] [wdog] BITE event=2 kind=sched_stall pid=-1 reason='scheduler heartbeat stalled'
[2180 ms] [ahci] port 1: no device (SSTS.DET = 0x0)
[2180 ms] [ahci] port 2: non-SATA signature 0xeb140101 -- skipping
[3000 ms] [3000] ERROR wdog    : event #3 kind=sched_stall pid=-1 reason='scheduler heartbeat stalled'
[3000 ms] [wdog] BITE event=3 kind=sched_stall pid=-1 reason='scheduler heartbeat stalled'
[3180 ms] [ahci] port 3: no device (SSTS.DET = 0x0)
[4000 ms] [4000] ERROR wdog    : event #4 kind=sched_stall pid=-1 reason='scheduler heartbeat stalled'
[4000 ms] [wdog] BITE event=4 kind=sched_stall pid=-1 reason='scheduler heartbeat stalled'
[4180 ms] [ahci] port 4: no device (SSTS.DET = 0x0)
[5000 ms] [5000] ERROR wdog    : event #5 kind=sched_stall pid=-1 reason='scheduler heartbeat stalled'
[5000 ms] [wdog] BITE event=5 kind=sched_stall pid=-1 reason='scheduler heartbeat stalled'
[5180 ms] [ahci] port 5: no device (SSTS.DET = 0x0)
[5180 ms] [ahci] 00:1f.2: no usable SATA drives -- leaving HBA unbound
[5180 ms] [pci] driver blk_ahci declined 00:1f.2  (probe rc=-3)
[5180 ms] [pci] bind complete -- 2 of 7 device(s) bound  (2 newly this pass)
[5190 ms] [blk] no block devices registered
[5190 ms] [net] 1 nic(s) registered:
[5190 ms]   [0] e1000:00:03.0 mac=52:54:00:12:34:56
[5200 ms] [boot] Limine modules (2):
[5200 ms]   [0] /boot/initrd.tar  size=1843200  addr=0xffff80001facc000
[5200 ms]   [1] /boot/install.img  size=4194304  addr=0xffff80001f6cb000
[5210 ms] [initrd] using '/boot/initrd.tar' (size=1843200, addr=0xffff80001facc000)
[5210 ms] [ramfs] mounted: 77 entries from 1843200-byte tar at 0xffff80001facc000
[5210 ms]   - bin/hello                         8848 B  data@0xffff80001facc200
[5220 ms]   - bin/bad                           8800 B  data@0xffff80001face800
[5220 ms]   - bin/echo                          13032 B  data@0xffff80001fad0e00
[5220 ms]   - bin/cat                           8864 B  data@0xffff80001fad4400
[5220 ms]   - bin/long_task                     8864 B  data@0xffff80001fad6a00
[5230 ms]   - bin/netecho                       17232 B  data@0xffff80001fad9000
[5230 ms]   - bin/gui_demo                      13080 B  data@0xffff80001fadd600
[5230 ms]   - bin/gui_clock                     13032 B  data@0xffff80001fae0c00
[5240 ms]   - bin/gui_widgets                   13672 B  data@0xffff80001fae4200
[5240 ms]   - bin/gui_about                     13632 B  data@0xffff80001fae7a00
[5240 ms]   - bin/gui_term                      13232 B  data@0xffff80001faeb200
[5250 ms]   - bin/gui_files                     13624 B  data@0xffff80001faee800
[5250 ms]   - bin/gui_viewer                    13304 B  data@0xffff80001faf2000
[5250 ms]   - bin/login                         13664 B  data@0xffff80001faf5600
[5250 ms]   - bin/gui_settings                  13760 B  data@0xffff80001faf8e00
[5260 ms]   - bin/abi_test                      13064 B  data@0xffff80001fafc600
[5260 ms]   - bin/c_hello                       29648 B  data@0xffff80001faffc00
[5260 ms]   - bin/c_args                        29648 B  data@0xffff80001fb07200
[5260 ms]   - bin/c_filedemo                    33744 B  data@0xffff80001fb0e800
[5260 ms]   - bin/c_alloctest                   33744 B  data@0xffff80001fb16e00
[5270 ms]   - bin/c_envtest                     34104 B  data@0xffff80001fb1f400
[5270 ms]   - bin/c_dynhello                    3328 B  data@0xffff80001fb27c00
[5270 ms]   - bin/devlist                       34328 B  data@0xffff80001fb28c00
[5270 ms]   - bin/drvtest                       34328 B  data@0xffff80001fb31600
[5280 ms]   - bin/usbtest                       38808 B  data@0xffff80001fb3a000
[5280 ms]   - bin/audiotest                     34328 B  data@0xffff80001fb43a00
[5280 ms]   - bin/batterytest                   34328 B  data@0xffff80001fb4c400
[5280 ms]   - bin/displayinfo                   34328 B  data@0xffff80001fb54e00
[5280 ms]   - bin/drawtest                      34472 B  data@0xffff80001fb5d800
[5290 ms]   - bin/rendertest                    42984 B  data@0xffff80001fb66200
[5290 ms]   - bin/fonttest                      33808 B  data@0xffff80001fb70c00
[5290 ms]   - bin/logview                       34168 B  data@0xffff80001fb79400
[5300 ms]   - bin/crashinfo                     33776 B  data@0xffff80001fb81c00
[5300 ms]   - bin/wdogtest                      33864 B  data@0xffff80001fb8a200
[5300 ms]   - bin/safesh                        34256 B  data@0xffff80001fb92a00
[5300 ms]   - bin/fscheck                       33864 B  data@0xffff80001fb9b200
[5310 ms]   - bin/services                      33936 B  data@0xffff80001fba3a00
[5310 ms]   - bin/svc_crasher                   29648 B  data@0xffff80001fbac200
[5310 ms]   - bin/stabilitytest                 33992 B  data@0xffff80001fbb3800
[5310 ms]   - bin/hwinfo                        34320 B  data@0xffff80001fbbc000
[5320 ms]   - bin/drvmatch                      43168 B  data@0xffff80001fbc4a00
[5320 ms]   - bin/hwcompat                      34360 B  data@0xffff80001fbcf600
[5320 ms]   - bin/hwreport                      38520 B  data@0xffff80001fbd8000
[5330 ms]   - bin/compattest                    51912 B  data@0xffff80001fbe1a00
[5330 ms]   - bin/tobycc                        33888 B  data@0xffff80001fbee800
[5330 ms]   - bin/tobybuild                     34008 B  data@0xffff80001fbf7000
[5340 ms]   - bin/selfhosttest                  34008 B  data@0xffff80001fbff800
[5340 ms]   - bin/p_echo                        34112 B  data@0xffff80001fc08000
[5340 ms]   - bin/p_cat                         34112 B  data@0xffff80001fc10800
[5340 ms]   - bin/p_wc                          34472 B  data@0xffff80001fc19000
[5340 ms]   - bin/p_head                        34456 B  data@0xffff80001fc21a00
[5350 ms]   - bin/p_ls                          34704 B  data@0xffff80001fc2a400
[5350 ms]   - bin/p_grep                        34600 B  data@0xffff80001fc32e00
[5350 ms]   - lib/ld-toby.so                    5672 B  data@0xffff80001fc3b800
[5360 ms]   - lib/libtoby.so                    47752 B  data@0xffff80001fc3d200
[5360 ms]   - repo/helloapp.tpkg                14262 B  data@0xffff80001fc49000
[5360 ms]   - repo/helloapp_v2.tpkg             14319 B  data@0xffff80001fc4ca00
[5360 ms]   - repo/helloapp_corrupt.tpkg        14261 B  data@0xffff80001fc50400
[5370 ms]   - repo/helloapp_badhash.tpkg        14262 B  data@0xffff80001fc53e00
[5370 ms]   - repo/helloapp_nohash.tpkg         14005 B  data@0xffff80001fc57800
[5370 ms]   - repo/helloapp_badfhash.tpkg       14263 B  data@0xffff80001fc5b200
[5380 ms]   - repo/helloapp_v2_corrupt.tpkg     14318 B  data@0xffff80001fc5ec00
[5380 ms]   - repo/helloapp_signed.tpkg         14339 B  data@0xffff80001fc62600
[5380 ms]   - repo/helloapp_signed_unknown.tpkg  14336 B  data@0xffff80001fc66200
[5380 ms]   - repo/helloapp_signed_tampered.tpkg  14084 B  data@0xffff80001fc69c00
[5390 ms]   - repo/helloapp_caps_ro.tpkg        14271 B  data@0xffff80001fc6d600
[5390 ms]   - system/keys/trust.db              196 B  data@0xffff80001fc71000
[5390 ms]   - repo/hello_cli.tpkg               29863 B  data@0xffff80001fc71400
[5390 ms]   - repo/hello_gui.tpkg               34662 B  data@0xffff80001fc78c00
[5400 ms]   - repo/notes_app.tpkg               39611 B  data@0xffff80001fc81600
[5400 ms]   - etc/motd                          297 B  data@0xffff80001fc8b400
[5400 ms]   - etc/drvmatch.conf                 1306 B  data@0xffff80001fc8b800
[5400 ms]   - etc/drvmatch.conf.test            456 B  data@0xffff80001fc8c000
[5410 ms]   - m36/m36_part2.c                   222 B  data@0xffff80001fc8c400
[5410 ms]   - m36/m36_sample.c                  100 B  data@0xffff80001fc8c800
[5410 ms]   - m36/Tobyfile                      152 B  data@0xffff80001fc8cc00
[5420 ms]   - readme.txt                        922 B  data@0xffff80001fc8d000
[5420 ms] [safe] no safemode flag -- normal boot
[5420 ms] [5420] INFO  safe    : boot mode = normal (level=0)
[5420 ms] [safe] policy: mode=normal level=0 boot_mode=0
[5430 ms] [safe] policy: usb_full=keep usb_extra=keep net=keep audio=keep gui=keep services=keep virtio_gpu=keep
[5430 ms] [5430] INFO  hw      : hwinfo: cpu='QEMU Virtual CPU version 2.5+' family=15 model=107 step=1 feat=0xe6000271
[5430 ms] [drvmatch] init: total=9 bound=4 unbound=5 forced_off=0
[5430 ms] [5430] INFO  hw      : drvmatch init: total=9 bound=4 unbound=5 forced=0
[5440 ms] [drvconf] loaded /etc/drvmatch.conf: blacklist=0 force=0 errors=0
[5440 ms] [5440] INFO  hw      : drvconf load: blacklist=0 force=0 errors=0
[5440 ms] [drvconf] === active overrides ===
[5440 ms] [drvconf] (none)
[5450 ms] [boot] no disk -- /data unavailable this boot
[5450 ms] [boot] no FAT32 partition discovered -- /fat unmounted
[5450 ms] [boot] no FAT32-on-USB discovered -- /usb unmounted
[5450 ms] [boot] no ext4 partition discovered -- /ext unmounted
[5460 ms] [installer] live install image registered: 4194304 bytes @ 0xffff80001f6cb000
[5460 ms] [vfs] mount table (1 entries):
[5460 ms]   /            -> ops=0xffffffff800a3000 mnt=0xffffffff80116120
[5460 ms] [proc] table initialised (16 slots), pid 0 = 'kernel_main' RUNNING
[5470 ms] [sched] per-CPU round-robin scheduler ready (BSP cur=pid 0)
[5470 ms] [signal] subsystem up (SIGINT=2, SIGTERM=15)
[5470 ms] [boot] spawning first userspace process from /bin/hello...
[5470 ms] [elf] phdr[0] LOAD vaddr=0x0000000000400000 memsz=0x34 filesz=0x34 flags=R-X U -> pages [0x0000000000400000..0x0000000000401000)
[5480 ms] [elf] phdr[1] LOAD vaddr=0x0000000000401000 memsz=0x45 filesz=0x45 flags=R-- U -> pages [0x0000000000401000..0x0000000000402000)
[5480 ms] [elf] load OK (user): type=ET_EXEC, 2 segment(s), base=0x0000000000000000, entry=0x0000000000400000, phdr=0x0000000000000000 (2 entries)
[5480 ms] [proc] created pid=1 ppid=0 'hello-boot' entry=0x0000000000400000 rsp=0x00007fffffffff50 cr3=0x160000 kstack=0xffffd0000001bf80 argc=0 envc=0 cwd='/'
hello from user mode
user_hello: about to SYS_EXIT(0x55)
[5490 ms] [sys_exit] user requested exit, code=85 (0x55)
[5490 ms] [proc] pid=1 'hello-boot' exit code=85 (0x55) cpu=0 ms syscalls=3
[5500 ms] [proc] reaped pid=1, slot recycled
[5500 ms] [boot] /bin/hello (pid=1) finished, exit code=85 (0x55)
[5500 ms] [elf] phdr[0] LOAD vaddr=0x0000000000400000 memsz=0xd22 filesz=0xd22 flags=R-X U -> pages [0x0000000000400000..0x0000000000401000)
[5500 ms] [elf] phdr[1] LOAD vaddr=0x0000000000401000 memsz=0x374 filesz=0x374 flags=R-- U -> pages [0x0000000000401000..0x0000000000402000)
[5510 ms] [elf] phdr[2] LOAD vaddr=0x0000000000402000 memsz=0x18 filesz=0x18 flags=RW- U -> pages [0x0000000000402000..0x0000000000403000)
[5510 ms] [elf] load OK (user): type=ET_EXEC, 3 segment(s), base=0x0000000000000000, entry=0x0000000000400000, phdr=0x0000000000000000 (3 entries)
[5510 ms] [proc] created pid=1 ppid=0 'abi-test-boot' entry=0x0000000000400000 rsp=0x00007fffffffff50 cr3=0x160000 kstack=0xffffd0000001bf80 argc=0 envc=0 cwd='/'
[abi-test] starting Milestone 25A ABI surface check
[abi-test] argc = 0
[abi-test] abi_version = 1
[abi-test] pid = 1
[abi-test] ppid = 0
[abi-test] clock_ms_delta = 1
[abi-test] cwd_len = 1
[abi-test] cwd = /
[abi-test] brk_initial = 268435456
[abi-test] brk_after_grow = 268451840
[abi-test] heap pages writable + zero-initialised OK
[abi-test] open_fd = -13
[abi-test] FAIL: open(/data/abi_test.tmp, O_RDWR|O_CREAT) failed
[5550 ms] [sys_exit] user requested exit, code=1 (0x1)
[5550 ms] [proc] pid=1 'abi-test-boot' exit code=1 (0x1) cpu=0 ms syscalls=69
[5550 ms] [proc] reaped pid=1, slot recycled
[5550 ms] [boot] M25A: /bin/abi_test (pid=1) finished, exit code=1 (FAIL)
[5560 ms] [elf] phdr[0] LOAD vaddr=0x0000000000400000 memsz=0x3ed6 filesz=0x3ed6 flags=R-X U -> pages [0x0000000000400000..0x0000000000404000)
[5560 ms] [elf] phdr[1] LOAD vaddr=0x0000000000404000 memsz=0x7d0 filesz=0x7d0 flags=R-- U -> pages [0x0000000000404000..0x0000000000405000)
[5560 ms] [elf] phdr[2] LOAD vaddr=0x0000000000405000 memsz=0x1cc filesz=0x80 flags=RW- U -> pages [0x0000000000405000..0x0000000000406000)
[5570 ms] [elf] load OK (user): type=ET_EXEC, 3 segment(s), base=0x0000000000000000, entry=0x0000000000400000, phdr=0x0000000000000000 (3 entries)
[5570 ms] [proc] created pid=1 ppid=0 'c_hello-boot' entry=0x0000000000400000 rsp=0x00007fffffffff50 cr3=0x160000 kstack=0xffffd0000001bf80 argc=0 envc=0 cwd='/'
[c_hello] hello from libtoby (argc=0)
[c_hello] ALL OK
[_exit] code=0 caller=0x0000000000400124
[5580 ms] [sys_exit] user requested exit, code=0 (0x0)
[5580 ms] [proc] pid=1 'c_hello-boot' exit code=0 (0x0) cpu=0 ms syscalls=6
[5590 ms] [proc] reaped pid=1, slot recycled
[5590 ms] [boot] M25B: /bin/c_hello (pid=1) exit=0 (PASS)
[5590 ms] [elf] phdr[0] LOAD vaddr=0x0000000000400000 memsz=0x3fe6 filesz=0x3fe6 flags=R-X U -> pages [0x0000000000400000..0x0000000000404000)
[5590 ms] [elf] phdr[1] LOAD vaddr=0x0000000000404000 memsz=0x860 filesz=0x860 flags=R-- U -> pages [0x0000000000404000..0x0000000000405000)
[5600 ms] [elf] phdr[2] LOAD vaddr=0x0000000000405000 memsz=0x1cc filesz=0x80 flags=RW- U -> pages [0x0000000000405000..0x0000000000406000)
[5600 ms] [elf] load OK (user): type=ET_EXEC, 3 segment(s), base=0x0000000000000000, entry=0x0000000000400000, phdr=0x0000000000000000 (3 entries)
[5600 ms] [proc] created pid=1 ppid=0 'c_args-boot' entry=0x0000000000400000 rsp=0x00007fffffffff50 cr3=0x160000 kstack=0xffffd0000001bf80 argc=0 envc=0 cwd='/'
[c_args] argc=0
[c_args] envc=0
[c_args] getenv("HOME") = (unset)
[c_args] __toby_argc=0 __toby_argv=0x7fffffffff58 __toby_envp=0x7fffffffff60
[c_args] ALL OK
[_exit] code=0 caller=0x0000000000400234
[5620 ms] [sys_exit] user requested exit, code=0 (0x0)
[5620 ms] [proc] pid=1 'c_args-boot' exit code=0 (0x0) cpu=0 ms syscalls=21
[5620 ms] [proc] reaped pid=1, slot recycled
[5630 ms] [boot] M25B: /bin/c_args (pid=1) exit=0 (PASS)
[5630 ms] [elf] phdr[0] LOAD vaddr=0x0000000000400000 memsz=0x41a6 filesz=0x41a6 flags=R-X U -> pages [0x0000000000400000..0x0000000000405000)
[5640 ms] [elf] phdr[1] LOAD vaddr=0x0000000000405000 memsz=0xa30 filesz=0xa30 flags=R-- U -> pages [0x0000000000405000..0x0000000000406000)
[5640 ms] [elf] phdr[2] LOAD vaddr=0x0000000000406000 memsz=0x1d8 filesz=0x80 flags=RW- U -> pages [0x0000000000406000..0x0000000000407000)
[5640 ms] [elf] load OK (user): type=ET_EXEC, 3 segment(s), base=0x0000000000000000, entry=0x0000000000400000, phdr=0x0000000000000000 (3 entries)
[5640 ms] [proc] created pid=1 ppid=0 'c_filedemo-boot' entry=0x0000000000400000 rsp=0x00007fffffffff50 cr3=0x160000 kstack=0xffffd0000001bf80 argc=0 envc=0 cwd='/'
[c_filedemo] fopen(w): Permission denied
[_exit] code=1 caller=0x0000000000400b64
[5650 ms] [sys_exit] user requested exit, code=1 (0x1)
[5660 ms] [proc] pid=1 'c_filedemo-boot' exit code=1 (0x1) cpu=0 ms syscalls=7
[5660 ms] [proc] reaped pid=1, slot recycled
[5660 ms] [boot] M25B: /bin/c_filedemo (pid=1) exit=1 (FAIL)
[5660 ms] [elf] phdr[0] LOAD vaddr=0x0000000000400000 memsz=0x43f6 filesz=0x43f6 flags=R-X U -> pages [0x0000000000400000..0x0000000000405000)
[5670 ms] [elf] phdr[1] LOAD vaddr=0x0000000000405000 memsz=0x910 filesz=0x910 flags=R-- U -> pages [0x0000000000405000..0x0000000000406000)
[5670 ms] [elf] phdr[2] LOAD vaddr=0x0000000000406000 memsz=0x1cc filesz=0x80 flags=RW- U -> pages [0x0000000000406000..0x0000000000407000)
[5670 ms] [elf] load OK (user): type=ET_EXEC, 3 segment(s), base=0x0000000000000000, entry=0x0000000000400000, phdr=0x0000000000000000 (3 entries)
[5670 ms] [proc] created pid=1 ppid=0 'c_alloctest-boot' entry=0x0000000000400000 rsp=0x00007fffffffff50 cr3=0x160000 kstack=0xffffd0000001bf80 argc=0 envc=0 cwd='/'
[c_alloctest] ALL OK
[_exit] code=0 caller=0x0000000000400db4
[5680 ms] [sys_exit] user requested exit, code=0 (0x0)
[5690 ms] [proc] pid=1 'c_alloctest-boot' exit code=0 (0x0) cpu=0 ms syscalls=9
[5690 ms] [proc] reaped pid=1, slot recycled
[5690 ms] [boot] M25B: /bin/c_alloctest (pid=1) exit=0 (PASS)
[5690 ms] [boot] M25B: libtoby demos 3/4 PASS
[5700 ms] [elf] phdr[0] LOAD vaddr=0x0000000000400000 memsz=0x3fe6 filesz=0x3fe6 flags=R-X U -> pages [0x0000000000400000..0x0000000000404000)
[5700 ms] [elf] phdr[1] LOAD vaddr=0x0000000000404000 memsz=0x860 filesz=0x860 flags=R-- U -> pages [0x0000000000404000..0x0000000000405000)
[5710 ms] [elf] phdr[2] LOAD vaddr=0x0000000000405000 memsz=0x1cc filesz=0x80 flags=RW- U -> pages [0x0000000000405000..0x0000000000406000)
[5710 ms] [elf] load OK (user): type=ET_EXEC, 3 segment(s), base=0x0000000000000000, entry=0x0000000000400000, phdr=0x0000000000000000 (3 entries)
[5710 ms] [proc] created pid=1 ppid=0 'c_args-spec' entry=0x0000000000400000 rsp=0x00007ffffffffee0 cr3=0x160000 kstack=0xffffd0000001bf80 argc=4 envc=3 cwd='/'
[c_args] argc=4
[c_args]   argv[0] = "c_args"
[c_args]   argv[1] = "alpha"
[c_args]   argv[2] = "beta"
[c_args]   argv[3] = "gamma"
[c_args] envc=3
[c_args]   envp[0] = "PATH=/bin"
[c_args]   envp[1] = "TEST_PHASE=25C"
[c_args]   envp[2] = "BUILD=ok"
[c_args] getenv("HOME") = (unset)
[c_args] __toby_argc=4 __toby_argv=0x7ffffffffee8 __toby_envp=0x7fffffffff10
[c_args] ALL OK
[_exit] code=0 caller=0x0000000000400234
[5740 ms] [sys_exit] user requested exit, code=0 (0x0)
[5750 ms] [proc] pid=1 'c_args-spec' exit code=0 (0x0) cpu=0 ms syscalls=56
[5750 ms] [proc] reaped pid=1, slot recycled
[5750 ms] [boot] M25C: /bin/c_args (pid=1, argc=4 envc=3) exit=0 (PASS)
[5750 ms] [elf] phdr[0] LOAD vaddr=0x0000000000400000 memsz=0x4ae6 filesz=0x4ae6 flags=R-X U -> pages [0x0000000000400000..0x0000000000405000)
[5760 ms] [elf] phdr[1] LOAD vaddr=0x0000000000405000 memsz=0xde0 filesz=0xde0 flags=R-- U -> pages [0x0000000000405000..0x0000000000406000)
[5760 ms] [elf] phdr[2] LOAD vaddr=0x0000000000406000 memsz=0x1f8 filesz=0xa0 flags=RW- U -> pages [0x0000000000406000..0x0000000000407000)
[5760 ms] [elf] load OK (user): type=ET_EXEC, 3 segment(s), base=0x0000000000000000, entry=0x0000000000400000, phdr=0x0000000000000000 (3 entries)
[5770 ms] [proc] created pid=1 ppid=0 'c_envtest-boot' entry=0x0000000000400000 rsp=0x00007fffffffff00 cr3=0x160000 kstack=0xffffd0000001bf80 argc=1 envc=3 cwd='/'
[c_envtest][build] M25C-debug-rev3 alive
[c_envtest] argc=1 argv[0]='c_envtest'
[c_envtest] environ has 3 initial entries
[c_envtest] getenv(PATH) = /bin
[c_envtest][diag] BEFORE system
[c_envtest] system("c_hello") starting...
[5790 ms] [elf] phdr[0] LOAD vaddr=0x0000000000400000 memsz=0x3ed6 filesz=0x3ed6 flags=R-X U -> pages [0x0000000000400000..0x0000000000404000)
[5790 ms] [elf] phdr[1] LOAD vaddr=0x0000000000404000 memsz=0x7d0 filesz=0x7d0 flags=R-- U -> pages [0x0000000000404000..0x0000000000405000)
[5790 ms] [elf] phdr[2] LOAD vaddr=0x0000000000405000 memsz=0x1cc filesz=0x80 flags=RW- U -> pages [0x0000000000405000..0x0000000000406000)
[5800 ms] [elf] load OK (user): type=ET_EXEC, 3 segment(s), base=0x0000000000000000, entry=0x0000000000400000, phdr=0x0000000000000000 (3 entries)
[5800 ms] [proc] created pid=2 ppid=1 'c_hello' entry=0x0000000000400000 rsp=0x00007fffffffff30 cr3=0x177000 kstack=0xffffd00000024310 argc=1 envc=1 cwd='/'
[c_hello] hello from libtoby (argc=1)
[c_hello] ALL OK
[_exit] code=0 caller=0x0000000000400124
[5810 ms] [sys_exit] user requested exit, code=0 (0x0)
[5810 ms] [proc] pid=2 'c_hello' exit code=0 (0x0) cpu=0 ms syscalls=6
[5810 ms] [proc] reaped pid=2, slot recycled
[c_envtest][diag] AFTER system, sr=0
[c_envtest] system("c_hello") raw status=0x0
[c_envtest][diag] AFTER printf raw status
[c_envtest][diag] AFTER system EXPECTs
[c_envtest] recursive execvp test starting...
[5830 ms] [elf] phdr[0] LOAD vaddr=0x0000000000400000 memsz=0x4ae6 filesz=0x4ae6 flags=R-X U -> pages [0x0000000000400000..0x0000000000405000)
[5830 ms] [elf] phdr[1] LOAD vaddr=0x0000000000405000 memsz=0xde0 filesz=0xde0 flags=R-- U -> pages [0x0000000000405000..0x0000000000406000)
[5830 ms] [elf] phdr[2] LOAD vaddr=0x0000000000406000 memsz=0x1f8 filesz=0xa0 flags=RW- U -> pages [0x0000000000406000..0x0000000000407000)
[5840 ms] [elf] load OK (user): type=ET_EXEC, 3 segment(s), base=0x0000000000000000, entry=0x0000000000400000, phdr=0x0000000000000000 (3 entries)
[5840 ms] [proc] created pid=2 ppid=1 'c_envtest' entry=0x0000000000400000 rsp=0x00007fffffffff00 cr3=0x177000 kstack=0xffffd000000244f0 argc=3 envc=1 cwd='/'
[c_envtest][build] M25C-debug-rev3 alive
[c_envtest] (child) execvp -> 'c_hello'
[5850 ms] [elf] phdr[0] LOAD vaddr=0x0000000000400000 memsz=0x3ed6 filesz=0x3ed6 flags=R-X U -> pages [0x0000000000400000..0x0000000000404000)
[5850 ms] [elf] phdr[1] LOAD vaddr=0x0000000000404000 memsz=0x7d0 filesz=0x7d0 flags=R-- U -> pages [0x0000000000404000..0x0000000000405000)
[5860 ms] [elf] phdr[2] LOAD vaddr=0x0000000000405000 memsz=0x1cc filesz=0x80 flags=RW- U -> pages [0x0000000000405000..0x0000000000406000)
[5860 ms] [elf] load OK (user): type=ET_EXEC, 3 segment(s), base=0x0000000000000000, entry=0x0000000000400000, phdr=0x0000000000000000 (3 entries)
[5860 ms] [proc] created pid=3 ppid=2 'c_hello' entry=0x0000000000400000 rsp=0x00007fffffffff30 cr3=0x189000 kstack=0xffffd00000008030 argc=1 envc=1 cwd='/'
[c_hello] hello from libtoby (argc=1)
[c_hello] ALL OK
[_exit] code=0 caller=0x0000000000400124
[5880 ms] [sys_exit] user requested exit, code=0 (0x0)
[5880 ms] [proc] pid=3 'c_hello' exit code=0 (0x0) cpu=0 ms syscalls=6
[5880 ms] [proc] reaped pid=3, slot recycled
[_exit] code=0 caller=0x0000000000402e0b
[5890 ms] [sys_exit] user requested exit, code=0 (0x0)
[5890 ms] [proc] pid=2 'c_envtest' exit code=0 (0x0) cpu=25 ms syscalls=9
[5890 ms] [proc] reaped pid=2, slot recycled
[c_envtest] recursive child pid=2 status=0x0
[c_envtest] ALL OK
[_exit] code=0 caller=0x0000000000400f44
[5900 ms] [sys_exit] user requested exit, code=0 (0x0)
[5910 ms] [proc] pid=1 'c_envtest-boot' exit code=0 (0x0) cpu=60 ms syscalls=38
[5910 ms] [proc] reaped pid=1, slot recycled
[5910 ms] [boot] M25C: /bin/c_envtest (pid=1) exit=0 (PASS)
[5910 ms] [elf] phdr[2] LOAD vaddr=0x0000000000500000 memsz=0x3a8 filesz=0x3a8 flags=R-- U -> pages [0x0000000000500000..0x0000000000501000)
[5920 ms] [elf] phdr[3] LOAD vaddr=0x00000000005013b0 memsz=0xd0 filesz=0xd0 flags=R-X U -> pages [0x0000000000501000..0x0000000000502000)
[5920 ms] [elf] phdr[4] LOAD vaddr=0x0000000000502480 memsz=0xb80 filesz=0x120 flags=RW- U -> pages [0x0000000000502000..0x0000000000503000)
[5920 ms] [elf] phdr[5] LOAD vaddr=0x00000000005035a0 memsz=0x18 filesz=0x18 flags=RW- U -> pages [0x0000000000503000..0x0000000000504000)
[5930 ms] [elf] load OK (user): type=ET_DYN, 4 segment(s), base=0x0000000000500000, entry=0x00000000005013b0, phdr=0x0000000000500040 (9 entries), PT_INTERP
[5930 ms] [elf] phdr[1] LOAD vaddr=0x0000000040000000 memsz=0x499 filesz=0x499 flags=R-- U -> pages [0x0000000040000000..0x0000000040001000)
[5930 ms] [elf] phdr[2] LOAD vaddr=0x00000000400014a0 memsz=0x9ba filesz=0x9ba flags=R-X U -> pages [0x0000000040001000..0x0000000040002000)
[5930 ms] [elf] phdr[3] LOAD vaddr=0x0000000040002e60 memsz=0x1a0 filesz=0xa0 flags=RW- U -> pages [0x0000000040002000..0x0000000040003000)
[5940 ms] [elf] phdr[4] LOAD vaddr=0x0000000040003f00 memsz=0x390 filesz=0x0 flags=RW- U -> pages [0x0000000040003000..0x0000000040005000)
[5940 ms] [elf] load OK (user): type=ET_DYN, 4 segment(s), base=0x0000000040000000, entry=0x00000000400014a0, phdr=0x0000000040000040 (8 entries)
[5940 ms] [proc] loaded interpreter '/lib/ld-toby.so' base=0x0000000040000000 entry=0x00000000400014a0
[5950 ms] [proc] created pid=1 ppid=0 'c_dynhello-boot' entry=0x00000000400014a0 rsp=0x00007fffffffff30 cr3=0x160000 kstack=0xffffd0000001bf80 argc=1 envc=1 cwd='/'
[5950 ms] [elf] phdr[1] LOAD vaddr=0x0000000060000000 memsz=0x3188 filesz=0x3188 flags=R-- U -> pages [0x0000000060000000..0x0000000060004000)
[5950 ms] [elf] phdr[2] LOAD vaddr=0x0000000060004190 memsz=0x6321 filesz=0x6321 flags=R-X U -> pages [0x0000000060004000..0x000000006000b000)
[5960 ms] [elf] phdr[3] LOAD vaddr=0x000000006000b4c0 memsz=0xb40 filesz=0x278 flags=RW- U -> pages [0x000000006000b000..0x000000006000c000)
[5960 ms] [elf] phdr[4] LOAD vaddr=0x000000006000c738 memsz=0x1f0 filesz=0x7c flags=RW- U -> pages [0x000000006000c000..0x000000006000d000)
[5970 ms] [elf] load OK (user): type=ET_DYN, 4 segment(s), base=0x0000000060000000, entry=0x0000000060000000, phdr=0x0000000060000040 (8 entries)
[c_dynhello] hello from DYNAMIC libtoby (argc=1)
[c_dynhello] ALL OK
[_exit] code=0 caller=0x0000000060004ab4
[5980 ms] [sys_exit] user requested exit, code=0 (0x0)
[5980 ms] [proc] pid=1 'c_dynhello-boot' exit code=0 (0x0) cpu=0 ms syscalls=7
[5980 ms] [proc] reaped pid=1, slot recycled
[5980 ms] [boot] M25D: /bin/c_dynhello (pid=1) exit=0 (PASS)
[5990 ms] [elf] phdr[0] LOAD vaddr=0x0000000000400000 memsz=0x4246 filesz=0x4246 flags=R-X U -> pages [0x0000000000400000..0x0000000000405000)
[5990 ms] [elf] phdr[1] LOAD vaddr=0x0000000000405000 memsz=0x7e0 filesz=0x7e0 flags=R-- U -> pages [0x0000000000405000..0x0000000000406000)
[6000 ms] [elf] phdr[2] LOAD vaddr=0x0000000000406000 memsz=0x1e8 filesz=0x88 flags=RW- U -> pages [0x0000000000406000..0x0000000000407000)
[6000 ms] [elf] load OK (user): type=ET_EXEC, 3 segment(s), base=0x0000000000000000, entry=0x0000000000400000, phdr=0x0000000000000000 (3 entries)
[6000 ms] [proc] created pid=1 ppid=0 'p_echo-boot' entry=0x0000000000400000 rsp=0x00007fffffffff10 cr3=0x160000 kstack=0xffffd0000001bf80 argc=3 envc=1 cwd='/'
hello from-port-echo
[_exit] code=0 caller=0x0000000000400c04
[6010 ms] [sys_exit] user requested exit, code=0 (0x0)
[6020 ms] [proc] pid=1 'p_echo-boot' exit code=0 (0x0) cpu=0 ms syscalls=6
[6020 ms] [proc] reaped pid=1, slot recycled
[6020 ms] [boot] M25E: /bin/p_echo (pid=1) exit=0 (PASS)
[6020 ms] [elf] phdr[0] LOAD vaddr=0x0000000000400000 memsz=0x4276 filesz=0x4276 flags=R-X U -> pages [0x0000000000400000..0x0000000000405000)
[6030 ms] [elf] phdr[1] LOAD vaddr=0x0000000000405000 memsz=0x7d0 filesz=0x7d0 flags=R-- U -> pages [0x0000000000405000..0x0000000000406000)
[6030 ms] [elf] phdr[2] LOAD vaddr=0x0000000000406000 memsz=0x1e8 filesz=0x88 flags=RW- U -> pages [0x0000000000406000..0x0000000000407000)
[6030 ms] [elf] load OK (user): type=ET_EXEC, 3 segment(s), base=0x0000000000000000, entry=0x0000000000400000, phdr=0x0000000000000000 (3 entries)
[6040 ms] [proc] created pid=1 ppid=0 'p_cat-boot' entry=0x0000000000400000 rsp=0x00007fffffffff20 cr3=0x160000 kstack=0xffffd0000001bf80 argc=2 envc=1 cwd='/'
==============================================
  Welcome to tobyOS -- milestone 4
==============================================

The kernel mounted this file from /etc/motd
on a read-only ramfs backed by a USTAR initrd.

Try:
    ls
    ls /bin
    cat /readme.txt
    run /bin/hello
[_exit] code=0 caller=0x0000000000400c34
[6070 ms] [sys_exit] user requested exit, code=0 (0x0)
[6070 ms] [proc] pid=1 'p_cat-boot' exit code=0 (0x0) cpu=0 ms syscalls=7
[6080 ms] [proc] reaped pid=1, slot recycled
[6080 ms] [boot] M25E: /bin/p_cat (pid=1) exit=0 (PASS)
[6080 ms] [elf] phdr[0] LOAD vaddr=0x0000000000400000 memsz=0x4aca filesz=0x4aca flags=R-X U -> pages [0x0000000000400000..0x0000000000405000)
[6080 ms] [elf] phdr[1] LOAD vaddr=0x0000000000405000 memsz=0x840 filesz=0x840 flags=R-- U -> pages [0x0000000000405000..0x0000000000406000)
[6090 ms] [elf] phdr[2] LOAD vaddr=0x0000000000406000 memsz=0x208 filesz=0x94 flags=RW- U -> pages [0x0000000000406000..0x0000000000407000)
[6090 ms] [elf] load OK (user): type=ET_EXEC, 3 segment(s), base=0x0000000000000000, entry=0x0000000000400000, phdr=0x0000000000000000 (3 entries)
[6090 ms] [proc] created pid=1 ppid=0 'p_wc-boot' entry=0x0000000000400000 rsp=0x00007fffffffff20 cr3=0x160000 kstack=0xffffd0000001bf80 argc=2 envc=1 cwd='/'
      12      32     297 /etc/motd
[_exit] code=0 caller=0x00000000004011f4
[6100 ms] [sys_exit] user requested exit, code=0 (0x0)
[6100 ms] [proc] pid=1 'p_wc-boot' exit code=0 (0x0) cpu=0 ms syscalls=29
[6110 ms] [proc] reaped pid=1, slot recycled
[6110 ms] [boot] M25E: /bin/p_wc (pid=1) exit=0 (PASS)
[6110 ms] [elf] phdr[0] LOAD vaddr=0x0000000000400000 memsz=0x46ba filesz=0x46ba flags=R-X U -> pages [0x0000000000400000..0x0000000000405000)
[6120 ms] [elf] phdr[1] LOAD vaddr=0x0000000000405000 memsz=0x840 filesz=0x840 flags=R-- U -> pages [0x0000000000405000..0x0000000000406000)
[6120 ms] [elf] phdr[2] LOAD vaddr=0x0000000000406000 memsz=0x208 filesz=0x9c flags=RW- U -> pages [0x0000000000406000..0x0000000000407000)
[6120 ms] [elf] load OK (user): type=ET_EXEC, 3 segment(s), base=0x0000000000000000, entry=0x0000000000400000, phdr=0x0000000000000000 (3 entries)
[6130 ms] [proc] created pid=1 ppid=0 'p_head-boot' entry=0x0000000000400000 rsp=0x00007fffffffff10 cr3=0x160000 kstack=0xffffd0000001bf80 argc=4 envc=1 cwd='/'
==============================================
  Welcome to tobyOS -- milestone 4
[_exit] code=0 caller=0x0000000000400de4
[6140 ms] [sys_exit] user requested exit, code=0 (0x0)
[6140 ms] [proc] pid=1 'p_head-boot' exit code=0 (0x0) cpu=0 ms syscalls=7
[6140 ms] [proc] reaped pid=1, slot recycled
[6140 ms] [boot] M25E: /bin/p_head (pid=1) exit=0 (PASS)
[6150 ms] [elf] phdr[0] LOAD vaddr=0x0000000000400000 memsz=0x4d5a filesz=0x4d5a flags=R-X U -> pages [0x0000000000400000..0x0000000000405000)
[6150 ms] [elf] phdr[1] LOAD vaddr=0x0000000000405000 memsz=0x850 filesz=0x850 flags=R-- U -> pages [0x0000000000405000..0x0000000000406000)
[6150 ms] [elf] phdr[2] LOAD vaddr=0x0000000000406000 memsz=0x208 filesz=0x94 flags=RW- U -> pages [0x0000000000406000..0x0000000000407000)
[6160 ms] [elf] load OK (user): type=ET_EXEC, 3 segment(s), base=0x0000000000000000, entry=0x0000000000400000, phdr=0x0000000000000000 (3 entries)
[6160 ms] [proc] created pid=1 ppid=0 'p_ls-boot' entry=0x0000000000400000 rsp=0x00007fffffffff20 cr3=0x160000 kstack=0xffffd0000001bf80 argc=2 envc=1 cwd='/'
abi_test
audiotest
bad
batterytest
c_alloctest
c_args
c_dynhello
c_envtest
c_filedemo
c_hello
cat
compattest
crashinfo
devlist
displayinfo
drawtest
drvmatch
drvtest
echo
fonttest
fscheck
gui_about
gui_clock
gui_demo
gui_files
gui_settings
gui_term
gui_viewer
gui_widgets
hello
hwcompat
hwinfo
hwreport
login
logview
long_task
netecho
p_cat
p_echo
p_grep
p_head
p_ls
p_wc
rendertest
safesh
selfhosttest
services
stabilitytest
svc_crasher
tobybuild
tobycc
usbtest
wdogtest
[_exit] code=0 caller=0x0000000000401194
[6300 ms] [sys_exit] user requested exit, code=0 (0x0)
[6300 ms] [proc] pid=1 'p_ls-boot' exit code=0 (0x0) cpu=0 ms syscalls=169
[6300 ms] [proc] reaped pid=1, slot recycled
[6300 ms] [boot] M25E: /bin/p_ls (pid=1) exit=0 (PASS)
[6310 ms] [elf] phdr[0] LOAD vaddr=0x0000000000400000 memsz=0x480a filesz=0x480a flags=R-X U -> pages [0x0000000000400000..0x0000000000405000)
[6310 ms] [elf] phdr[1] LOAD vaddr=0x0000000000405000 memsz=0x8e0 filesz=0x8e0 flags=R-- U -> pages [0x0000000000405000..0x0000000000406000)
[6320 ms] [elf] phdr[2] LOAD vaddr=0x0000000000406000 memsz=0x228 filesz=0x94 flags=RW- U -> pages [0x0000000000406000..0x0000000000407000)
[6320 ms] [elf] load OK (user): type=ET_EXEC, 3 segment(s), base=0x0000000000000000, entry=0x0000000000400000, phdr=0x0000000000000000 (3 entries)
[6320 ms] [proc] created pid=1 ppid=0 'p_grep-boot' entry=0x0000000000400000 rsp=0x00007fffffffff10 cr3=0x160000 kstack=0xffffd0000001bf80 argc=3 envc=1 cwd='/'
  Welcome to tobyOS -- milestone 4
[_exit] code=0 caller=0x0000000000400f34
[6330 ms] [sys_exit] user requested exit, code=0 (0x0)
[6330 ms] [proc] pid=1 'p_grep-boot' exit code=0 (0x0) cpu=0 ms syscalls=305
[6330 ms] [proc] reaped pid=1, slot recycled
[6340 ms] [boot] M25E: /bin/p_grep (pid=1) exit=0 (PASS)
[6340 ms] [boot] M25E: ports 6/6 PASS
[6340 ms] [boot] BSP LAPIC timer @ 100 Hz live (vec=0x40)
[6340 ms] [smp] 1 CPU(s) total: BSP apic_id=0
[6350 ms] [smp]   cpu0: apic_id=0 (BSP)
[6350 ms] CPU 0 online
[6350 ms]   apic_id=0 (BSP)  stack=bootloader-provided
[6350 ms] [smp] uniprocessor -- nothing to wake
[6360 ms] [boot] before net_init
[6360 ms] [net] nic=e1000:00:03.0 mac=52:54:00:12:34:56 -- starting up
[6360 ms] [dhcp] DISCOVER xid=0x3ede2e92
[6370 ms] [e1000] RX DHCP frame len=590 udp 67 -> 68 dst=ff:ff:ff:ff:ff:ff
[6370 ms] [dhcp] OFFER  yiaddr=10.0.2.15 server=10.0.2.2
[6380 ms] [dhcp] REQUEST requested=10.0.2.15
[6380 ms] [e1000] RX DHCP frame len=590 udp 67 -> 68 dst=ff:ff:ff:ff:ff:ff
[6380 ms] [dhcp] ACK    bound: ip=10.0.2.15 mask=255.255.255.0 gw=10.0.2.2 dns=10.0.2.3 lease=86400s (server=10.0.2.2)
[6400 ms] [net] DHCP lease applied: ip=10.0.2.15 mask=255.255.255.0 gw=10.0.2.2 dns=10.0.2.3
[6400 ms] [net] up: nic=e1000:00:03.0 ip=10.0.2.15 gw=10.0.2.2 mac=52:54:00:12:34:56
[6410 ms] [net] gateway 10.0.2.2 -> 52:55:0a:00:02:02 (cached)
[6410 ms] [net] dns     10.0.2.3 -> 52:55:0a:00:02:03 (cached)
[6420 ms] [tcp] LISTEN tcp[0] lp=1234 backlog=4
[6420 ms] [tcp-echo] listening on TCP port 1234
[6430 ms] [tcp] LISTEN tcp[1] lp=7777 backlog=4
[6430 ms] [tcp-shell] listening on TCP port 7777
[6430 ms] [boot] after net_init ok=1 net_up=1
[6430 ms] [boot] net_init OK; starting TCP services
[6440 ms] [rng] CSPRNG ready (rdrand=0 words=0)
[6440 ms] [ssh-crypto] refusing to generate persistent host key: no hardware RNG seed available
[6440 ms] [ssh] host key unavailable; TCP/22 not started
[6440 ms] [boot] FAST_BOOT: skipping dns/tcp/http example.com smoke
[6460 ms] [gfx] back buffer 1280x800 (4000 KiB) ready, fb_pitch=1280 px, backend=limine-fb
[6460 ms] [mouse] PS/2 driver up (IRQ12 routed via IO APIC, sample=200Hz)
[6460 ms] [gui] window manager ready (max 8 windows, 18-px title bar)
[6460 ms] [term] session pool ready (4 sessions, 4096-byte rings)
[6470 ms] Welcome to tobyOS
[6470 ms] milestone 14: services + settings + login. Boot drops into the GUI desktop with /bin/login.
[6470 ms] 
[6470 ms] [settings] /data/settings.conf not found (no such file or directory) -- writing defaults
[6480 ms] [settings] save failed: read-only filesystem
[6480 ms] [settings] cache:
[6480 ms]   desktop.bg=0x00204060
[6480 ms]   desktop.title=tobyOS
[6490 ms]   desktop.greeting=Welcome to tobyOS
[6490 ms]   user.last=toby
[6490 ms]   user.greeting=Hello, friend!
[6490 ms]   session.autostart=
[6500 ms] [users] /data/users not found (no such file or directory) -- writing defaults
[6500 ms] [users] save failed: read-only filesystem
[6500 ms] [users] cache (3 entries):
[6500 ms]   root             uid=0 gid=0
[6510 ms]   toby             uid=1000 gid=1000
[6510 ms]   guest            uid=1001 gid=1001
[6510 ms] [theme] active='cyber' (settings ui.theme='cyber')
[6510 ms] [svc] registered builtin 'notify'
[6520 ms] [6520] INFO  svc      pid=0: registered builtin 'notify'
[6520 ms] [notify] daemon ready (ring depth 32)
[6520 ms] [svc] service manager up (max 8 services)
[6530 ms] [6530] INFO  svc      pid=0: manager up max=8 backoff_base=100ms cap=6400ms disable_at=5
[6530 ms] [svc] registered builtin 'input'
[6530 ms] [6530] INFO  svc      pid=0: registered builtin 'input'
[6540 ms] [svc] registered builtin 'network'
[6540 ms] [6540] INFO  svc      pid=0: registered builtin 'network'
[6540 ms] [svc] registered builtin 'desktop'
[6550 ms] [6550] INFO  svc      pid=0: registered builtin 'desktop'
[6550 ms] [svc] registered builtin 'session'
[6550 ms] [6550] INFO  svc      pid=0: registered builtin 'session'
[6550 ms] [trace] level 0 -> 1
[6560 ms] [gui] auto-enabled trace (level=1) for desktop session
[6560 ms] [trace t=656 pid=0] [6560 ms] gui_set_desktop_mode: off -> on[6560 ms] 
[6560 ms] [gui] entering graphical mode
[6560 ms] [session] init: last user='toby' (will be pre-filled at login)
[6560 ms] [svc] registered program 'login' -> /bin/login (autorestart=1)
[6560 ms] [6560] INFO  svc      pid=0: registered program 'login' path='/bin/login' autorestart=1
[6560 ms] [trace t=656 pid=0] [6560 ms] launch_enqueue '/bin/login' sandbox='' caps='' (head=1 tail=0)[6560 ms] 
[6570 ms] [svc] 'login' enqueued (restart #1, crashes=0)
[6570 ms] [6570] INFO  svc      pid=0: 'login' enqueued restart=1 crashes=0
[6570 ms] [svc] 5 services registered
[6570 ms]   name         kind    state    auto pid rcnt  ccnt  ccon  path
[6570 ms]   input        builtin running  0    0   0     0     0     (builtin)
[6570 ms]   network      builtin running  0    0   0     0     0     (builtin)
[6570 ms]   desktop      builtin running  0    0   0     0     0     (builtin)
[6570 ms]   session      builtin running  0    0   0     0     0     (builtin)
[6570 ms]   login        program running  1    0   1     0     0     /bin/login
[6570 ms] [notify #1 urg=0 kind=1] kernel: Desktop ready -- Welcome to tobyOS. Click [Apps] to launch a program, or click the bell to open the notification
[6570 ms] [notify #2 urg=0 kind=1] session: Login service started -- /bin/login is running. Type 'root' to log in.
[6570 ms] [boot] first gui_tick after desktop init
[6570 ms] [trace t=657 pid=0] [6570 ms] drain_launch_queue: spawning '/bin/login' sandbox='default' caps=''[6570 ms] 
[6570 ms] [elf] phdr[0] LOAD vaddr=0x0000000000400000 memsz=0xe11 filesz=0xe11 flags=R-X U -> pages [0x0000000000400000..0x0000000000401000)
[6570 ms] [elf] phdr[1] LOAD vaddr=0x0000000000401000 memsz=0x194 filesz=0x194 flags=R-- U -> pages [0x0000000000401000..0x0000000000402000)
[6570 ms] [elf] phdr[2] LOAD vaddr=0x0000000000402000 memsz=0x30 filesz=0x18 flags=RW- U -> pages [0x0000000000402000..0x0000000000403000)
[6570 ms] [elf] load OK (user): type=ET_EXEC, 3 segment(s), base=0x0000000000000000, entry=0x0000000000400000, phdr=0x0000000000000000 (3 entries)
[6570 ms] [proc] created pid=1 ppid=0 'login' entry=0x0000000000400000 rsp=0x00007fffffffff50 cr3=0x54b000 kstack=0xffffd0000001be00 argc=0 envc=0 cwd='/'
[6570 ms] [cap] pid=1 'login' sandbox='default' caps=FILE_READ,FILE_WRITE,EXEC,NET,GUI,TERM,SETTINGS_WRITE root=(none)
[6570 ms] [trace t=657 pid=0] [6570 ms] track_pid pid=1 slot=0[6570 ms] 
[6570 ms] [gui] launched /bin/login as pid 1 (session=0)
[6570 ms] [trace t=657 pid=0] [6570 ms] drain_launch_queue: spawned '/bin/login' as pid=1 session=0[6570 ms] 
[6570 ms] [svc] 'login' pid=1 (backfilled)
[6570 ms] [trace t=657 pid=0] [6570 ms] heartbeat windows=0 apps_alive=1 cursor=(640,400) btn=0x00 dirty=1 menu=0 desktop=1[6570 ms] 
[6570 ms] [trace t=657 pid=0] [6570 ms] toast new id=2 urg=0 app='session' title='Login service started'[6570 ms] 
[6580 ms] [trace t=658 pid=1] [6580 ms] window_create wid=1 owner_pid=1 size=380x220 pos=(60,40) title='tobyOS login'[6580 ms] 
[6590 ms] [sec] M34 crypto self-test PASS (SHA-256, HMAC-SHA-256, hex/ct)
[6590 ms] [ssh-crypto] Monocypher self-test PASS (X25519, Ed25519, XChaCha20-Poly1305)
[6590 ms] [sec] trust store loaded: 1 key(s) from /system/keys/trust.db
[6590 ms] [sysprot] init: 5 protected prefix(es)
[6590 ms] [sysprot]   /system          system
[6590 ms] [sysprot]   /system/keys     trust-store
[6590 ms] [sysprot]   /boot            boot
[6590 ms] [sysprot]   /data/packages   package-db
[6590 ms] [sysprot]   /data/users      user-db
[6590 ms] [pkg] mkdir('/data/apps') failed: read-only filesystem
[6600 ms] [pkg] mkdir('/data/packages') failed: read-only filesystem
[6600 ms] [pkg] mkdir('/data/repo') failed: read-only filesystem
[6600 ms] [pkg] package manager ready (apps=/data/apps db=/data/packages repo=/data/repo,/repo)
[6600 ms] [fw_cfg] QEMU fw_cfg interface present at 0x510/0x511
[6600 ms] [battery] no ACPI battery detected (no fw_cfg mock, no PNP0C0A in AML)
[6600 ms] [display] registered fb0 1280x800 backend=limine-fb
[6600 ms] type 'help' to list commands.
[6600 ms] tobyOS> [6600 ms] [boot] QUICK_BOOT: skipping devtest_boot_run + shell smoketest + M26A/M27A spawns
[6600 ms] [boot] QUICK_BOOT: skipping M28A–M35G boot harness spawns (CI: `make fullboot` / omit -DQUICK_BOOT)
[6600 ms] [bootlog] /data not mounted — skipping boot.log
[6600 ms] [bootlog] no FAT32 USB at /usb — skipping BOOTLOG.TXT
[6600 ms] [bootlog] flush complete (ram cap=262144 overflow=0)
[6600 ms] [bootlog] net upload: sent 50155 bytes to 192.168.68.74:40123/udp
[6600 ms] [bootlog] (deferred) no FAT32 USB at /usb — skipping BOOTLOG.TXT
[6600 ms] [bootlog] deferred USB flush done (ram cap=262144 overflow=0)
[7570 ms] [trace t=757 pid=0] [7570 ms] heartbeat windows=1 apps_alive=1 cursor=(640,400) btn=0x00 dirty=0 menu=0 desktop=1[7570 ms] 
[8570 ms] [trace t=857 pid=0] [8570 ms] heartbeat windows=1 apps_alive=1 cursor=(640,400) btn=0x00 dirty=0 menu=0 desktop=1[8570 ms] 
[9570 ms] [trace t=957 pid=0] [9570 ms] heartbeat windows=1 apps_alive=1 cursor=(640,400) btn=0x00 dirty=0 menu=0 desktop=1[9570 ms] 
