[------] [boot] serial up
[------] [0] INFO  slog    : slog ready (depth=256, persist=/data/system.log)
[------] [0] INFO  boot    : tobyOS boot sequence started
[------] [boot] framebuffer: 1280x800 pitch=5120 bpp=32 addr=0xffff8000fd000000
[------] [boot] console up
[------] [gdt] loaded: base=0xffffffff800e96e0 limit=55 entries=7
[------] [gdt] CS=0x08 DS=0x10 (expected CS=0x08 DS=0x10)
[------] [gdt] user CS=0x23 DS=0x1b  TSS sel=0x28 (TSS slot empty until tss_init)
[------] [idt] loaded: base=0xffffffff800e9730 limit=4095 (256 gates wired)
[------] [boot] firing int3 to exercise IDT round-trip...
[------] [isr] breakpoint hit at rip=0xffffffff8000109f (rflags=0x86)
[------] [boot] int3 returned cleanly, IDT round-trip OK
[------] [0] INFO  wdog    : watchdog ready (timeout=10000 ms)
[0 ms] [pit] channel 0 -> 100 Hz (divisor=11931)
[0 ms] [kbd] PS/2 driver up (IRQ1 enabled + unmasked)
[10 ms] [boot] interrupts enabled (IRQ0 timer + IRQ1 keyboard, via legacy PIC for early boot)
[70 ms] [perf] TSC calibrated: 6597 MHz (329859127 cycles in 50000000 ns)
[70 ms] [boot] HHDM offset = 0xffff800000000000
[70 ms] [pmm] Limine memmap (19 entries):
[70 ms]   0x0000000000001000..0x0000000000061000       384 KiB  bootloader
[70 ms]   0x0000000000061000..0x000000000009f000       248 KiB  usable
[70 ms]   0x000000000009fc00..0x00000000000a0000         1 KiB  reserved
[70 ms]   0x00000000000f0000..0x0000000000100000        64 KiB  reserved
[70 ms]   0x0000000000100000..0x00000000076cc000    120624 KiB  usable
[70 ms]   0x00000000076cc000..0x0000000007acc000      4096 KiB  kernel
[70 ms]   0x0000000007acc000..0x0000000007acd000         4 KiB  bootloader
[70 ms]   0x0000000007acd000..0x0000000007c8f000      1800 KiB  kernel
[70 ms]   0x0000000007c8f000..0x0000000007c90000         4 KiB  bootloader
[70 ms]   0x0000000007c90000..0x0000000007c93000        12 KiB  usable
[70 ms]   0x0000000007c93000..0x0000000007c99000        24 KiB  bootloader
[70 ms]   0x0000000007c99000..0x0000000007e8f000      2008 KiB  kernel
[70 ms]   0x0000000007e8f000..0x0000000007f51000       776 KiB  bootloader
[70 ms]   0x0000000007f51000..0x0000000007f6c000       108 KiB  usable
[70 ms]   0x0000000007f6c000..0x0000000007fe0000       464 KiB  bootloader
[70 ms]   0x0000000007fe0000..0x0000000008000000       128 KiB  reserved
[70 ms]   0x00000000fd000000..0x00000000fd3e8000      4000 KiB  framebuffer
[70 ms]   0x00000000fffc0000..0x0000000100000000       256 KiB  reserved
[70 ms]   0x000000fd00000000..0x0000010000000000  12582912 KiB  reserved
[70 ms] [pmm] managed:  32620 pages (127 MiB) up to 0x0000000007f6c000
[70 ms] [pmm] usable:   120992 KiB across 19 regions
[70 ms] [pmm] bitmap:   4078 bytes at phys 0x0000000000061000 (virt 0xffff800000061000), 1 pages
[70 ms] [pmm] free:     30247 pages (118 MiB) -- used: 2373 pages
[70 ms] [pmm] test: allocated 0x0000000000062000 0x0000000000063000 0x0000000000064000 0x0000000000065000 (free now=30243)
[70 ms] [pmm] test: read-back a=0xdeadbeefcafebabe d=0x1122334455667788
[70 ms] [pmm] test: alloc/free balanced (free=30247 before & after)
[70 ms] [boot] reserved AP trampoline page at phys 0x0000000000070000
[80 ms] [vmm] kernel image: virt 0xffffffff80000000..0xffffffff801f6000 -> phys 0x0000000007c99000 (2008 KiB)
[80 ms] [vmm] hhdm mirror:  132 MiB across memmap, top phys 0x00000000fd400000, 2M pages
[80 ms] [vmm] new PML4 at phys 0x0000000000062000, switching CR3...
[80 ms] [vmm] CR3 switched. Running on tobyOS page tables.
[80 ms] [vmm] test: __text_start 0xffffffff80001000 -> phys 0x0000000007c9a000
[80 ms] [vmm] test: __data_start 0xffffffff800a8000 -> phys 0x0000000007d41000
[80 ms] [vmm] test: HHDM r/w through new PML4 at phys 0x0000000000069000 OK
[80 ms] [vmm] test: new mapping at 0xffffc00000000000 <-> phys 0x0000000000069000 verified
[80 ms] [vmm] test: unmap clears translation, scratch page freed
[80 ms] [vmm] test: ok
[80 ms] [heap] up: initial arena 17 pages (67 KiB)
[80 ms] [heap] start: arenas=1 total=69600 used=0 free=69600  brk=0xffffd00000011000 (region 0xffffd00000000000..0xffffd10000000000)
[80 ms] [heap] after 8 allocs: arenas=2 used=85616 free=65872 allocs=8
[80 ms] [heap] after 8 frees: arenas=2 used=0 free=151488 frees=8
[80 ms] [heap] test: ok (region OK, fragmented 80 KiB alloc OK, round-trip balanced, kcalloc zero-verified)
[80 ms] [heap] brk now 0xffffd00000025000 (148 KiB virt consumed)
[80 ms] [tss] installed: tss=0xffffffff80100500 rsp0=0xffffffff80100500 (irq stack 16 KiB)
[80 ms] [sys] EFER.SCE on, STAR=0x0010000800000000, LSTAR=0xffffffff80084694, FMASK=0x700
[80 ms] [sys] kernel syscall rsp = 0xffffffff80100500
[90 ms] [sys] available syscalls: 0=exit  1=write  2=read  3=pipe  4=close  5=yield
[90 ms] [sys]                     6=socket 7=bind 8=sendto 9=recvfrom
[90 ms] [sys]                     10=gui_create 11=gui_fill 12=gui_text 13=gui_flip 14=gui_poll_event
[90 ms] [sys]                     15=term_open 16=term_write 17=term_read 18=fs_readdir 19=fs_readfile 20=exec
[90 ms] [sys]                     21=setting_get 22=setting_set 23=login 24=logout 25=session_info
[90 ms] [sys]                     26=getuid 27=getgid 28=username 29=chmod 30=chown
[90 ms] [sys]   M25A: 31=getpid 32=getppid 33=spawn 34=waitpid 35=open 36=lseek 37=stat 38=fstat
[90 ms] [sys]         39=dup 40=dup2 41=unlink 42=mkdir 43=brk 44=getcwd 45=chdir 46=getenv
[90 ms] [sys]         47=nanosleep 48=clock_ms 49=abi_version (ABI v1)
[90 ms] [acpi] using RSDT @ 0x0000000007fe2452 (entries=4)
[90 ms] [acpi] MADT: lapic_phys (32-bit field) = 0x00000000fee00000, legacy_pic=yes
[90 ms] [acpi]   CPU0: acpi_id=0 apic_id=0 flags=0x1 enabled 
[90 ms] [acpi]   CPU1: acpi_id=1 apic_id=1 flags=0x1 enabled 
[90 ms] [acpi]   CPU2: acpi_id=2 apic_id=2 flags=0x1 enabled 
[90 ms] [acpi]   CPU3: acpi_id=3 apic_id=3 flags=0x1 enabled 
[90 ms] [acpi]   IOAPIC 0: mmio=0x00000000fec00000 gsi_base=0
[90 ms] [acpi]   ISO: ISA IRQ0 -> GSI 2 (flags=0x0)
[90 ms] [acpi]   ISO: ISA IRQ5 -> GSI 5 (flags=0xd)
[90 ms] [acpi]   ISO: ISA IRQ9 -> GSI 9 (flags=0xd)
[90 ms] [acpi]   ISO: ISA IRQ10 -> GSI 10 (flags=0xd)
[90 ms] [acpi]   ISO: ISA IRQ11 -> GSI 11 (flags=0xd)
[90 ms] [acpi]   LAPIC NMI: acpi_proc=255 lint=1 flags=0x0
[90 ms] [acpi] enumerated 4 CPU(s) (SMP), 1 IO APIC(s), 5 override(s), 1 NMI source(s)
[90 ms] [acpi] FADT: pm1a_cnt=0x604 pm1b_cnt=0x0 smi_cmd=0xb2 acpi_enable=0xf1 sci_int=9
[90 ms] [acpi] FADT: reset_reg not supported (flags=0x80a5)
[90 ms] [acpi] DSDT _S5_: SLP_TYPa=0 SLP_TYPb=0 (DSDT 8878 bytes)
[90 ms] [acpi] AML inventory: dsdt=8842 bytes, 0 SSDT(s)
[90 ms] [apic] BSP local APIC: phys=0x00000000fee00000 virt=0xffffd20000000000 id=0 ver=0x14
[90 ms] [apic] SVR=0x1ff  spurious_vec=0xff  timer_vec=0x40 (masked)
[110 ms] [apic] timer calibrated: ~15391300 ticks/10ms (~1539130 kHz, ~1539130000 Hz/sec)
[110 ms] [ioapic] chip 0: phys=0x00000000fec00000 virt=0xffffd20000010000 gsi=[0..23] ver=0x20 entries=24
[110 ms] [irq]   re-route ISA IRQ 0 -> GSI 2 vec=0x20 edge/ahigh
[110 ms] [irq]   re-route ISA IRQ 1 (identity, edge/ahigh) -> vec=0x21
[110 ms] [irq] facade: switched to IO APIC mode (2 IRQs re-routed)
[110 ms] [pci] enumerating bus 0...
[110 ms] [pci] 7 device(s):
[110 ms] [pci] 00:00.0  8086:1237  bridge.host       [110 ms] 
[110 ms] [pci] 00:01.0  8086:7000  bridge.isa        [110 ms] 
[110 ms] [pci] 00:01.1  8086:7010  storage.ide       [110 ms]   BAR4 io 16[110 ms] 
[120 ms] [pci] 00:01.3  8086:7113  bridge            [120 ms]   IRQ 9[120 ms] 
[120 ms] [pci] 00:02.0  1234:1111  display.vga       [120 ms]   BAR0 mem 16384K[120 ms]   BAR2 mem 4K[120 ms] 
[120 ms] [pci] 00:03.0  1af4:1044  device            [130 ms]   IRQ 11[130 ms]   BAR1 mem 4K[130 ms]   BAR4 mem 16K[130 ms] 
[130 ms] [pci] 00:04.0  8086:100e  network.ethernet  [130 ms]   IRQ 11[130 ms]   BAR0 mem 128K[130 ms]   BAR1 io 64[130 ms] 
[130 ms] [ata] primary master: 32768 sectors (16384 KiB) -- PIO LBA28 (PCI 00:01.1)
[150 ms] [blk] registered 'ide0:master' [disk] (32768 sectors, 16384 KiB)
[150 ms] [pci] driver blk_ata  bound to 00:01.1  (8086:7010) strat=generic
[150 ms] [virtio-rng] probing 00:03.0 (vid:did 1af4:1044)
[170 ms] [rng] CSPRNG ready (rdrand=0 words=0)
[170 ms] [rng] mixed 64 bytes from virtio-rng; hardware_seeded=1
[180 ms] [virtio-rng] mixed initial entropy
[180 ms] [pci] driver virtio-rng bound to 00:03.0  (1af4:1044) strat=exact
[190 ms] [e1000] probing 00:04.0  (vid:did 8086:100e)
[200 ms] [e1000] MMIO BAR0 phys=0x00000000febc0000 virt=0xffff8000febc0000 (128 KiB UC)
[200 ms] [e1000] MAC 52:54:00:12:34:56
[210 ms] [e1000] RX live RDBAL=0x0009c000 RDLEN=512 RDT=31 RCTL=0x0400800a
[210 ms] [e1000] no MSI cap -- staying polled (vec 0x50 is now idle)
[210 ms] [net] +nic e1000:00:04.0 mac=52:54:00:12:34:56 (slot 0)
[220 ms] [pci] driver e1000    bound to 00:04.0  (8086:100e) strat=exact
[220 ms] [pci] bind complete -- 3 of 7 device(s) bound  (3 newly this pass)
[230 ms] [blk] 1 device(s) registered:
[230 ms]   [0] ide0:master          disk    32768 sectors ( 16384 KiB)
[240 ms] [net] 1 nic(s) registered:
[240 ms]   [0] e1000:00:04.0 mac=52:54:00:12:34:56
[240 ms] [boot] Limine modules (2):
[250 ms]   [0] /boot/initrd.tar  size=1843200  addr=0xffff800007acd000
[250 ms]   [1] /boot/install.img  size=4194304  addr=0xffff8000076cc000
[250 ms] [initrd] using '/boot/initrd.tar' (size=1843200, addr=0xffff800007acd000)
[260 ms] [ramfs] mounted: 77 entries from 1843200-byte tar at 0xffff800007acd000
[260 ms]   - bin/hello                         8848 B  data@0xffff800007acd200
[260 ms]   - bin/bad                           8800 B  data@0xffff800007acf800
[270 ms]   - bin/echo                          13032 B  data@0xffff800007ad1e00
[270 ms]   - bin/cat                           8864 B  data@0xffff800007ad5400
[270 ms]   - bin/long_task                     8864 B  data@0xffff800007ad7a00
[280 ms]   - bin/netecho                       17232 B  data@0xffff800007ada000
[280 ms]   - bin/gui_demo                      13080 B  data@0xffff800007ade600
[280 ms]   - bin/gui_clock                     13032 B  data@0xffff800007ae1c00
[290 ms]   - bin/gui_widgets                   13672 B  data@0xffff800007ae5200
[290 ms]   - bin/gui_about                     13632 B  data@0xffff800007ae8a00
[290 ms]   - bin/gui_term                      13232 B  data@0xffff800007aec200
[300 ms]   - bin/gui_files                     13624 B  data@0xffff800007aef800
[300 ms]   - bin/gui_viewer                    13304 B  data@0xffff800007af3000
[300 ms]   - bin/login                         13664 B  data@0xffff800007af6600
[300 ms]   - bin/gui_settings                  13760 B  data@0xffff800007af9e00
[310 ms]   - bin/abi_test                      13064 B  data@0xffff800007afd600
[310 ms]   - bin/c_hello                       29648 B  data@0xffff800007b00c00
[310 ms]   - bin/c_args                        29648 B  data@0xffff800007b08200
[320 ms]   - bin/c_filedemo                    33744 B  data@0xffff800007b0f800
[320 ms]   - bin/c_alloctest                   33744 B  data@0xffff800007b17e00
[320 ms]   - bin/c_envtest                     34104 B  data@0xffff800007b20400
[320 ms]   - bin/c_dynhello                    3328 B  data@0xffff800007b28c00
[330 ms]   - bin/devlist                       34328 B  data@0xffff800007b29c00
[330 ms]   - bin/drvtest                       34328 B  data@0xffff800007b32600
[330 ms]   - bin/usbtest                       38808 B  data@0xffff800007b3b000
[340 ms]   - bin/audiotest                     34328 B  data@0xffff800007b44a00
[340 ms]   - bin/batterytest                   34328 B  data@0xffff800007b4d400
[340 ms]   - bin/displayinfo                   34328 B  data@0xffff800007b55e00
[350 ms]   - bin/drawtest                      34472 B  data@0xffff800007b5e800
[350 ms]   - bin/rendertest                    42984 B  data@0xffff800007b67200
[350 ms]   - bin/fonttest                      33808 B  data@0xffff800007b71c00
[360 ms]   - bin/logview                       34168 B  data@0xffff800007b7a400
[360 ms]   - bin/crashinfo                     33776 B  data@0xffff800007b82c00
[360 ms]   - bin/wdogtest                      33864 B  data@0xffff800007b8b200
[370 ms]   - bin/safesh                        34256 B  data@0xffff800007b93a00
[370 ms]   - bin/fscheck                       33864 B  data@0xffff800007b9c200
[370 ms]   - bin/services                      33936 B  data@0xffff800007ba4a00
[370 ms]   - bin/svc_crasher                   29648 B  data@0xffff800007bad200
[380 ms]   - bin/stabilitytest                 33992 B  data@0xffff800007bb4800
[380 ms]   - bin/hwinfo                        34320 B  data@0xffff800007bbd000
[380 ms]   - bin/drvmatch                      43168 B  data@0xffff800007bc5a00
[380 ms]   - bin/hwcompat                      34360 B  data@0xffff800007bd0600
[390 ms]   - bin/hwreport                      38520 B  data@0xffff800007bd9000
[390 ms]   - bin/compattest                    51912 B  data@0xffff800007be2a00
[390 ms]   - bin/tobycc                        33888 B  data@0xffff800007bef800
[390 ms]   - bin/tobybuild                     34008 B  data@0xffff800007bf8000
[400 ms]   - bin/selfhosttest                  34008 B  data@0xffff800007c00800
[400 ms]   - bin/p_echo                        34112 B  data@0xffff800007c09000
[400 ms]   - bin/p_cat                         34112 B  data@0xffff800007c11800
[410 ms]   - bin/p_wc                          34472 B  data@0xffff800007c1a000
[410 ms]   - bin/p_head                        34456 B  data@0xffff800007c22a00
[410 ms]   - bin/p_ls                          34704 B  data@0xffff800007c2b400
[410 ms]   - bin/p_grep                        34600 B  data@0xffff800007c33e00
[420 ms]   - lib/ld-toby.so                    5672 B  data@0xffff800007c3c800
[420 ms]   - lib/libtoby.so                    47752 B  data@0xffff800007c3e200
[420 ms]   - repo/helloapp.tpkg                14262 B  data@0xffff800007c4a000
[420 ms]   - repo/helloapp_v2.tpkg             14319 B  data@0xffff800007c4da00
[430 ms]   - repo/helloapp_corrupt.tpkg        14261 B  data@0xffff800007c51400
[430 ms]   - repo/helloapp_badhash.tpkg        14262 B  data@0xffff800007c54e00
[430 ms]   - repo/helloapp_nohash.tpkg         14005 B  data@0xffff800007c58800
[430 ms]   - repo/helloapp_badfhash.tpkg       14263 B  data@0xffff800007c5c200
[440 ms]   - repo/helloapp_v2_corrupt.tpkg     14318 B  data@0xffff800007c5fc00
[440 ms]   - repo/helloapp_signed.tpkg         14339 B  data@0xffff800007c63600
[440 ms]   - repo/helloapp_signed_unknown.tpkg  14336 B  data@0xffff800007c67200
[450 ms]   - repo/helloapp_signed_tampered.tpkg  14084 B  data@0xffff800007c6ac00
[450 ms]   - repo/helloapp_caps_ro.tpkg        14271 B  data@0xffff800007c6e600
[450 ms]   - system/keys/trust.db              196 B  data@0xffff800007c72000
[450 ms]   - repo/hello_cli.tpkg               29863 B  data@0xffff800007c72400
[460 ms]   - repo/hello_gui.tpkg               34662 B  data@0xffff800007c79c00
[460 ms]   - repo/notes_app.tpkg               39611 B  data@0xffff800007c82600
[460 ms]   - etc/motd                          297 B  data@0xffff800007c8c400
[460 ms]   - etc/drvmatch.conf                 1306 B  data@0xffff800007c8c800
[470 ms]   - etc/drvmatch.conf.test            456 B  data@0xffff800007c8d000
[470 ms]   - m36/m36_part2.c                   222 B  data@0xffff800007c8d400
[470 ms]   - m36/m36_sample.c                  100 B  data@0xffff800007c8d800
[470 ms]   - m36/Tobyfile                      152 B  data@0xffff800007c8dc00
[480 ms]   - readme.txt                        922 B  data@0xffff800007c8e000
[480 ms] [safe] no safemode flag -- normal boot
[480 ms] [480] INFO  safe    : boot mode = normal (level=0)
[490 ms] [safe] policy: mode=normal level=0 boot_mode=0
[490 ms] [safe] policy: usb_full=keep usb_extra=keep net=keep audio=keep gui=keep services=keep virtio_gpu=keep
[490 ms] [490] INFO  hw      : hwinfo: cpu='QEMU Virtual CPU version 2.5+' family=15 model=107 step=1 feat=0xf6000271
[490 ms] [drvmatch] init: total=7 bound=3 unbound=4 forced_off=0
[500 ms] [500] INFO  hw      : drvmatch init: total=7 bound=3 unbound=4 forced=0
[500 ms] [drvconf] loaded /etc/drvmatch.conf: blacklist=0 force=0 errors=0
[500 ms] [500] INFO  hw      : drvconf load: blacklist=0 force=0 errors=0
[510 ms] [drvconf] === active overrides ===
[510 ms] [drvconf] (none)
[560 ms] [tobyfs] mount of '/data' clean: inodes=20/256 blocks=39/1013
[560 ms] [560] INFO  fs      : mount /data clean (i=20/256 b=39/1013)
[560 ms] [tobyfs] mounted '/data' on ide0:master: 20/255 inodes, 39/1013 data blocks (3896 KiB free)
[560 ms] [boot] mounted /data on whole disk 'ide0:master' (legacy LBA-0 layout)
[570 ms] [boot] no FAT32 partition discovered -- /fat unmounted
[570 ms] [boot] no FAT32-on-USB discovered -- /usb unmounted
[570 ms] [boot] no ext4 partition discovered -- /ext unmounted
[570 ms] [installer] live install image registered: 4194304 bytes @ 0xffff8000076cc000
[580 ms] [vfs] mount table (2 entries):
[580 ms]   /            -> ops=0xffffffff800a2000 mnt=0xffffffff80115010
[580 ms]   /data        -> ops=0xffffffff800a25b0 mnt=0xffffd00000013e00
[590 ms] [proc] table initialised (16 slots), pid 0 = 'kernel_main' RUNNING
[590 ms] [sched] per-CPU round-robin scheduler ready (BSP cur=pid 0)
[590 ms] [signal] subsystem up (SIGINT=2, SIGTERM=15)
[600 ms] [boot] spawning first userspace process from /bin/hello...
[600 ms] [elf] phdr[0] LOAD vaddr=0x0000000000400000 memsz=0x34 filesz=0x34 flags=R-X U -> pages [0x0000000000400000..0x0000000000401000)
[600 ms] [elf] phdr[1] LOAD vaddr=0x0000000000401000 memsz=0x45 filesz=0x45 flags=R-- U -> pages [0x0000000000401000..0x0000000000402000)
[600 ms] [elf] load OK (user): type=ET_EXEC, 2 segment(s), base=0x0000000000000000, entry=0x0000000000400000, phdr=0x0000000000000000 (2 entries)
[610 ms] [proc] created pid=1 ppid=0 'hello-boot' entry=0x0000000000400000 rsp=0x00007fffffffff50 cr3=0x13f000 kstack=0xffffd0000001e020 argc=0 envc=0 cwd='/'
hello from user mode
user_hello: about to SYS_EXIT(0x55)
[620 ms] [sys_exit] user requested exit, code=85 (0x55)
[620 ms] [proc] pid=1 'hello-boot' exit code=85 (0x55) cpu=0 ms syscalls=3
[620 ms] [proc] reaped pid=1, slot recycled
[630 ms] [boot] /bin/hello (pid=1) finished, exit code=85 (0x55)
[630 ms] [elf] phdr[0] LOAD vaddr=0x0000000000400000 memsz=0xd22 filesz=0xd22 flags=R-X U -> pages [0x0000000000400000..0x0000000000401000)
[630 ms] [elf] phdr[1] LOAD vaddr=0x0000000000401000 memsz=0x374 filesz=0x374 flags=R-- U -> pages [0x0000000000401000..0x0000000000402000)
[640 ms] [elf] phdr[2] LOAD vaddr=0x0000000000402000 memsz=0x18 filesz=0x18 flags=RW- U -> pages [0x0000000000402000..0x0000000000403000)
[640 ms] [elf] load OK (user): type=ET_EXEC, 3 segment(s), base=0x0000000000000000, entry=0x0000000000400000, phdr=0x0000000000000000 (3 entries)
[640 ms] [proc] created pid=1 ppid=0 'abi-test-boot' entry=0x0000000000400000 rsp=0x00007fffffffff50 cr3=0x13f000 kstack=0xffffd0000001e020 argc=0 envc=0 cwd='/'
[abi-test] starting Milestone 25A ABI surface check
[abi-test] argc = 0
[abi-test] abi_version = 1
[abi-test] pid = 1
[abi-test] ppid = 0
[abi-test] clock_ms_delta = 1
[abi-test] cwd_len = 1
[abi-test] cwd = /
[abi-test] brk_initial = 268435456
[abi-test] brk_after_grow = 268451840
[abi-test] heap pages writable + zero-initialised OK
[abi-test] open_fd = 3
[abi-test] write_bytes = 10
[abi-test] lseek_set = 0
[abi-test] read_bytes = 10
[abi-test] fstat_rc = 0
[abi-test] fstat_size = 10
[abi-test] fstat_mode = 33188
[abi-test] stat_rc = 0
[abi-test] stat_size = 10
[abi-test] dup_fd = 4
[abi-test] dup2_fd = 9
[abi-test] unlink_rc = 0
[abi-test] chdir_rc = 0
[abi-test] new cwd = /data/abi_test_dir
[abi-test] getenv_PATH_rc = 0
[abi-test] ALL OK
[900 ms] [sys_exit] user requested exit, code=0 (0x0)
[900 ms] [proc] pid=1 'abi-test-boot' exit code=0 (0x0) cpu=0 ms syscalls=152
[900 ms] [proc] reaped pid=1, slot recycled
[910 ms] [boot] M25A: /bin/abi_test (pid=1) finished, exit code=0 (PASS)
[910 ms] [elf] phdr[0] LOAD vaddr=0x0000000000400000 memsz=0x3ed6 filesz=0x3ed6 flags=R-X U -> pages [0x0000000000400000..0x0000000000404000)
[910 ms] [elf] phdr[1] LOAD vaddr=0x0000000000404000 memsz=0x7d0 filesz=0x7d0 flags=R-- U -> pages [0x0000000000404000..0x0000000000405000)
[920 ms] [elf] phdr[2] LOAD vaddr=0x0000000000405000 memsz=0x1cc filesz=0x80 flags=RW- U -> pages [0x0000000000405000..0x0000000000406000)
[920 ms] [elf] load OK (user): type=ET_EXEC, 3 segment(s), base=0x0000000000000000, entry=0x0000000000400000, phdr=0x0000000000000000 (3 entries)
[920 ms] [proc] created pid=1 ppid=0 'c_hello-boot' entry=0x0000000000400000 rsp=0x00007fffffffff50 cr3=0x13f000 kstack=0xffffd0000001e020 argc=0 envc=0 cwd='/'
[c_hello] hello from libtoby (argc=0)
[c_hello] ALL OK
[_exit] code=0 caller=0x0000000000400124
[930 ms] [sys_exit] user requested exit, code=0 (0x0)
[940 ms] [proc] pid=1 'c_hello-boot' exit code=0 (0x0) cpu=0 ms syscalls=6
[940 ms] [proc] reaped pid=1, slot recycled
[940 ms] [boot] M25B: /bin/c_hello (pid=1) exit=0 (PASS)
[940 ms] [elf] phdr[0] LOAD vaddr=0x0000000000400000 memsz=0x3fe6 filesz=0x3fe6 flags=R-X U -> pages [0x0000000000400000..0x0000000000404000)
[950 ms] [elf] phdr[1] LOAD vaddr=0x0000000000404000 memsz=0x860 filesz=0x860 flags=R-- U -> pages [0x0000000000404000..0x0000000000405000)
[950 ms] [elf] phdr[2] LOAD vaddr=0x0000000000405000 memsz=0x1cc filesz=0x80 flags=RW- U -> pages [0x0000000000405000..0x0000000000406000)
[950 ms] [elf] load OK (user): type=ET_EXEC, 3 segment(s), base=0x0000000000000000, entry=0x0000000000400000, phdr=0x0000000000000000 (3 entries)
[960 ms] [proc] created pid=1 ppid=0 'c_args-boot' entry=0x0000000000400000 rsp=0x00007fffffffff50 cr3=0x13f000 kstack=0xffffd0000001e020 argc=0 envc=0 cwd='/'
[c_args] argc=0
[c_args] envc=0
[c_args] getenv("HOME") = (unset)
[c_args] __toby_argc=0 __toby_argv=0x7fffffffff58 __toby_envp=0x7fffffffff60
[c_args] ALL OK
[_exit] code=0 caller=0x0000000000400234
[980 ms] [sys_exit] user requested exit, code=0 (0x0)
[980 ms] [proc] pid=1 'c_args-boot' exit code=0 (0x0) cpu=0 ms syscalls=21
[980 ms] [proc] reaped pid=1, slot recycled
[990 ms] [boot] M25B: /bin/c_args (pid=1) exit=0 (PASS)
[990 ms] [elf] phdr[0] LOAD vaddr=0x0000000000400000 memsz=0x41a6 filesz=0x41a6 flags=R-X U -> pages [0x0000000000400000..0x0000000000405000)
[1000 ms] [elf] phdr[1] LOAD vaddr=0x0000000000405000 memsz=0xa30 filesz=0xa30 flags=R-- U -> pages [0x0000000000405000..0x0000000000406000)
[1000 ms] [elf] phdr[2] LOAD vaddr=0x0000000000406000 memsz=0x1d8 filesz=0x80 flags=RW- U -> pages [0x0000000000406000..0x0000000000407000)
[1000 ms] [elf] load OK (user): type=ET_EXEC, 3 segment(s), base=0x0000000000000000, entry=0x0000000000400000, phdr=0x0000000000000000 (3 entries)
[1010 ms] [proc] created pid=1 ppid=0 'c_filedemo-boot' entry=0x0000000000400000 rsp=0x00007fffffffff50 cr3=0x13f000 kstack=0xffffd0000001e020 argc=0 envc=0 cwd='/'
[c_filedemo] file size = 45 bytes (expected 45)
[c_filedemo] readback first 45 chars: hello from c_filedemo
second lin...
[c_filedemo] ALL OK
[_exit] code=0 caller=0x0000000000400b64
[1270 ms] [sys_exit] user requested exit, code=0 (0x0)
[1280 ms] [proc] pid=1 'c_filedemo-boot' exit code=0 (0x0) cpu=0 ms syscalls=31
[1280 ms] [proc] reaped pid=1, slot recycled
[1280 ms] [boot] M25B: /bin/c_filedemo (pid=1) exit=0 (PASS)
[1280 ms] [elf] phdr[0] LOAD vaddr=0x0000000000400000 memsz=0x43f6 filesz=0x43f6 flags=R-X U -> pages [0x0000000000400000..0x0000000000405000)
[1290 ms] [elf] phdr[1] LOAD vaddr=0x0000000000405000 memsz=0x910 filesz=0x910 flags=R-- U -> pages [0x0000000000405000..0x0000000000406000)
[1290 ms] [elf] phdr[2] LOAD vaddr=0x0000000000406000 memsz=0x1cc filesz=0x80 flags=RW- U -> pages [0x0000000000406000..0x0000000000407000)
[1300 ms] [elf] load OK (user): type=ET_EXEC, 3 segment(s), base=0x0000000000000000, entry=0x0000000000400000, phdr=0x0000000000000000 (3 entries)
[1300 ms] [proc] created pid=1 ppid=0 'c_alloctest-boot' entry=0x0000000000400000 rsp=0x00007fffffffff50 cr3=0x13f000 kstack=0xffffd0000001e020 argc=0 envc=0 cwd='/'
[c_alloctest] ALL OK
[_exit] code=0 caller=0x0000000000400db4
[1310 ms] [sys_exit] user requested exit, code=0 (0x0)
[1310 ms] [proc] pid=1 'c_alloctest-boot' exit code=0 (0x0) cpu=0 ms syscalls=9
[1320 ms] [proc] reaped pid=1, slot recycled
[1320 ms] [boot] M25B: /bin/c_alloctest (pid=1) exit=0 (PASS)
[1320 ms] [boot] M25B: libtoby demos 4/4 PASS
[1330 ms] [elf] phdr[0] LOAD vaddr=0x0000000000400000 memsz=0x3fe6 filesz=0x3fe6 flags=R-X U -> pages [0x0000000000400000..0x0000000000404000)
[1330 ms] [elf] phdr[1] LOAD vaddr=0x0000000000404000 memsz=0x860 filesz=0x860 flags=R-- U -> pages [0x0000000000404000..0x0000000000405000)
[1340 ms] [elf] phdr[2] LOAD vaddr=0x0000000000405000 memsz=0x1cc filesz=0x80 flags=RW- U -> pages [0x0000000000405000..0x0000000000406000)
[1340 ms] [elf] load OK (user): type=ET_EXEC, 3 segment(s), base=0x0000000000000000, entry=0x0000000000400000, phdr=0x0000000000000000 (3 entries)
[1340 ms] [proc] created pid=1 ppid=0 'c_args-spec' entry=0x0000000000400000 rsp=0x00007ffffffffee0 cr3=0x13f000 kstack=0xffffd0000001e020 argc=4 envc=3 cwd='/'
[c_args] argc=4
[c_args]   argv[0] = "c_args"
[c_args]   argv[1] = "alpha"
[c_args]   argv[2] = "beta"
[c_args]   argv[3] = "gamma"
[c_args] envc=3
[c_args]   envp[0] = "PATH=/bin"
[c_args]   envp[1] = "TEST_PHASE=25C"
[c_args]   envp[2] = "BUILD=ok"
[c_args] getenv("HOME") = (unset)
[c_args] __toby_argc=4 __toby_argv=0x7ffffffffee8 __toby_envp=0x7fffffffff10
[c_args] ALL OK
[_exit] code=0 caller=0x0000000000400234
[1380 ms] [sys_exit] user requested exit, code=0 (0x0)
[1390 ms] [proc] pid=1 'c_args-spec' exit code=0 (0x0) cpu=0 ms syscalls=56
[1390 ms] [proc] reaped pid=1, slot recycled
[1400 ms] [boot] M25C: /bin/c_args (pid=1, argc=4 envc=3) exit=0 (PASS)
[1400 ms] [elf] phdr[0] LOAD vaddr=0x0000000000400000 memsz=0x4ae6 filesz=0x4ae6 flags=R-X U -> pages [0x0000000000400000..0x0000000000405000)
[1410 ms] [elf] phdr[1] LOAD vaddr=0x0000000000405000 memsz=0xde0 filesz=0xde0 flags=R-- U -> pages [0x0000000000405000..0x0000000000406000)
[1410 ms] [elf] phdr[2] LOAD vaddr=0x0000000000406000 memsz=0x1f8 filesz=0xa0 flags=RW- U -> pages [0x0000000000406000..0x0000000000407000)
[1420 ms] [elf] load OK (user): type=ET_EXEC, 3 segment(s), base=0x0000000000000000, entry=0x0000000000400000, phdr=0x0000000000000000 (3 entries)
[1420 ms] [proc] created pid=1 ppid=0 'c_envtest-boot' entry=0x0000000000400000 rsp=0x00007fffffffff00 cr3=0x13f000 kstack=0xffffd0000001e020 argc=1 envc=3 cwd='/'
[c_envtest][build] M25C-debug-rev3 alive
[c_envtest] argc=1 argv[0]='c_envtest'
[c_envtest] environ has 3 initial entries
[c_envtest] getenv(PATH) = /bin
[c_envtest][diag] BEFORE system
[c_envtest] system("c_hello") starting...
[1450 ms] [elf] phdr[0] LOAD vaddr=0x0000000000400000 memsz=0x3ed6 filesz=0x3ed6 flags=R-X U -> pages [0x0000000000400000..0x0000000000404000)
[1450 ms] [elf] phdr[1] LOAD vaddr=0x0000000000404000 memsz=0x7d0 filesz=0x7d0 flags=R-- U -> pages [0x0000000000404000..0x0000000000405000)
[1460 ms] [elf] phdr[2] LOAD vaddr=0x0000000000405000 memsz=0x1cc filesz=0x80 flags=RW- U -> pages [0x0000000000405000..0x0000000000406000)
[1460 ms] [elf] load OK (user): type=ET_EXEC, 3 segment(s), base=0x0000000000000000, entry=0x0000000000400000, phdr=0x0000000000000000 (3 entries)
[1460 ms] [proc] created pid=2 ppid=1 'c_hello' entry=0x0000000000400000 rsp=0x00007fffffffff30 cr3=0x156000 kstack=0xffffd00000008030 argc=1 envc=1 cwd='/'
[c_hello] hello from libtoby (argc=1)
[c_hello] ALL OK
[_exit] code=0 caller=0x0000000000400124
[1480 ms] [sys_exit] user requested exit, code=0 (0x0)
[1480 ms] [proc] pid=2 'c_hello' exit code=0 (0x0) cpu=0 ms syscalls=6
[1480 ms] [proc] reaped pid=2, slot recycled
[c_envtest][diag] AFTER system, sr=0
[c_envtest] system("c_hello") raw status=0x0
[c_envtest][diag] AFTER printf raw status
[c_envtest][diag] AFTER system EXPECTs
[c_envtest] recursive execvp test starting...
[1500 ms] [elf] phdr[0] LOAD vaddr=0x0000000000400000 memsz=0x4ae6 filesz=0x4ae6 flags=R-X U -> pages [0x0000000000400000..0x0000000000405000)
[1510 ms] [elf] phdr[1] LOAD vaddr=0x0000000000405000 memsz=0xde0 filesz=0xde0 flags=R-- U -> pages [0x0000000000405000..0x0000000000406000)
[1510 ms] [elf] phdr[2] LOAD vaddr=0x0000000000406000 memsz=0x1f8 filesz=0xa0 flags=RW- U -> pages [0x0000000000406000..0x0000000000407000)
[1520 ms] [elf] load OK (user): type=ET_EXEC, 3 segment(s), base=0x0000000000000000, entry=0x0000000000400000, phdr=0x0000000000000000 (3 entries)
[1520 ms] [proc] created pid=2 ppid=1 'c_envtest' entry=0x0000000000400000 rsp=0x00007fffffffff00 cr3=0x156000 kstack=0xffffd00000008030 argc=3 envc=1 cwd='/'
[c_envtest][build] M25C-debug-rev3 alive
[c_envtest] (child) execvp -> 'c_hello'
[1530 ms] [elf] phdr[0] LOAD vaddr=0x0000000000400000 memsz=0x3ed6 filesz=0x3ed6 flags=R-X U -> pages [0x0000000000400000..0x0000000000404000)
[1540 ms] [elf] phdr[1] LOAD vaddr=0x0000000000404000 memsz=0x7d0 filesz=0x7d0 flags=R-- U -> pages [0x0000000000404000..0x0000000000405000)
[1540 ms] [elf] phdr[2] LOAD vaddr=0x0000000000405000 memsz=0x1cc filesz=0x80 flags=RW- U -> pages [0x0000000000405000..0x0000000000406000)
[1540 ms] [elf] load OK (user): type=ET_EXEC, 3 segment(s), base=0x0000000000000000, entry=0x0000000000400000, phdr=0x0000000000000000 (3 entries)
[1550 ms] [proc] created pid=3 ppid=2 'c_hello' entry=0x0000000000400000 rsp=0x00007fffffffff30 cr3=0x168000 kstack=0xffffd00000010040 argc=1 envc=1 cwd='/'
[c_hello] hello from libtoby (argc=1)
[c_hello] ALL OK
[_exit] code=0 caller=0x0000000000400124
[1560 ms] [sys_exit] user requested exit, code=0 (0x0)
[1560 ms] [proc] pid=3 'c_hello' exit code=0 (0x0) cpu=0 ms syscalls=6
[1570 ms] [proc] reaped pid=3, slot recycled
[_exit] code=0 caller=0x0000000000402e0b
[1570 ms] [sys_exit] user requested exit, code=0 (0x0)
[1580 ms] [proc] pid=2 'c_envtest' exit code=0 (0x0) cpu=27 ms syscalls=9
[1580 ms] [proc] reaped pid=2, slot recycled
[c_envtest] recursive child pid=2 status=0x0
[c_envtest] ALL OK
[_exit] code=0 caller=0x0000000000400f44
[1600 ms] [sys_exit] user requested exit, code=0 (0x0)
[1600 ms] [proc] pid=1 'c_envtest-boot' exit code=0 (0x0) cpu=82 ms syscalls=38
[1600 ms] [proc] reaped pid=1, slot recycled
[1610 ms] [boot] M25C: /bin/c_envtest (pid=1) exit=0 (PASS)
[1610 ms] [elf] phdr[2] LOAD vaddr=0x0000000000500000 memsz=0x3a8 filesz=0x3a8 flags=R-- U -> pages [0x0000000000500000..0x0000000000501000)
[1610 ms] [elf] phdr[3] LOAD vaddr=0x00000000005013b0 memsz=0xd0 filesz=0xd0 flags=R-X U -> pages [0x0000000000501000..0x0000000000502000)
[1610 ms] [elf] phdr[4] LOAD vaddr=0x0000000000502480 memsz=0xb80 filesz=0x120 flags=RW- U -> pages [0x0000000000502000..0x0000000000503000)
[1620 ms] [elf] phdr[5] LOAD vaddr=0x00000000005035a0 memsz=0x18 filesz=0x18 flags=RW- U -> pages [0x0000000000503000..0x0000000000504000)
[1620 ms] [elf] load OK (user): type=ET_DYN, 4 segment(s), base=0x0000000000500000, entry=0x00000000005013b0, phdr=0x0000000000500040 (9 entries), PT_INTERP
[1630 ms] [elf] phdr[1] LOAD vaddr=0x0000000040000000 memsz=0x499 filesz=0x499 flags=R-- U -> pages [0x0000000040000000..0x0000000040001000)
[1630 ms] [elf] phdr[2] LOAD vaddr=0x00000000400014a0 memsz=0x9ba filesz=0x9ba flags=R-X U -> pages [0x0000000040001000..0x0000000040002000)
[1630 ms] [elf] phdr[3] LOAD vaddr=0x0000000040002e60 memsz=0x1a0 filesz=0xa0 flags=RW- U -> pages [0x0000000040002000..0x0000000040003000)
[1640 ms] [elf] phdr[4] LOAD vaddr=0x0000000040003f00 memsz=0x390 filesz=0x0 flags=RW- U -> pages [0x0000000040003000..0x0000000040005000)
[1640 ms] [elf] load OK (user): type=ET_DYN, 4 segment(s), base=0x0000000040000000, entry=0x00000000400014a0, phdr=0x0000000040000040 (8 entries)
[1640 ms] [proc] loaded interpreter '/lib/ld-toby.so' base=0x0000000040000000 entry=0x00000000400014a0
[1640 ms] [proc] created pid=1 ppid=0 'c_dynhello-boot' entry=0x00000000400014a0 rsp=0x00007fffffffff30 cr3=0x13f000 kstack=0xffffd0000001e020 argc=1 envc=1 cwd='/'
[1650 ms] [elf] phdr[1] LOAD vaddr=0x0000000060000000 memsz=0x3188 filesz=0x3188 flags=R-- U -> pages [0x0000000060000000..0x0000000060004000)
[1650 ms] [elf] phdr[2] LOAD vaddr=0x0000000060004190 memsz=0x6321 filesz=0x6321 flags=R-X U -> pages [0x0000000060004000..0x000000006000b000)
[1660 ms] [elf] phdr[3] LOAD vaddr=0x000000006000b4c0 memsz=0xb40 filesz=0x278 flags=RW- U -> pages [0x000000006000b000..0x000000006000c000)
[1660 ms] [elf] phdr[4] LOAD vaddr=0x000000006000c738 memsz=0x1f0 filesz=0x7c flags=RW- U -> pages [0x000000006000c000..0x000000006000d000)
[1660 ms] [elf] load OK (user): type=ET_DYN, 4 segment(s), base=0x0000000060000000, entry=0x0000000060000000, phdr=0x0000000060000040 (8 entries)
[c_dynhello] hello from DYNAMIC libtoby (argc=1)
[c_dynhello] ALL OK
[_exit] code=0 caller=0x0000000060004ab4
[1680 ms] [sys_exit] user requested exit, code=0 (0x0)
[1680 ms] [proc] pid=1 'c_dynhello-boot' exit code=0 (0x0) cpu=0 ms syscalls=7
[1680 ms] [proc] reaped pid=1, slot recycled
[1680 ms] [boot] M25D: /bin/c_dynhello (pid=1) exit=0 (PASS)
[1690 ms] [elf] phdr[0] LOAD vaddr=0x0000000000400000 memsz=0x4246 filesz=0x4246 flags=R-X U -> pages [0x0000000000400000..0x0000000000405000)
[1690 ms] [elf] phdr[1] LOAD vaddr=0x0000000000405000 memsz=0x7e0 filesz=0x7e0 flags=R-- U -> pages [0x0000000000405000..0x0000000000406000)
[1700 ms] [elf] phdr[2] LOAD vaddr=0x0000000000406000 memsz=0x1e8 filesz=0x88 flags=RW- U -> pages [0x0000000000406000..0x0000000000407000)
[1700 ms] [elf] load OK (user): type=ET_EXEC, 3 segment(s), base=0x0000000000000000, entry=0x0000000000400000, phdr=0x0000000000000000 (3 entries)
[1710 ms] [proc] created pid=1 ppid=0 'p_echo-boot' entry=0x0000000000400000 rsp=0x00007fffffffff10 cr3=0x13f000 kstack=0xffffd0000001e020 argc=3 envc=1 cwd='/'
hello from-port-echo
[_exit] code=0 caller=0x0000000000400c04
[1710 ms] [sys_exit] user requested exit, code=0 (0x0)
[1720 ms] [proc] pid=1 'p_echo-boot' exit code=0 (0x0) cpu=0 ms syscalls=6
[1720 ms] [proc] reaped pid=1, slot recycled
[1720 ms] [boot] M25E: /bin/p_echo (pid=1) exit=0 (PASS)
[1720 ms] [elf] phdr[0] LOAD vaddr=0x0000000000400000 memsz=0x4276 filesz=0x4276 flags=R-X U -> pages [0x0000000000400000..0x0000000000405000)
[1730 ms] [elf] phdr[1] LOAD vaddr=0x0000000000405000 memsz=0x7d0 filesz=0x7d0 flags=R-- U -> pages [0x0000000000405000..0x0000000000406000)
[1730 ms] [elf] phdr[2] LOAD vaddr=0x0000000000406000 memsz=0x1e8 filesz=0x88 flags=RW- U -> pages [0x0000000000406000..0x0000000000407000)
[1730 ms] [elf] load OK (user): type=ET_EXEC, 3 segment(s), base=0x0000000000000000, entry=0x0000000000400000, phdr=0x0000000000000000 (3 entries)
[1740 ms] [proc] created pid=1 ppid=0 'p_cat-boot' entry=0x0000000000400000 rsp=0x00007fffffffff20 cr3=0x13f000 kstack=0xffffd0000001e020 argc=2 envc=1 cwd='/'
==============================================
  Welcome to tobyOS -- milestone 4
==============================================

The kernel mounted this file from /etc/motd
on a read-only ramfs backed by a USTAR initrd.

Try:
    ls
    ls /bin
    cat /readme.txt
    run /bin/hello
[_exit] code=0 caller=0x0000000000400c34
[1770 ms] [sys_exit] user requested exit, code=0 (0x0)
[1780 ms] [proc] pid=1 'p_cat-boot' exit code=0 (0x0) cpu=0 ms syscalls=7
[1780 ms] [proc] reaped pid=1, slot recycled
[1780 ms] [boot] M25E: /bin/p_cat (pid=1) exit=0 (PASS)
[1790 ms] [elf] phdr[0] LOAD vaddr=0x0000000000400000 memsz=0x4aca filesz=0x4aca flags=R-X U -> pages [0x0000000000400000..0x0000000000405000)
[1790 ms] [elf] phdr[1] LOAD vaddr=0x0000000000405000 memsz=0x840 filesz=0x840 flags=R-- U -> pages [0x0000000000405000..0x0000000000406000)
[1800 ms] [elf] phdr[2] LOAD vaddr=0x0000000000406000 memsz=0x208 filesz=0x94 flags=RW- U -> pages [0x0000000000406000..0x0000000000407000)
[1800 ms] [elf] load OK (user): type=ET_EXEC, 3 segment(s), base=0x0000000000000000, entry=0x0000000000400000, phdr=0x0000000000000000 (3 entries)
[1800 ms] [proc] created pid=1 ppid=0 'p_wc-boot' entry=0x0000000000400000 rsp=0x00007fffffffff20 cr3=0x13f000 kstack=0xffffd0000001e020 argc=2 envc=1 cwd='/'
      12      32     297 /etc/motd
[_exit] code=0 caller=0x00000000004011f4
[1810 ms] [sys_exit] user requested exit, code=0 (0x0)
[1810 ms] [proc] pid=1 'p_wc-boot' exit code=0 (0x0) cpu=0 ms syscalls=29
[1810 ms] [proc] reaped pid=1, slot recycled
[1820 ms] [boot] M25E: /bin/p_wc (pid=1) exit=0 (PASS)
[1820 ms] [elf] phdr[0] LOAD vaddr=0x0000000000400000 memsz=0x46ba filesz=0x46ba flags=R-X U -> pages [0x0000000000400000..0x0000000000405000)
[1830 ms] [elf] phdr[1] LOAD vaddr=0x0000000000405000 memsz=0x840 filesz=0x840 flags=R-- U -> pages [0x0000000000405000..0x0000000000406000)
[1830 ms] [elf] phdr[2] LOAD vaddr=0x0000000000406000 memsz=0x208 filesz=0x9c flags=RW- U -> pages [0x0000000000406000..0x0000000000407000)
[1830 ms] [elf] load OK (user): type=ET_EXEC, 3 segment(s), base=0x0000000000000000, entry=0x0000000000400000, phdr=0x0000000000000000 (3 entries)
[1830 ms] [proc] created pid=1 ppid=0 'p_head-boot' entry=0x0000000000400000 rsp=0x00007fffffffff10 cr3=0x13f000 kstack=0xffffd0000001e020 argc=4 envc=1 cwd='/'
==============================================
  Welcome to tobyOS -- milestone 4
[_exit] code=0 caller=0x0000000000400de4
[1850 ms] [sys_exit] user requested exit, code=0 (0x0)
[1850 ms] [proc] pid=1 'p_head-boot' exit code=0 (0x0) cpu=0 ms syscalls=7
[1850 ms] [proc] reaped pid=1, slot recycled
[1860 ms] [boot] M25E: /bin/p_head (pid=1) exit=0 (PASS)
[1860 ms] [elf] phdr[0] LOAD vaddr=0x0000000000400000 memsz=0x4d5a filesz=0x4d5a flags=R-X U -> pages [0x0000000000400000..0x0000000000405000)
[1860 ms] [elf] phdr[1] LOAD vaddr=0x0000000000405000 memsz=0x850 filesz=0x850 flags=R-- U -> pages [0x0000000000405000..0x0000000000406000)
[1870 ms] [elf] phdr[2] LOAD vaddr=0x0000000000406000 memsz=0x208 filesz=0x94 flags=RW- U -> pages [0x0000000000406000..0x0000000000407000)
[1870 ms] [elf] load OK (user): type=ET_EXEC, 3 segment(s), base=0x0000000000000000, entry=0x0000000000400000, phdr=0x0000000000000000 (3 entries)
[1870 ms] [proc] created pid=1 ppid=0 'p_ls-boot' entry=0x0000000000400000 rsp=0x00007fffffffff20 cr3=0x13f000 kstack=0xffffd0000001e020 argc=2 envc=1 cwd='/'
abi_test
audiotest
bad
batterytest
c_alloctest
c_args
c_dynhello
c_envtest
c_filedemo
c_hello
cat
compattest
crashinfo
devlist
displayinfo
drawtest
drvmatch
drvtest
echo
fonttest
fscheck
gui_about
gui_clock
gui_demo
gui_files
gui_settings
gui_term
gui_viewer
gui_widgets
hello
hwcompat
hwinfo
hwreport
login
logview
long_task
netecho
p_cat
p_echo
p_grep
p_head
p_ls
p_wc
rendertest
safesh
selfhosttest
services
stabilitytest
svc_crasher
tobybuild
tobycc
usbtest
wdogtest
[_exit] code=0 caller=0x0000000000401194
[2010 ms] [sys_exit] user requested exit, code=0 (0x0)
[2010 ms] [proc] pid=1 'p_ls-boot' exit code=0 (0x0) cpu=0 ms syscalls=169
[2020 ms] [proc] reaped pid=1, slot recycled
[2020 ms] [boot] M25E: /bin/p_ls (pid=1) exit=0 (PASS)
[2020 ms] [elf] phdr[0] LOAD vaddr=0x0000000000400000 memsz=0x480a filesz=0x480a flags=R-X U -> pages [0x0000000000400000..0x0000000000405000)
[2030 ms] [elf] phdr[1] LOAD vaddr=0x0000000000405000 memsz=0x8e0 filesz=0x8e0 flags=R-- U -> pages [0x0000000000405000..0x0000000000406000)
[2040 ms] [elf] phdr[2] LOAD vaddr=0x0000000000406000 memsz=0x228 filesz=0x94 flags=RW- U -> pages [0x0000000000406000..0x0000000000407000)
[2040 ms] [elf] load OK (user): type=ET_EXEC, 3 segment(s), base=0x0000000000000000, entry=0x0000000000400000, phdr=0x0000000000000000 (3 entries)
[2040 ms] [proc] created pid=1 ppid=0 'p_grep-boot' entry=0x0000000000400000 rsp=0x00007fffffffff10 cr3=0x13f000 kstack=0xffffd0000001e020 argc=3 envc=1 cwd='/'
  Welcome to tobyOS -- milestone 4
[_exit] code=0 caller=0x0000000000400f34
[2050 ms] [sys_exit] user requested exit, code=0 (0x0)
[2050 ms] [proc] pid=1 'p_grep-boot' exit code=0 (0x0) cpu=0 ms syscalls=305
[2060 ms] [proc] reaped pid=1, slot recycled
[2060 ms] [boot] M25E: /bin/p_grep (pid=1) exit=0 (PASS)
[2060 ms] [boot] M25E: ports 6/6 PASS
[2060 ms] [boot] BSP LAPIC timer @ 100 Hz live (vec=0x40)
[2070 ms] [smp] 4 CPU(s) total: BSP apic_id=0
[2070 ms] [smp]   cpu0: apic_id=0 (BSP)
[2070 ms] [smp]   cpu1: apic_id=1
[2070 ms] [smp]   cpu2: apic_id=2
[2080 ms] [smp]   cpu3: apic_id=3
[2080 ms] CPU 0 online
[2080 ms]   apic_id=0 (BSP)  stack=bootloader-provided
[2080 ms] [smp] trampoline installed: phys=0x0000000000070000 virt=0xffff800000070000 len=1024 bytes
[2090 ms] [smp] cpu1: INIT-SIPI-SIPI to apic_id=1 (tramp_vector=0x70, stack=0xffffd00000019ea0)
[2100 ms] CPU 1 online
[2100 ms]   apic_id=1 (acpi said 1)  stack_top=0xffffd00000019ea0
[2100 ms]   cpu1: LAPIC timer @ 100 Hz live (vec=0x40)
[2110 ms] [smp] cpu2: INIT-SIPI-SIPI to apic_id=2 (tramp_vector=0x70, stack=0xffffd0000001deb0)
[2120 ms] CPU 2 online
[2120 ms]   apic_id=2 (acpi said 2)  stack_top=0xffffd0000001deb0
[2120 ms]   cpu2: LAPIC timer @ 100 Hz live (vec=0x40)
[2130 ms] [smp] cpu3: INIT-SIPI-SIPI to apic_id=3 (tramp_vector=0x70, stack=0xffffd00000022710)
[2140 ms] CPU 3 online
[2140 ms]   apic_id=3 (acpi said 3)  stack_top=0xffffd00000022710
[2140 ms]   cpu3: LAPIC timer @ 100 Hz live (vec=0x40)
[2150 ms] [smp] 3/3 APs online (total 4 CPUs)
[2150 ms] [boot] before net_init
[2150 ms] [net] nic=e1000:00:04.0 mac=52:54:00:12:34:56 -- starting up
[2150 ms] [dhcp] DISCOVER xid=0x15190d0c
[2160 ms] [e1000] RX DHCP frame len=590 udp 67 -> 68 dst=ff:ff:ff:ff:ff:ff
[2160 ms] [dhcp] OFFER  yiaddr=10.0.2.15 server=10.0.2.2
[2170 ms] [dhcp] REQUEST requested=10.0.2.15
[2170 ms] [e1000] RX DHCP frame len=590 udp 67 -> 68 dst=ff:ff:ff:ff:ff:ff
[2170 ms] [dhcp] ACK    bound: ip=10.0.2.15 mask=255.255.255.0 gw=10.0.2.2 dns=10.0.2.3 lease=86400s (server=10.0.2.2)
[2180 ms] [net] DHCP lease applied: ip=10.0.2.15 mask=255.255.255.0 gw=10.0.2.2 dns=10.0.2.3
[2180 ms] [net] up: nic=e1000:00:04.0 ip=10.0.2.15 gw=10.0.2.2 mac=52:54:00:12:34:56
[2190 ms] [net] gateway 10.0.2.2 -> 52:55:0a:00:02:02 (cached)
[2190 ms] [net] dns     10.0.2.3 -> 52:55:0a:00:02:03 (cached)
[2200 ms] [tcp] LISTEN tcp[0] lp=1234 backlog=4
[2200 ms] [tcp-echo] listening on TCP port 1234
[2200 ms] [tcp] LISTEN tcp[1] lp=7777 backlog=4
[2200 ms] [tcp-shell] listening on TCP port 7777
[2210 ms] [boot] after net_init ok=1 net_up=1
[2210 ms] [boot] net_init OK; starting TCP services
[2240 ms] [ssh-crypto] loaded Ed25519 host key from /data/ssh/ssh_host_ed25519_seed
[2250 ms] [tcp] LISTEN tcp[2] lp=22 backlog=2
[2250 ms] [ssh] listening on TCP port 22 (transport scaffold)
[2250 ms] [boot] FAST_BOOT: skipping dns/tcp/http example.com smoke
[2260 ms] [gfx] back buffer 1280x800 (4000 KiB) ready, fb_pitch=1280 px, backend=limine-fb
[2270 ms] [mouse] PS/2 driver up (IRQ12 routed via IO APIC, sample=200Hz)
[2270 ms] [gui] window manager ready (max 8 windows, 18-px title bar)
[2270 ms] [term] session pool ready (4 sessions, 4096-byte rings)
[2270 ms] Welcome to tobyOS
[2280 ms] milestone 14: services + settings + login. Boot drops into the GUI desktop with /bin/login.
[2280 ms] 
[2310 ms] [settings] loading /data/settings.conf (209 bytes)
[2310 ms] [settings] cache:
[2320 ms]   desktop.bg=0x00204060
[2320 ms]   desktop.title=tobyOS
[2320 ms]   desktop.greeting=Welcome to tobyOS
[2320 ms]   user.last=toby
[2330 ms]   user.greeting=Hello, friend!
[2330 ms]   session.autostart=
[2350 ms] [users] loading /data/users (86 bytes)
[2350 ms] [users] cache (3 entries):
[2360 ms]   root             uid=0 gid=0
[2360 ms]   toby             uid=1000 gid=1000
[2360 ms]   guest            uid=1001 gid=1001
[2370 ms] [theme] active='cyber' (settings ui.theme='cyber')
[2370 ms] [svc] registered builtin 'notify'
[2370 ms] [2370] INFO  svc      pid=0: registered builtin 'notify'
[2380 ms] [notify] daemon ready (ring depth 32)
[2380 ms] [svc] service manager up (max 8 services)
[2380 ms] [2380] INFO  svc      pid=0: manager up max=8 backoff_base=100ms cap=6400ms disable_at=5
[2390 ms] [svc] registered builtin 'input'
[2390 ms] [2390] INFO  svc      pid=0: registered builtin 'input'
[2400 ms] [svc] registered builtin 'network'
[2400 ms] [2400] INFO  svc      pid=0: registered builtin 'network'
[2400 ms] [svc] registered builtin 'desktop'
[2410 ms] [2410] INFO  svc      pid=0: registered builtin 'desktop'
[2410 ms] [svc] registered builtin 'session'
[2410 ms] [2410] INFO  svc      pid=0: registered builtin 'session'
[2410 ms] [trace] level 0 -> 1
[2420 ms] [gui] auto-enabled trace (level=1) for desktop session
[2420 ms] [trace t=242 pid=0] [2420 ms] gui_set_desktop_mode: off -> on[2420 ms] 
[2430 ms] [gui] entering graphical mode
[2430 ms] [session] init: last user='toby' (will be pre-filled at login)
[2430 ms] [svc] registered program 'login' -> /bin/login (autorestart=1)
[2430 ms] [2430] INFO  svc      pid=0: registered program 'login' path='/bin/login' autorestart=1
[2430 ms] [trace t=243 pid=0] [2430 ms] launch_enqueue '/bin/login' sandbox='' caps='' (head=1 tail=0)[2430 ms] 
[2430 ms] [svc] 'login' enqueued (restart #1, crashes=0)
[2430 ms] [2430] INFO  svc      pid=0: 'login' enqueued restart=1 crashes=0
[2430 ms] [svc] 5 services registered
[2430 ms]   name         kind    state    auto pid rcnt  ccnt  ccon  path
[2430 ms]   input        builtin running  0    0   0     0     0     (builtin)
[2430 ms]   network      builtin running  0    0   0     0     0     (builtin)
[2430 ms]   desktop      builtin running  0    0   0     0     0     (builtin)
[2430 ms]   session      builtin running  0    0   0     0     0     (builtin)
[2430 ms]   login        program running  1    0   1     0     0     /bin/login
[2430 ms] [notify #1 urg=0 kind=1] kernel: Desktop ready -- Welcome to tobyOS. Click [Apps] to launch a program, or click the bell to open the notification
[2430 ms] [notify #2 urg=0 kind=1] session: Login service started -- /bin/login is running. Type 'root' to log in.
[2430 ms] [boot] first gui_tick after desktop init
[2430 ms] [trace t=243 pid=0] [2430 ms] drain_launch_queue: spawning '/bin/login' sandbox='default' caps=''[2430 ms] 
[2430 ms] [elf] phdr[0] LOAD vaddr=0x0000000000400000 memsz=0xe11 filesz=0xe11 flags=R-X U -> pages [0x0000000000400000..0x0000000000401000)
[2430 ms] [elf] phdr[1] LOAD vaddr=0x0000000000401000 memsz=0x194 filesz=0x194 flags=R-- U -> pages [0x0000000000401000..0x0000000000402000)
[2430 ms] [elf] phdr[2] LOAD vaddr=0x0000000000402000 memsz=0x30 filesz=0x18 flags=RW- U -> pages [0x0000000000402000..0x0000000000403000)
[2440 ms] [elf] load OK (user): type=ET_EXEC, 3 segment(s), base=0x0000000000000000, entry=0x0000000000400000, phdr=0x0000000000000000 (3 entries)
[2440 ms] [proc] created pid=1 ppid=0 'login' entry=0x0000000000400000 rsp=0x00007fffffffff50 cr3=0x52d000 kstack=0xffffd00000008030 argc=0 envc=0 cwd='/'
[2440 ms] [cap] pid=1 'login' sandbox='default' caps=FILE_READ,FILE_WRITE,EXEC,NET,GUI,TERM,SETTINGS_WRITE root=(none)
[2440 ms] [trace t=244 pid=0] [2440 ms] track_pid pid=1 slot=0[2440 ms] 
[2440 ms] [gui] launched /bin/login as pid 1 (session=0)
[2440 ms] [trace t=244 pid=0] [2440 ms] drain_launch_queue: spawned '/bin/login' as pid=1 session=0[2440 ms] 
[2440 ms] [svc] 'login' pid=1 (backfilled)
[2440 ms] [trace t=244 pid=0] [2440 ms] heartbeat windows=0 apps_alive=1 cursor=(640,400) btn=0x00 dirty=1 menu=0 desktop=1[2440 ms] 
[2440 ms] [trace t=244 pid=0] [2440 ms] toast new id=2 urg=0 app='session' title='Login service started'[2440 ms] 
[2450 ms] [trace t=245 pid=1] [2450 ms] window_create wid=1 owner_pid=1 size=380x220 pos=(60,40) title='tobyOS login'[2450 ms] 
[2450 ms] [sec] M34 crypto self-test PASS (SHA-256, HMAC-SHA-256, hex/ct)
[2460 ms] [ssh-crypto] Monocypher self-test PASS (X25519, Ed25519, XChaCha20-Poly1305)
[2460 ms] [sec] trust store loaded: 1 key(s) from /system/keys/trust.db
[2460 ms] [sysprot] init: 5 protected prefix(es)
[2460 ms] [sysprot]   /system          system
[2460 ms] [sysprot]   /system/keys     trust-store
[2460 ms] [sysprot]   /boot            boot
[2460 ms] [sysprot]   /data/packages   package-db
[2460 ms] [sysprot]   /data/users      user-db
[2510 ms] [trace t=251 pid=0] [2510 ms] launcher_register 'Hello CLI' -> /data/apps/hello_cli/bin/hello_cli.elf sandbox='' caps='' (slot=0)[2510 ms] 
[2510 ms] [pkg] registered launcher entry: 'Hello CLI' -> /data/apps/hello_cli/bin/hello_cli.elf
[2510 ms] [pkg] package manager ready (apps=/data/apps db=/data/packages repo=/data/repo,/repo)
[2510 ms] [fw_cfg] QEMU fw_cfg interface present at 0x510/0x511
[2510 ms] [battery] no ACPI battery detected (no fw_cfg mock, no PNP0C0A in AML)
[2510 ms] [display] registered fb0 1280x800 backend=limine-fb
[2510 ms] type 'help' to list commands.
[2510 ms] tobyOS> [2510 ms] [boot] QUICK_BOOT: skipping devtest_boot_run + shell smoketest + M26A/M27A spawns
[2510 ms] [boot] QUICK_BOOT: skipping M28A–M35G boot harness spawns (CI: `make fullboot` / omit -DQUICK_BOOT)
[3060 ms] [bootlog] wrote /data/boot.log (48994 bytes payload + 71 header)
[3060 ms] [bootlog] no FAT32 USB at /usb — skipping BOOTLOG.TXT
[3060 ms] [bootlog] flush complete (ram cap=262144 overflow=0)
[3060 ms] [bootlog] net upload: sent 49085 bytes to 192.168.68.74:40123/udp
[3060 ms] [bootlog] (deferred) no FAT32 USB at /usb — skipping BOOTLOG.TXT
[3060 ms] [bootlog] deferred USB flush done (ram cap=262144 overflow=0)
[3440 ms] [trace t=344 pid=0] [3440 ms] heartbeat windows=1 apps_alive=1 cursor=(640,400) btn=0x00 dirty=0 menu=0 desktop=1[3440 ms] 
[4440 ms] [trace t=444 pid=0] [4440 ms] heartbeat windows=1 apps_alive=1 cursor=(640,400) btn=0x00 dirty=0 menu=0 desktop=1[4440 ms] 
[5440 ms] [trace t=544 pid=0] [5440 ms] heartbeat windows=1 apps_alive=1 cursor=(640,400) btn=0x00 dirty=0 menu=0 desktop=1[5440 ms] 
[6440 ms] [trace t=644 pid=0] [6440 ms] heartbeat windows=1 apps_alive=1 cursor=(640,400) btn=0x00 dirty=0 menu=0 desktop=1[6440 ms] 
[6440 ms] [trace t=644 pid=0] [6440 ms] toast id=2 expired[6440 ms] 
[6440 ms] [trace t=644 pid=0] [6440 ms] toast new id=1 urg=0 app='kernel' title='Desktop ready'[6440 ms] 
[7440 ms] [trace t=744 pid=0] [7440 ms] heartbeat windows=1 apps_alive=1 cursor=(640,400) btn=0x00 dirty=0 menu=0 desktop=1[7440 ms] 
[8440 ms] [trace t=844 pid=0] [8440 ms] heartbeat windows=1 apps_alive=1 cursor=(640,400) btn=0x00 dirty=0 menu=0 desktop=1[8440 ms] 
[9140 ms] [tcp] SYN rx tcp[3] lp=1234 rp=40655 seq=2048001 -> SYN_RECEIVED
[9140 ms] [tcp] SYN/ACK tx tcp[3] iss=2516561586 ack=2048002
[9140 ms] [tcp] ESTABLISHED passive tcp[3] lp=1234 rp=40655
[9140 ms] [tcp-echo] accepted new connection
[9150 ms] [tcp] payload rx tcp[3] len=16 seq=2048002 new_rcv_nxt=2048018
[9160 ms] [tcp-echo] rx 16 bytes
[9190 ms] [tcp] FIN rx tcp[3] state=ESTABLISHED seq=2048018
[9190 ms] [tcp] SYN rx tcp[4] lp=22 rp=40656 seq=2112001 -> SYN_RECEIVED
[9190 ms] [tcp] SYN/ACK tx tcp[4] iss=222733188 ack=2112002
[9190 ms] [tcp] ESTABLISHED passive tcp[4] lp=22 rp=40656
[9200 ms] [tcp-echo] recv closed/error; closing client
[9200 ms] [ssh] client connected
[9200 ms] [tcp] FIN rx tcp[4] state=ESTABLISHED seq=2112002
[9200 ms] [ssh] client disconnected/error
[9440 ms] [trace t=944 pid=0] [9440 ms] heartbeat windows=1 apps_alive=1 cursor=(640,400) btn=0x00 dirty=0 menu=0 desktop=1[9440 ms] 
[10440 ms] [trace t=1044 pid=0] [10440 ms] heartbeat windows=1 apps_alive=1 cursor=(640,400) btn=0x00 dirty=0 menu=0 desktop=1[10440 ms] 
[10440 ms] [trace t=1044 pid=0] [10440 ms] toast id=1 expired[10440 ms] 
[11440 ms] [trace t=1144 pid=0] [11440 ms] heartbeat windows=1 apps_alive=1 cursor=(640,400) btn=0x00 dirty=0 menu=0 desktop=1[11440 ms] 
[12440 ms] [trace t=1244 pid=0] [12440 ms] heartbeat windows=1 apps_alive=1 cursor=(640,400) btn=0x00 dirty=0 menu=0 desktop=1[12440 ms] 
[13440 ms] [trace t=1344 pid=0] [13440 ms] heartbeat windows=1 apps_alive=1 cursor=(640,400) btn=0x00 dirty=0 menu=0 desktop=1[13440 ms] 
