vbe: Initialising...
vbe: Version: 3.0
vbe: OEM: SeaBIOS VBE(C) 2011
vbe: Graphics vendor: SeaBIOS Developers
vbe: Product name: SeaBIOS VBE Adapter
vbe: Product revision: Rev. 1
edid: Success.
vbe: EDID detected screen resolution of 1280x800
vbe: Found matching mode 0x17a, attempting to set...
vbe: Framebuffer address: 0xfd000000
edid: Success.
[2J[H
[2;27H[36mLimine 11.4.1 (x86-64, BIOS)[0m



[13;1H                                   [7m tobyOS [27m
[4;1H    [32mARROWS[0m Select    [32mENTER[0m Boot    [32mE[0m Edit[4;64H[32mB[0m Blank Entry[14;1H

[24;1H[2K[32mBooting automatically in [92m3[32m, press any key to stop the countdown...[0m[24;1H[2K[32mBooting automatically in [92m2[32m, press any key to stop the countdown...[0m[24;1H[2K[32mBooting automatically in [92m1[32m, press any key to stop the countdown...[0m[2J[Hlimine: Loading executable `boot():/boot/tobyos.bin`...
limine: Physical base:   0x1fc91000
limine: Virtual base:    0xffffffff80000000
limine: Slide:           0x0
limine: ELF entry point: 0xffffffff80001000
limine: Base revision:   3
limine: Requests count:  6
limine: Top of HHDM:     0x40000000
acpi: Found RSDP at 0xf52e0
limine: Loading module `boot():/boot/initrd.tar`...
limine: Loading module `boot():/boot/install.img`...
vbe: Initialising...
vbe: Version: 3.0
vbe: OEM: SeaBIOS VBE(C) 2011
vbe: Graphics vendor: SeaBIOS Developers
vbe: Product name: SeaBIOS VBE Adapter
vbe: Product revision: Rev. 1
edid: Success.
vbe: EDID detected screen resolution of 1280x800
vbe: Found matching mode 0x17a, attempting to set...
vbe: Mode was already set, perfect!
vbe: Framebuffer address: 0xfd000000
edid: Success.
paging: 1GiB pages are not supported!
acpi: Found RSDP at 0xf52e0
acpi: "DMAR" not found
acpi: Found RSDP at 0xf52e0
acpi: "IVRS" not found
[------] [boot] serial up
[------] [0] INFO  slog    : slog ready (depth=256, persist=/data/system.log)
[------] [0] INFO  boot    : tobyOS boot sequence started
[------] [boot] framebuffer: 1280x800 pitch=5120 bpp=32 addr=0xffff8000fd000000
[------] [boot] console up
[------] [gdt] loaded: base=0xffffffff800ee6e0 limit=55 entries=7
[------] [gdt] CS=0x08 DS=0x10 (expected CS=0x08 DS=0x10)
[------] [gdt] user CS=0x23 DS=0x1b  TSS sel=0x28 (TSS slot empty until tss_init)
[------] [idt] loaded: base=0xffffffff800ee730 limit=4095 (256 gates wired)
[------] [boot] firing int3 to exercise IDT round-trip...
[------] [isr] breakpoint hit at rip=0xffffffff8000109f (rflags=0x86)
[------] [boot] int3 returned cleanly, IDT round-trip OK
[------] [0] INFO  wdog    : watchdog ready (timeout=10000 ms)
[0 ms] [pit] channel 0 -> 100 Hz (divisor=11931)
[0 ms] [kbd] PS/2 driver up (IRQ1 enabled + unmasked)
[10 ms] [boot] interrupts enabled (IRQ0 timer + IRQ1 keyboard, via legacy PIC for early boot)
[70 ms] [perf] TSC calibrated: 4387 MHz (219396535 cycles in 50000000 ns)
[70 ms] [boot] HHDM offset = 0xffff800000000000
[70 ms] [pmm] Limine memmap (19 entries):
[70 ms]   0x0000000000001000..0x0000000000061000       384 KiB  bootloader
[70 ms]   0x0000000000061000..0x000000000009f000       248 KiB  usable
[70 ms]   0x000000000009fc00..0x00000000000a0000         1 KiB  reserved
[70 ms]   0x00000000000f0000..0x0000000000100000        64 KiB  reserved
[70 ms]   0x0000000000100000..0x000000001f6bc000    513776 KiB  usable
[70 ms]   0x000000001f6bc000..0x000000001fabc000      4096 KiB  kernel
[70 ms]   0x000000001fabc000..0x000000001fabd000         4 KiB  bootloader
[70 ms]   0x000000001fabd000..0x000000001fc87000      1832 KiB  kernel
[70 ms]   0x000000001fc87000..0x000000001fc88000         4 KiB  bootloader
[70 ms]   0x000000001fc88000..0x000000001fc8b000        12 KiB  usable
[70 ms]   0x000000001fc8b000..0x000000001fc91000        24 KiB  bootloader
[70 ms]   0x000000001fc91000..0x000000001fe8c000      2028 KiB  kernel
[70 ms]   0x000000001fe8c000..0x000000001ff54000       800 KiB  bootloader
[70 ms]   0x000000001ff54000..0x000000001ff6f000       108 KiB  usable
[70 ms]   0x000000001ff6f000..0x000000001ffe0000       452 KiB  bootloader
[70 ms]   0x000000001ffe0000..0x0000000020000000       128 KiB  reserved
[70 ms]   0x00000000fd000000..0x00000000fd3e8000      4000 KiB  framebuffer
[70 ms]   0x00000000fffc0000..0x0000000100000000       256 KiB  reserved
[70 ms]   0x000000fd00000000..0x0000010000000000  12582912 KiB  reserved
[70 ms] [pmm] managed:  130927 pages (511 MiB) up to 0x000000001ff6f000
[70 ms] [pmm] usable:   514144 KiB across 19 regions
[70 ms] [pmm] bitmap:   16366 bytes at phys 0x0000000000061000 (virt 0xffff800000061000), 4 pages
[70 ms] [pmm] free:     128532 pages (502 MiB) -- used: 2395 pages
[70 ms] [pmm] test: allocated 0x0000000000065000 0x0000000000066000 0x0000000000067000 0x0000000000068000 (free now=128528)
[70 ms] [pmm] test: read-back a=0xdeadbeefcafebabe d=0x1122334455667788
[70 ms] [pmm] test: alloc/free balanced (free=128532 before & after)
[70 ms] [boot] reserved AP trampoline page at phys 0x0000000000070000
[70 ms] [vmm] kernel image: virt 0xffffffff80000000..0xffffffff801fb000 -> phys 0x000000001fc91000 (2028 KiB)
[70 ms] [vmm] hhdm mirror:  516 MiB across memmap, top phys 0x00000000fd400000, 2M pages
[70 ms] [vmm] new PML4 at phys 0x0000000000065000, switching CR3...
[70 ms] [vmm] CR3 switched. Running on tobyOS page tables.
[70 ms] [vmm] test: __text_start 0xffffffff80001000 -> phys 0x000000001fc92000
[70 ms] [vmm] test: __data_start 0xffffffff800ad000 -> phys 0x000000001fd3e000
[80 ms] [vmm] test: HHDM r/w through new PML4 at phys 0x000000000006c000 OK
[80 ms] [vmm] test: new mapping at 0xffffc00000000000 <-> phys 0x000000000006c000 verified
[80 ms] [vmm] test: unmap clears translation, scratch page freed
[80 ms] [vmm] test: ok
[80 ms] [heap] up: initial arena 17 pages (67 KiB)
[80 ms] [heap] start: arenas=1 total=69600 used=0 free=69600  brk=0xffffd00000011000 (region 0xffffd00000000000..0xffffd10000000000)
[80 ms] [heap] after 8 allocs: arenas=2 used=85616 free=65872 allocs=8
[80 ms] [heap] after 8 frees: arenas=2 used=0 free=151488 frees=8
[80 ms] [heap] test: ok (region OK, fragmented 80 KiB alloc OK, round-trip balanced, kcalloc zero-verified)
[80 ms] [heap] brk now 0xffffd00000025000 (148 KiB virt consumed)
[80 ms] [tss] installed: tss=0xffffffff80105500 rsp0=0xffffffff80105500 (irq stack 16 KiB)
[80 ms] [sys] EFER.SCE on, STAR=0x0010000800000000, LSTAR=0xffffffff800899e4, FMASK=0x700
[80 ms] [sys] kernel syscall rsp = 0xffffffff80105500
[80 ms] [sys] available syscalls: 0=exit  1=write  2=read  3=pipe  4=close  5=yield
[80 ms] [sys]                     6=socket 7=bind 8=sendto 9=recvfrom
[80 ms] [sys]                     10=gui_create 11=gui_fill 12=gui_text 13=gui_flip 14=gui_poll_event
[80 ms] [sys]                     15=term_open 16=term_write 17=term_read 18=fs_readdir 19=fs_readfile 20=exec
[80 ms] [sys]                     21=setting_get 22=setting_set 23=login 24=logout 25=session_info
[80 ms] [sys]                     26=getuid 27=getgid 28=username 29=chmod 30=chown
[80 ms] [sys]   M25A: 31=getpid 32=getppid 33=spawn 34=waitpid 35=open 36=lseek 37=stat 38=fstat
[80 ms] [sys]         39=dup 40=dup2 41=unlink 42=mkdir 43=brk 44=getcwd 45=chdir 46=getenv
[80 ms] [sys]         47=nanosleep 48=clock_ms 49=abi_version (ABI v1)
[80 ms] [acpi] using RSDT @ 0x000000001ffe2335 (entries=4)
[80 ms] [acpi] MADT: lapic_phys (32-bit field) = 0x00000000fee00000, legacy_pic=yes
[80 ms] [acpi]   CPU0: acpi_id=0 apic_id=0 flags=0x1 enabled 
[80 ms] [acpi]   IOAPIC 0: mmio=0x00000000fec00000 gsi_base=0
[80 ms] [acpi]   ISO: ISA IRQ0 -> GSI 2 (flags=0x0)
[80 ms] [acpi]   ISO: ISA IRQ5 -> GSI 5 (flags=0xd)
[80 ms] [acpi]   ISO: ISA IRQ9 -> GSI 9 (flags=0xd)
[80 ms] [acpi]   ISO: ISA IRQ10 -> GSI 10 (flags=0xd)
[80 ms] [acpi]   ISO: ISA IRQ11 -> GSI 11 (flags=0xd)
[80 ms] [acpi]   LAPIC NMI: acpi_proc=255 lint=1 flags=0x0
[80 ms] [acpi] enumerated 1 CPU(s) (uniprocessor), 1 IO APIC(s), 5 override(s), 1 NMI source(s)
[80 ms] [acpi] FADT: pm1a_cnt=0x604 pm1b_cnt=0x0 smi_cmd=0xb2 acpi_enable=0xf1 sci_int=9
[80 ms] [acpi] FADT: reset_reg not supported (flags=0x80a5)
[90 ms] [acpi] DSDT _S5_: SLP_TYPa=0 SLP_TYPb=0 (DSDT 8617 bytes)
[90 ms] [acpi] AML inventory: dsdt=8581 bytes, 0 SSDT(s)
[90 ms] [apic] BSP local APIC: phys=0x00000000fee00000 virt=0xffffd20000000000 id=0 ver=0x14
[90 ms] [apic] SVR=0x1ff  spurious_vec=0xff  timer_vec=0x40 (masked)
[100 ms] [apic] timer calibrated: ~8875800 ticks/10ms (~887580 kHz, ~887580000 Hz/sec)
[100 ms] [ioapic] chip 0: phys=0x00000000fec00000 virt=0xffffd20000010000 gsi=[0..23] ver=0x20 entries=24
[100 ms] [irq]   re-route ISA IRQ 0 -> GSI 2 vec=0x20 edge/ahigh
[100 ms] [irq]   re-route ISA IRQ 1 (identity, edge/ahigh) -> vec=0x21
[100 ms] [irq] facade: switched to IO APIC mode (2 IRQs re-routed)
[100 ms] [pci] enumerating bus 0...
[100 ms] [pci] 6 device(s):
[100 ms] [pci] 00:00.0  8086:1237  bridge.host       [100 ms] 
[100 ms] [pci] 00:01.0  8086:7000  bridge.isa        [100 ms] 
[100 ms] [pci] 00:01.1  8086:7010  storage.ide       [100 ms]   BAR4 io 16[100 ms] 
[100 ms] [pci] 00:01.3  8086:7113  bridge            [100 ms]   IRQ 9[100 ms] 
[100 ms] [pci] 00:02.0  1234:1111  display.vga       [100 ms]   BAR0 mem 16384K[100 ms]   BAR2 mem 4K[100 ms] 
[100 ms] [pci] 00:03.0  8086:100e  network.ethernet  [100 ms]   IRQ 11[100 ms]   BAR0 mem 128K[100 ms]   BAR1 io 64[100 ms] 
[110 ms] [ata] 00:01.1: no primary-master IDE drive (identify rc=-2)
[120 ms] [pci] driver blk_ata  declined 00:01.1  (probe rc=-2)
[130 ms] [e1000] probing 00:03.0  (vid:did 8086:100e)
[130 ms] [e1000] MMIO BAR0 phys=0x00000000febc0000 virt=0xffff8000febc0000 (128 KiB UC)
[140 ms] [e1000] MAC 52:54:00:12:34:56
[150 ms] [e1000] RX live RDBAL=0x0009c000 RDLEN=512 RDT=31 RCTL=0x0400800a
[160 ms] [e1000] no MSI cap -- staying polled (vec 0x50 is now idle)
[160 ms] [net] +nic e1000:00:03.0 mac=52:54:00:12:34:56 (slot 0)
[170 ms] [pci] driver e1000    bound to 00:03.0  (8086:100e) strat=exact
[170 ms] [pci] bind complete -- 1 of 6 device(s) bound  (1 newly this pass)
[180 ms] [blk] no block devices registered
[190 ms] [net] 1 nic(s) registered:
[200 ms]   [0] e1000:00:03.0 mac=52:54:00:12:34:56
[200 ms] [boot] Limine modules (2):
[210 ms]   [0] /boot/initrd.tar  size=1873920  addr=0xffff80001fabd000
[220 ms]   [1] /boot/install.img  size=4194304  addr=0xffff80001f6bc000
[230 ms] [initrd] using '/boot/initrd.tar' (size=1873920, addr=0xffff80001fabd000)
[230 ms] [ramfs] mounted: 77 entries from 1873920-byte tar at 0xffff80001fabd000
[240 ms]   - bin/hello                         8848 B  data@0xffff80001fabd200
[250 ms]   - bin/bad                           8800 B  data@0xffff80001fabf800
[250 ms]   - bin/echo                          13032 B  data@0xffff80001fac1e00
[260 ms]   - bin/cat                           8864 B  data@0xffff80001fac5400
[270 ms]   - bin/long_task                     8864 B  data@0xffff80001fac7a00
[280 ms]   - bin/netecho                       17232 B  data@0xffff80001faca000
[280 ms]   - bin/gui_demo                      13080 B  data@0xffff80001face600
[290 ms]   - bin/gui_clock                     13032 B  data@0xffff80001fad1c00
[290 ms]   - bin/gui_widgets                   13712 B  data@0xffff80001fad5200
[300 ms]   - bin/gui_about                     13672 B  data@0xffff80001fad8a00
[310 ms]   - bin/gui_term                      13232 B  data@0xffff80001fadc200
[320 ms]   - bin/gui_files                     17752 B  data@0xffff80001fadf800
[320 ms]   - bin/gui_viewer                    13304 B  data@0xffff80001fae4000
[330 ms]   - bin/login                         13696 B  data@0xffff80001fae7600
[340 ms]   - bin/gui_settings                  34960 B  data@0xffff80001faeae00
[350 ms]   - bin/abi_test                      13064 B  data@0xffff80001faf3a00
[350 ms]   - bin/c_hello                       29648 B  data@0xffff80001faf7000
[360 ms]   - bin/c_args                        29648 B  data@0xffff80001fafe600
[370 ms]   - bin/c_filedemo                    33744 B  data@0xffff80001fb05c00
[380 ms]   - bin/c_alloctest                   33744 B  data@0xffff80001fb0e200
[380 ms]   - bin/c_envtest                     34104 B  data@0xffff80001fb16800
[390 ms]   - bin/c_dynhello                    3328 B  data@0xffff80001fb1f000
[400 ms]   - bin/devlist                       34328 B  data@0xffff80001fb20000
[400 ms]   - bin/drvtest                       34328 B  data@0xffff80001fb28a00
[410 ms]   - bin/usbtest                       38808 B  data@0xffff80001fb31400
[420 ms]   - bin/audiotest                     34328 B  data@0xffff80001fb3ae00
[420 ms]   - bin/batterytest                   34328 B  data@0xffff80001fb43800
[430 ms]   - bin/displayinfo                   34328 B  data@0xffff80001fb4c200
[440 ms]   - bin/drawtest                      34472 B  data@0xffff80001fb54c00
[450 ms]   - bin/rendertest                    42984 B  data@0xffff80001fb5d600
[450 ms]   - bin/fonttest                      33808 B  data@0xffff80001fb68000
[460 ms]   - bin/logview                       34168 B  data@0xffff80001fb70800
[460 ms]   - bin/crashinfo                     33776 B  data@0xffff80001fb79000
[470 ms]   - bin/wdogtest                      33864 B  data@0xffff80001fb81600
[480 ms]   - bin/safesh                        34256 B  data@0xffff80001fb89e00
[490 ms]   - bin/fscheck                       33864 B  data@0xffff80001fb92600
[490 ms]   - bin/services                      33936 B  data@0xffff80001fb9ae00
[500 ms]   - bin/svc_crasher                   29648 B  data@0xffff80001fba3600
[510 ms]   - bin/stabilitytest                 33992 B  data@0xffff80001fbaac00
[520 ms]   - bin/hwinfo                        34320 B  data@0xffff80001fbb3400
[520 ms]   - bin/drvmatch                      43168 B  data@0xffff80001fbbbe00
[530 ms]   - bin/hwcompat                      34360 B  data@0xffff80001fbc6a00
[540 ms]   - bin/hwreport                      38520 B  data@0xffff80001fbcf400
[540 ms]   - bin/compattest                    51912 B  data@0xffff80001fbd8e00
[550 ms]   - bin/tobycc                        33888 B  data@0xffff80001fbe5c00
[560 ms]   - bin/tobybuild                     34008 B  data@0xffff80001fbee400
[570 ms]   - bin/selfhosttest                  34008 B  data@0xffff80001fbf6c00
[570 ms]   - bin/p_echo                        34112 B  data@0xffff80001fbff400
[580 ms]   - bin/p_cat                         34112 B  data@0xffff80001fc07c00
[590 ms]   - bin/p_wc                          34472 B  data@0xffff80001fc10400
[600 ms]   - bin/p_head                        34456 B  data@0xffff80001fc18e00
[600 ms]   - bin/p_ls                          34704 B  data@0xffff80001fc21800
[610 ms]   - bin/p_grep                        34600 B  data@0xffff80001fc2a200
[620 ms]   - lib/ld-toby.so                    5672 B  data@0xffff80001fc32c00
[620 ms]   - lib/libtoby.so                    47752 B  data@0xffff80001fc34600
[630 ms]   - repo/helloapp.tpkg                14294 B  data@0xffff80001fc40400
[640 ms]   - repo/helloapp_v2.tpkg             14351 B  data@0xffff80001fc43e00
[650 ms]   - repo/helloapp_corrupt.tpkg        14293 B  data@0xffff80001fc47a00
[660 ms]   - repo/helloapp_badhash.tpkg        14294 B  data@0xffff80001fc4b400
[660 ms]   - repo/helloapp_nohash.tpkg         14037 B  data@0xffff80001fc4ee00
[670 ms]   - repo/helloapp_badfhash.tpkg       14295 B  data@0xffff80001fc52800
[670 ms]   - repo/helloapp_v2_corrupt.tpkg     14350 B  data@0xffff80001fc56200
[680 ms]   - repo/helloapp_signed.tpkg         14371 B  data@0xffff80001fc59e00
[690 ms]   - repo/helloapp_signed_unknown.tpkg  14368 B  data@0xffff80001fc5da00
[700 ms]   - repo/helloapp_signed_tampered.tpkg  14116 B  data@0xffff80001fc61600
[700 ms]   - repo/helloapp_caps_ro.tpkg        14303 B  data@0xffff80001fc65000
[710 ms]   - system/keys/trust.db              196 B  data@0xffff80001fc68a00
[720 ms]   - repo/hello_cli.tpkg               29863 B  data@0xffff80001fc68e00
[720 ms]   - repo/hello_gui.tpkg               34694 B  data@0xffff80001fc70600
[730 ms]   - repo/notes_app.tpkg               39643 B  data@0xffff80001fc79000
[740 ms]   - etc/motd                          297 B  data@0xffff80001fc82e00
[750 ms]   - etc/drvmatch.conf                 1306 B  data@0xffff80001fc83200
[750 ms]   - etc/drvmatch.conf.test            456 B  data@0xffff80001fc83a00
[760 ms]   - m36/m36_part2.c                   222 B  data@0xffff80001fc83e00
[770 ms]   - m36/m36_sample.c                  100 B  data@0xffff80001fc84200
[770 ms]   - m36/Tobyfile                      152 B  data@0xffff80001fc84600
[780 ms]   - readme.txt                        922 B  data@0xffff80001fc84a00
[790 ms] [safe] no safemode flag -- normal boot
[800 ms] [800] INFO  safe    : boot mode = normal (level=0)
[800 ms] [safe] policy: mode=normal level=0 boot_mode=0
[810 ms] [safe] policy: usb_full=keep usb_extra=keep net=keep audio=keep gui=keep services=keep virtio_gpu=keep
[820 ms] [820] INFO  hw      : hwinfo: cpu='QEMU Virtual CPU version 2.5+' family=15 model=107 step=1 feat=0xe6000271
[830 ms] [drvmatch] init: total=6 bound=1 unbound=5 forced_off=0
[830 ms] [830] INFO  hw      : drvmatch init: total=6 bound=1 unbound=5 forced=0
[840 ms] [drvconf] loaded /etc/drvmatch.conf: blacklist=0 force=0 errors=0
[850 ms] [850] INFO  hw      : drvconf load: blacklist=0 force=0 errors=0
[850 ms] [drvconf] === active overrides ===
[860 ms] [drvconf] (none)
[870 ms] [boot] no disk -- /data unavailable this boot
[880 ms] [boot] no FAT32 partition discovered -- /fat unmounted
[890 ms] [boot] no FAT32-on-USB discovered -- /usb unmounted
[890 ms] [boot] no ext4 partition discovered -- /ext unmounted
[900 ms] [installer] live install image registered: 4194304 bytes @ 0xffff80001f6bc000
[910 ms] [vfs] mount table (1 entries):
[920 ms]   /            -> ops=0xffffffff800a75b0 mnt=0xffffffff8011a010
[930 ms] [proc] table initialised (16 slots), pid 0 = 'kernel_main' RUNNING
[930 ms] [sched] per-CPU round-robin scheduler ready (BSP cur=pid 0)
[940 ms] [signal] subsystem up (SIGINT=2, SIGTERM=15)
[940 ms] [boot] spawning first userspace process from /bin/hello...
[950 ms] [elf] phdr[0] LOAD vaddr=0x0000000000400000 memsz=0x34 filesz=0x34 flags=R-X U -> pages [0x0000000000400000..0x0000000000401000)
[960 ms] [elf] phdr[1] LOAD vaddr=0x0000000000401000 memsz=0x45 filesz=0x45 flags=R-- U -> pages [0x0000000000401000..0x0000000000402000)
[970 ms] [elf] load OK (user): type=ET_EXEC, 2 segment(s), base=0x0000000000000000, entry=0x0000000000400000, phdr=0x0000000000000000 (2 entries)
[980 ms] [proc] created pid=1 ppid=0 'hello-boot' entry=0x0000000000400000 rsp=0x00007fffffffff50 cr3=0x13f000 kstack=0xffffd0000001bf80 argc=0 envc=0 cwd='/'
hello from user mode
user_hello: about to SYS_EXIT(0x55)
[1000 ms] [sys_exit] user requested exit, code=85 (0x55)
[1000 ms] [proc] pid=1 'hello-boot' exit code=85 (0x55) cpu=0 ms syscalls=3
[1010 ms] [proc] reaped pid=1, slot recycled
[1020 ms] [boot] /bin/hello (pid=1) finished, exit code=85 (0x55)
[1030 ms] [elf] phdr[0] LOAD vaddr=0x0000000000400000 memsz=0xd22 filesz=0xd22 flags=R-X U -> pages [0x0000000000400000..0x0000000000401000)
[1030 ms] [elf] phdr[1] LOAD vaddr=0x0000000000401000 memsz=0x374 filesz=0x374 flags=R-- U -> pages [0x0000000000401000..0x0000000000402000)
[1040 ms] [elf] phdr[2] LOAD vaddr=0x0000000000402000 memsz=0x18 filesz=0x18 flags=RW- U -> pages [0x0000000000402000..0x0000000000403000)
[1050 ms] [elf] load OK (user): type=ET_EXEC, 3 segment(s), base=0x0000000000000000, entry=0x0000000000400000, phdr=0x0000000000000000 (3 entries)
[1060 ms] [proc] created pid=1 ppid=0 'abi-test-boot' entry=0x0000000000400000 rsp=0x00007fffffffff50 cr3=0x13f000 kstack=0xffffd0000001bf80 argc=0 envc=0 cwd='/'
[abi-test] starting Milestone 25A ABI surface check
[abi-test] argc = 0
[abi-test] abi_version = 1
[abi-test] pid = 1
[abi-test] ppid = 0
[abi-test] clock_ms_delta = 1
[abi-test] cwd_len = 1
[abi-test] cwd = /
[abi-test] brk_initial = 268435456
[abi-test] brk_after_grow = 268451840
[abi-test] heap pages writable + zero-initialised OK
[abi-test] open_fd = -13
[abi-test] FAIL: open(/data/abi_test.tmp, O_RDWR|O_CREAT) failed
[1170 ms] [sys_exit] user requested exit, code=1 (0x1)
[1170 ms] [proc] pid=1 'abi-test-boot' exit code=1 (0x1) cpu=0 ms syscalls=69
[1180 ms] [proc] reaped pid=1, slot recycled
[1190 ms] [boot] M25A: /bin/abi_test (pid=1) finished, exit code=1 (FAIL)
[1200 ms] [elf] phdr[0] LOAD vaddr=0x0000000000400000 memsz=0x3ed6 filesz=0x3ed6 flags=R-X U -> pages [0x0000000000400000..0x0000000000404000)
[1200 ms] [elf] phdr[1] LOAD vaddr=0x0000000000404000 memsz=0x7d0 filesz=0x7d0 flags=R-- U -> pages [0x0000000000404000..0x0000000000405000)
[1210 ms] [elf] phdr[2] LOAD vaddr=0x0000000000405000 memsz=0x1cc filesz=0x80 flags=RW- U -> pages [0x0000000000405000..0x0000000000406000)
[1220 ms] [elf] load OK (user): type=ET_EXEC, 3 segment(s), base=0x0000000000000000, entry=0x0000000000400000, phdr=0x0000000000000000 (3 entries)
[1230 ms] [proc] created pid=1 ppid=0 'c_hello-boot' entry=0x0000000000400000 rsp=0x00007fffffffff50 cr3=0x13f000 kstack=0xffffd0000001bf80 argc=0 envc=0 cwd='/'
[c_hello] hello from libtoby (argc=0)
[c_hello] ALL OK
[_exit] code=0 caller=0x0000000000400124
[1260 ms] [sys_exit] user requested exit, code=0 (0x0)
[1270 ms] [proc] pid=1 'c_hello-boot' exit code=0 (0x0) cpu=0 ms syscalls=6
[1280 ms] [proc] reaped pid=1, slot recycled
[1290 ms] [boot] M25B: /bin/c_hello (pid=1) exit=0 (PASS)
[1290 ms] [elf] phdr[0] LOAD vaddr=0x0000000000400000 memsz=0x3fe6 filesz=0x3fe6 flags=R-X U -> pages [0x0000000000400000..0x0000000000404000)
[1300 ms] [elf] phdr[1] LOAD vaddr=0x0000000000404000 memsz=0x860 filesz=0x860 flags=R-- U -> pages [0x0000000000404000..0x0000000000405000)
[1310 ms] [elf] phdr[2] LOAD vaddr=0x0000000000405000 memsz=0x1cc filesz=0x80 flags=RW- U -> pages [0x0000000000405000..0x0000000000406000)
[1320 ms] [elf] load OK (user): type=ET_EXEC, 3 segment(s), base=0x0000000000000000, entry=0x0000000000400000, phdr=0x0000000000000000 (3 entries)
[1330 ms] [proc] created pid=1 ppid=0 'c_args-boot' entry=0x0000000000400000 rsp=0x00007fffffffff50 cr3=0x13f000 kstack=0xffffd0000001bf80 argc=0 envc=0 cwd='/'
[c_args] argc=0
[c_args] envc=0
[c_args] getenv("HOME") = (unset)
[c_args] __toby_argc=0 __toby_argv=0x7fffffffff58 __toby_envp=0x7fffffffff60
[c_args] ALL OK
[_exit] code=0 caller=0x0000000000400234
[1380 ms] [sys_exit] user requested exit, code=0 (0x0)
[1380 ms] [proc] pid=1 'c_args-boot' exit code=0 (0x0) cpu=0 ms syscalls=21
[1390 ms] [proc] reaped pid=1, slot recycled
[1400 ms] [boot] M25B: /bin/c_args (pid=1) exit=0 (PASS)
[1400 ms] [elf] phdr[0] LOAD vaddr=0x0000000000400000 memsz=0x41a6 filesz=0x41a6 flags=R-X U -> pages [0x0000000000400000..0x0000000000405000)
[1420 ms] [elf] phdr[1] LOAD vaddr=0x0000000000405000 memsz=0xa30 filesz=0xa30 flags=R-- U -> pages [0x0000000000405000..0x0000000000406000)
[1430 ms] [elf] phdr[2] LOAD vaddr=0x0000000000406000 memsz=0x1d8 filesz=0x80 flags=RW- U -> pages [0x0000000000406000..0x0000000000407000)
[1430 ms] [elf] load OK (user): type=ET_EXEC, 3 segment(s), base=0x0000000000000000, entry=0x0000000000400000, phdr=0x0000000000000000 (3 entries)
[1440 ms] [proc] created pid=1 ppid=0 'c_filedemo-boot' entry=0x0000000000400000 rsp=0x00007fffffffff50 cr3=0x13f000 kstack=0xffffd0000001bf80 argc=0 envc=0 cwd='/'
[c_filedemo] fopen(w): Permission denied
[_exit] code=1 caller=0x0000000000400b64
[1460 ms] [sys_exit] user requested exit, code=1 (0x1)
[1470 ms] [proc] pid=1 'c_filedemo-boot' exit code=1 (0x1) cpu=0 ms syscalls=7
[1480 ms] [proc] reaped pid=1, slot recycled
[1480 ms] [boot] M25B: /bin/c_filedemo (pid=1) exit=1 (FAIL)
[1490 ms] [elf] phdr[0] LOAD vaddr=0x0000000000400000 memsz=0x43f6 filesz=0x43f6 flags=R-X U -> pages [0x0000000000400000..0x0000000000405000)
[1500 ms] [elf] phdr[1] LOAD vaddr=0x0000000000405000 memsz=0x910 filesz=0x910 flags=R-- U -> pages [0x0000000000405000..0x0000000000406000)
[1510 ms] [elf] phdr[2] LOAD vaddr=0x0000000000406000 memsz=0x1cc filesz=0x80 flags=RW- U -> pages [0x0000000000406000..0x0000000000407000)
[1520 ms] [elf] load OK (user): type=ET_EXEC, 3 segment(s), base=0x0000000000000000, entry=0x0000000000400000, phdr=0x0000000000000000 (3 entries)
[1520 ms] [proc] created pid=1 ppid=0 'c_alloctest-boot' entry=0x0000000000400000 rsp=0x00007fffffffff50 cr3=0x13f000 kstack=0xffffd0000001bf80 argc=0 envc=0 cwd='/'
[c_alloctest] ALL OK
[_exit] code=0 caller=0x0000000000400db4
[1550 ms] [sys_exit] user requested exit, code=0 (0x0)
[1550 ms] [proc] pid=1 'c_alloctest-boot' exit code=0 (0x0) cpu=0 ms syscalls=9
[1560 ms] [proc] reaped pid=1, slot recycled
[1570 ms] [boot] M25B: /bin/c_alloctest (pid=1) exit=0 (PASS)
[1570 ms] [boot] M25B: libtoby demos 3/4 PASS
[1580 ms] [elf] phdr[0] LOAD vaddr=0x0000000000400000 memsz=0x3fe6 filesz=0x3fe6 flags=R-X U -> pages [0x0000000000400000..0x0000000000404000)
[1600 ms] [elf] phdr[1] LOAD vaddr=0x0000000000404000 memsz=0x860 filesz=0x860 flags=R-- U -> pages [0x0000000000404000..0x0000000000405000)
[1600 ms] [elf] phdr[2] LOAD vaddr=0x0000000000405000 memsz=0x1cc filesz=0x80 flags=RW- U -> pages [0x0000000000405000..0x0000000000406000)
[1610 ms] [elf] load OK (user): type=ET_EXEC, 3 segment(s), base=0x0000000000000000, entry=0x0000000000400000, phdr=0x0000000000000000 (3 entries)
[1620 ms] [proc] created pid=1 ppid=0 'c_args-spec' entry=0x0000000000400000 rsp=0x00007ffffffffee0 cr3=0x13f000 kstack=0xffffd0000001bf80 argc=4 envc=3 cwd='/'
[c_args] argc=4
[c_args]   argv[0] = "c_args"
[c_args]   argv[1] = "alpha"
[c_args]   argv[2] = "beta"
[c_args]   argv[3] = "gamma"
[c_args] envc=3
[c_args]   envp[0] = "PATH=/bin"
[c_args]   envp[1] = "TEST_PHASE=25C"
[c_args]   envp[2] = "BUILD=ok"
[c_args] getenv("HOME") = (unset)
[c_args] __toby_argc=4 __toby_argv=0x7ffffffffee8 __toby_envp=0x7fffffffff10
[c_args] ALL OK
[_exit] code=0 caller=0x0000000000400234
[1710 ms] [sys_exit] user requested exit, code=0 (0x0)
[1720 ms] [proc] pid=1 'c_args-spec' exit code=0 (0x0) cpu=0 ms syscalls=56
[1730 ms] [proc] reaped pid=1, slot recycled
[1740 ms] [boot] M25C: /bin/c_args (pid=1, argc=4 envc=3) exit=0 (PASS)
[1740 ms] [elf] phdr[0] LOAD vaddr=0x0000000000400000 memsz=0x4ae6 filesz=0x4ae6 flags=R-X U -> pages [0x0000000000400000..0x0000000000405000)
[1760 ms] [elf] phdr[1] LOAD vaddr=0x0000000000405000 memsz=0xde0 filesz=0xde0 flags=R-- U -> pages [0x0000000000405000..0x0000000000406000)
[1760 ms] [elf] phdr[2] LOAD vaddr=0x0000000000406000 memsz=0x1f8 filesz=0xa0 flags=RW- U -> pages [0x0000000000406000..0x0000000000407000)
[1770 ms] [elf] load OK (user): type=ET_EXEC, 3 segment(s), base=0x0000000000000000, entry=0x0000000000400000, phdr=0x0000000000000000 (3 entries)
[1780 ms] [proc] created pid=1 ppid=0 'c_envtest-boot' entry=0x0000000000400000 rsp=0x00007fffffffff00 cr3=0x13f000 kstack=0xffffd0000001bf80 argc=1 envc=3 cwd='/'
[c_envtest][build] M25C-debug-rev3 alive
[c_envtest] argc=1 argv[0]='c_envtest'
[c_envtest] environ has 3 initial entries
[c_envtest] getenv(PATH) = /bin
[c_envtest][diag] BEFORE system
[c_envtest] system("c_hello") starting...
[1840 ms] [elf] phdr[0] LOAD vaddr=0x0000000000400000 memsz=0x3ed6 filesz=0x3ed6 flags=R-X U -> pages [0x0000000000400000..0x0000000000404000)
[1850 ms] [elf] phdr[1] LOAD vaddr=0x0000000000404000 memsz=0x7d0 filesz=0x7d0 flags=R-- U -> pages [0x0000000000404000..0x0000000000405000)
[1860 ms] [elf] phdr[2] LOAD vaddr=0x0000000000405000 memsz=0x1cc filesz=0x80 flags=RW- U -> pages [0x0000000000405000..0x0000000000406000)
[1860 ms] [elf] load OK (user): type=ET_EXEC, 3 segment(s), base=0x0000000000000000, entry=0x0000000000400000, phdr=0x0000000000000000 (3 entries)
[1870 ms] [proc] created pid=2 ppid=1 'c_hello' entry=0x0000000000400000 rsp=0x00007fffffffff30 cr3=0x156000 kstack=0xffffd00000024310 argc=1 envc=1 cwd='/'
[c_hello] hello from libtoby (argc=1)
[c_hello] ALL OK
[_exit] code=0 caller=0x0000000000400124
[1900 ms] [sys_exit] user requested exit, code=0 (0x0)
[1910 ms] [proc] pid=2 'c_hello' exit code=0 (0x0) cpu=0 ms syscalls=6
[1910 ms] [proc] reaped pid=2, slot recycled
[c_envtest][diag] AFTER system, sr=0
[c_envtest] system("c_hello") raw status=0x0
[c_envtest][diag] AFTER printf raw status
[c_envtest][diag] AFTER system EXPECTs
[c_envtest] recursive execvp test starting...
[1950 ms] [elf] phdr[0] LOAD vaddr=0x0000000000400000 memsz=0x4ae6 filesz=0x4ae6 flags=R-X U -> pages [0x0000000000400000..0x0000000000405000)
[1970 ms] [elf] phdr[1] LOAD vaddr=0x0000000000405000 memsz=0xde0 filesz=0xde0 flags=R-- U -> pages [0x0000000000405000..0x0000000000406000)
[1980 ms] [elf] phdr[2] LOAD vaddr=0x0000000000406000 memsz=0x1f8 filesz=0xa0 flags=RW- U -> pages [0x0000000000406000..0x0000000000407000)
[1980 ms] [elf] load OK (user): type=ET_EXEC, 3 segment(s), base=0x0000000000000000, entry=0x0000000000400000, phdr=0x0000000000000000 (3 entries)
[1990 ms] [proc] created pid=2 ppid=1 'c_envtest' entry=0x0000000000400000 rsp=0x00007fffffffff00 cr3=0x156000 kstack=0xffffd000000244f0 argc=3 envc=1 cwd='/'
[c_envtest][build] M25C-debug-rev3 alive
[c_envtest] (child) execvp -> 'c_hello'
[2010 ms] [elf] phdr[0] LOAD vaddr=0x0000000000400000 memsz=0x3ed6 filesz=0x3ed6 flags=R-X U -> pages [0x0000000000400000..0x0000000000404000)
[2020 ms] [elf] phdr[1] LOAD vaddr=0x0000000000404000 memsz=0x7d0 filesz=0x7d0 flags=R-- U -> pages [0x0000000000404000..0x0000000000405000)
[2030 ms] [elf] phdr[2] LOAD vaddr=0x0000000000405000 memsz=0x1cc filesz=0x80 flags=RW- U -> pages [0x0000000000405000..0x0000000000406000)
[2040 ms] [elf] load OK (user): type=ET_EXEC, 3 segment(s), base=0x0000000000000000, entry=0x0000000000400000, phdr=0x0000000000000000 (3 entries)
[2040 ms] [proc] created pid=3 ppid=2 'c_hello' entry=0x0000000000400000 rsp=0x00007fffffffff30 cr3=0x168000 kstack=0xffffd00000008030 argc=1 envc=1 cwd='/'
[c_hello] hello from libtoby (argc=1)
[c_hello] ALL OK
[_exit] code=0 caller=0x0000000000400124
[2080 ms] [sys_exit] user requested exit, code=0 (0x0)
[2080 ms] [proc] pid=3 'c_hello' exit code=0 (0x0) cpu=0 ms syscalls=6
[2090 ms] [proc] reaped pid=3, slot recycled
[_exit] code=0 caller=0x0000000000402e0b
[2100 ms] [sys_exit] user requested exit, code=0 (0x0)
[2110 ms] [proc] pid=2 'c_envtest' exit code=0 (0x0) cpu=26 ms syscalls=9
[2120 ms] [proc] reaped pid=2, slot recycled
[c_envtest] recursive child pid=2 status=0x0
[c_envtest] ALL OK
[_exit] code=0 caller=0x0000000000400f44
[2150 ms] [sys_exit] user requested exit, code=0 (0x0)
[2150 ms] [proc] pid=1 'c_envtest-boot' exit code=0 (0x0) cpu=83 ms syscalls=38
[2160 ms] [proc] reaped pid=1, slot recycled
[2170 ms] [boot] M25C: /bin/c_envtest (pid=1) exit=0 (PASS)
[2180 ms] [elf] phdr[2] LOAD vaddr=0x0000000000500000 memsz=0x3a8 filesz=0x3a8 flags=R-- U -> pages [0x0000000000500000..0x0000000000501000)
[2190 ms] [elf] phdr[3] LOAD vaddr=0x00000000005013b0 memsz=0xd0 filesz=0xd0 flags=R-X U -> pages [0x0000000000501000..0x0000000000502000)
[2190 ms] [elf] phdr[4] LOAD vaddr=0x0000000000502480 memsz=0xb80 filesz=0x120 flags=RW- U -> pages [0x0000000000502000..0x0000000000503000)
[2200 ms] [elf] phdr[5] LOAD vaddr=0x00000000005035a0 memsz=0x18 filesz=0x18 flags=RW- U -> pages [0x0000000000503000..0x0000000000504000)
[2210 ms] [elf] load OK (user): type=ET_DYN, 4 segment(s), base=0x0000000000500000, entry=0x00000000005013b0, phdr=0x0000000000500040 (9 entries), PT_INTERP
[2220 ms] [elf] phdr[1] LOAD vaddr=0x0000000040000000 memsz=0x499 filesz=0x499 flags=R-- U -> pages [0x0000000040000000..0x0000000040001000)
[2230 ms] [elf] phdr[2] LOAD vaddr=0x00000000400014a0 memsz=0x9ba filesz=0x9ba flags=R-X U -> pages [0x0000000040001000..0x0000000040002000)
[2240 ms] [elf] phdr[3] LOAD vaddr=0x0000000040002e60 memsz=0x1a0 filesz=0xa0 flags=RW- U -> pages [0x0000000040002000..0x0000000040003000)
[2240 ms] [elf] phdr[4] LOAD vaddr=0x0000000040003f00 memsz=0x390 filesz=0x0 flags=RW- U -> pages [0x0000000040003000..0x0000000040005000)
[2250 ms] [elf] load OK (user): type=ET_DYN, 4 segment(s), base=0x0000000040000000, entry=0x00000000400014a0, phdr=0x0000000040000040 (8 entries)
[2260 ms] [proc] loaded interpreter '/lib/ld-toby.so' base=0x0000000040000000 entry=0x00000000400014a0
[2270 ms] [proc] created pid=1 ppid=0 'c_dynhello-boot' entry=0x00000000400014a0 rsp=0x00007fffffffff30 cr3=0x13f000 kstack=0xffffd0000001bf80 argc=1 envc=1 cwd='/'
[2280 ms] [elf] phdr[1] LOAD vaddr=0x0000000060000000 memsz=0x3188 filesz=0x3188 flags=R-- U -> pages [0x0000000060000000..0x0000000060004000)
[2290 ms] [elf] phdr[2] LOAD vaddr=0x0000000060004190 memsz=0x6321 filesz=0x6321 flags=R-X U -> pages [0x0000000060004000..0x000000006000b000)
[2310 ms] [elf] phdr[3] LOAD vaddr=0x000000006000b4c0 memsz=0xb40 filesz=0x278 flags=RW- U -> pages [0x000000006000b000..0x000000006000c000)
[2320 ms] [elf] phdr[4] LOAD vaddr=0x000000006000c738 memsz=0x1f0 filesz=0x7c flags=RW- U -> pages [0x000000006000c000..0x000000006000d000)
[2320 ms] [elf] load OK (user): type=ET_DYN, 4 segment(s), base=0x0000000060000000, entry=0x0000000060000000, phdr=0x0000000060000040 (8 entries)
[c_dynhello] hello from DYNAMIC libtoby (argc=1)
[c_dynhello] ALL OK
[_exit] code=0 caller=0x0000000060004ab4
[2350 ms] [sys_exit] user requested exit, code=0 (0x0)
[2360 ms] [proc] pid=1 'c_dynhello-boot' exit code=0 (0x0) cpu=0 ms syscalls=7
[2370 ms] [proc] reaped pid=1, slot recycled
[2370 ms] [boot] M25D: /bin/c_dynhello (pid=1) exit=0 (PASS)
[2380 ms] [elf] phdr[0] LOAD vaddr=0x0000000000400000 memsz=0x4246 filesz=0x4246 flags=R-X U -> pages [0x0000000000400000..0x0000000000405000)
[2400 ms] [elf] phdr[1] LOAD vaddr=0x0000000000405000 memsz=0x7e0 filesz=0x7e0 flags=R-- U -> pages [0x0000000000405000..0x0000000000406000)
[2410 ms] [elf] phdr[2] LOAD vaddr=0x0000000000406000 memsz=0x1e8 filesz=0x88 flags=RW- U -> pages [0x0000000000406000..0x0000000000407000)
[2410 ms] [elf] load OK (user): type=ET_EXEC, 3 segment(s), base=0x0000000000000000, entry=0x0000000000400000, phdr=0x0000000000000000 (3 entries)
[2430 ms] [proc] created pid=1 ppid=0 'p_echo-boot' entry=0x0000000000400000 rsp=0x00007fffffffff10 cr3=0x13f000 kstack=0xffffd0000001bf80 argc=3 envc=1 cwd='/'
hello from-port-echo
[_exit] code=0 caller=0x0000000000400c04
[2450 ms] [sys_exit] user requested exit, code=0 (0x0)
[2450 ms] [proc] pid=1 'p_echo-boot' exit code=0 (0x0) cpu=0 ms syscalls=6
[2460 ms] [proc] reaped pid=1, slot recycled
[2470 ms] [boot] M25E: /bin/p_echo (pid=1) exit=0 (PASS)
[2480 ms] [elf] phdr[0] LOAD vaddr=0x0000000000400000 memsz=0x4276 filesz=0x4276 flags=R-X U -> pages [0x0000000000400000..0x0000000000405000)
[2490 ms] [elf] phdr[1] LOAD vaddr=0x0000000000405000 memsz=0x7d0 filesz=0x7d0 flags=R-- U -> pages [0x0000000000405000..0x0000000000406000)
[2500 ms] [elf] phdr[2] LOAD vaddr=0x0000000000406000 memsz=0x1e8 filesz=0x88 flags=RW- U -> pages [0x0000000000406000..0x0000000000407000)
[2500 ms] [elf] load OK (user): type=ET_EXEC, 3 segment(s), base=0x0000000000000000, entry=0x0000000000400000, phdr=0x0000000000000000 (3 entries)
[2510 ms] [proc] created pid=1 ppid=0 'p_cat-boot' entry=0x0000000000400000 rsp=0x00007fffffffff20 cr3=0x13f000 kstack=0xffffd0000001bf80 argc=2 envc=1 cwd='/'
==============================================
  Welcome to tobyOS -- milestone 4
==============================================

The kernel mounted this file from /etc/motd
on a read-only ramfs backed by a USTAR initrd.

Try:
    ls
    ls /bin
    cat /readme.txt
    run /bin/hello
[_exit] code=0 caller=0x0000000000400c34
[2610 ms] [sys_exit] user requested exit, code=0 (0x0)
[2620 ms] [proc] pid=1 'p_cat-boot' exit code=0 (0x0) cpu=0 ms syscalls=7
[2630 ms] [proc] reaped pid=1, slot recycled
[2630 ms] [boot] M25E: /bin/p_cat (pid=1) exit=0 (PASS)
[2640 ms] [elf] phdr[0] LOAD vaddr=0x0000000000400000 memsz=0x4aca filesz=0x4aca flags=R-X U -> pages [0x0000000000400000..0x0000000000405000)
[2650 ms] [elf] phdr[1] LOAD vaddr=0x0000000000405000 memsz=0x840 filesz=0x840 flags=R-- U -> pages [0x0000000000405000..0x0000000000406000)
[2660 ms] [elf] phdr[2] LOAD vaddr=0x0000000000406000 memsz=0x208 filesz=0x94 flags=RW- U -> pages [0x0000000000406000..0x0000000000407000)
[2660 ms] [elf] load OK (user): type=ET_EXEC, 3 segment(s), base=0x0000000000000000, entry=0x0000000000400000, phdr=0x0000000000000000 (3 entries)
[2670 ms] [proc] created pid=1 ppid=0 'p_wc-boot' entry=0x0000000000400000 rsp=0x00007fffffffff20 cr3=0x13f000 kstack=0xffffd0000001bf80 argc=2 envc=1 cwd='/'
      12      32     297 /etc/motd
[_exit] code=0 caller=0x00000000004011f4
[2700 ms] [sys_exit] user requested exit, code=0 (0x0)
[2710 ms] [proc] pid=1 'p_wc-boot' exit code=0 (0x0) cpu=0 ms syscalls=29
[2710 ms] [proc] reaped pid=1, slot recycled
[2720 ms] [boot] M25E: /bin/p_wc (pid=1) exit=0 (PASS)
[2730 ms] [elf] phdr[0] LOAD vaddr=0x0000000000400000 memsz=0x46ba filesz=0x46ba flags=R-X U -> pages [0x0000000000400000..0x0000000000405000)
[2740 ms] [elf] phdr[1] LOAD vaddr=0x0000000000405000 memsz=0x840 filesz=0x840 flags=R-- U -> pages [0x0000000000405000..0x0000000000406000)
[2750 ms] [elf] phdr[2] LOAD vaddr=0x0000000000406000 memsz=0x208 filesz=0x9c flags=RW- U -> pages [0x0000000000406000..0x0000000000407000)
[2750 ms] [elf] load OK (user): type=ET_EXEC, 3 segment(s), base=0x0000000000000000, entry=0x0000000000400000, phdr=0x0000000000000000 (3 entries)
[2760 ms] [proc] created pid=1 ppid=0 'p_head-boot' entry=0x0000000000400000 rsp=0x00007fffffffff10 cr3=0x13f000 kstack=0xffffd0000001bf80 argc=4 envc=1 cwd='/'
==============================================
  Welcome to tobyOS -- milestone 4
[_exit] code=0 caller=0x0000000000400de4
[2800 ms] [sys_exit] user requested exit, code=0 (0x0)
[2800 ms] [proc] pid=1 'p_head-boot' exit code=0 (0x0) cpu=0 ms syscalls=7
[2810 ms] [proc] reaped pid=1, slot recycled
[2810 ms] [boot] M25E: /bin/p_head (pid=1) exit=0 (PASS)
[2820 ms] [elf] phdr[0] LOAD vaddr=0x0000000000400000 memsz=0x4d5a filesz=0x4d5a flags=R-X U -> pages [0x0000000000400000..0x0000000000405000)
[2840 ms] [elf] phdr[1] LOAD vaddr=0x0000000000405000 memsz=0x850 filesz=0x850 flags=R-- U -> pages [0x0000000000405000..0x0000000000406000)
[2840 ms] [elf] phdr[2] LOAD vaddr=0x0000000000406000 memsz=0x208 filesz=0x94 flags=RW- U -> pages [0x0000000000406000..0x0000000000407000)
[2850 ms] [elf] load OK (user): type=ET_EXEC, 3 segment(s), base=0x0000000000000000, entry=0x0000000000400000, phdr=0x0000000000000000 (3 entries)
[2860 ms] [proc] created pid=1 ppid=0 'p_ls-boot' entry=0x0000000000400000 rsp=0x00007fffffffff20 cr3=0x13f000 kstack=0xffffd0000001bf80 argc=2 envc=1 cwd='/'
abi_test
audiotest
bad
batterytest
c_alloctest
c_args
c_dynhello
c_envtest
c_filedemo
c_hello
cat
compattest
crashinfo
devlist
displayinfo
drawtest
drvmatch
drvtest
echo
fonttest
fscheck
gui_about
gui_clock
gui_demo
gui_files
gui_settings
gui_term
gui_viewer
gui_widgets
hello
hwcompat
hwinfo
hwreport
login
logview
long_task
netecho
p_cat
p_echo
p_grep
p_head
p_ls
p_wc
rendertest
safesh
selfhosttest
services
stabilitytest
svc_crasher
tobybuild
tobycc
usbtest
wdogtest
[_exit] code=0 caller=0x0000000000401194
[3230 ms] [sys_exit] user requested exit, code=0 (0x0)
[3240 ms] [proc] pid=1 'p_ls-boot' exit code=0 (0x0) cpu=0 ms syscalls=169
[3250 ms] [proc] reaped pid=1, slot recycled
[3250 ms] [boot] M25E: /bin/p_ls (pid=1) exit=0 (PASS)
[3260 ms] [elf] phdr[0] LOAD vaddr=0x0000000000400000 memsz=0x480a filesz=0x480a flags=R-X U -> pages [0x0000000000400000..0x0000000000405000)
[3280 ms] [elf] phdr[1] LOAD vaddr=0x0000000000405000 memsz=0x8e0 filesz=0x8e0 flags=R-- U -> pages [0x0000000000405000..0x0000000000406000)
[3290 ms] [elf] phdr[2] LOAD vaddr=0x0000000000406000 memsz=0x228 filesz=0x94 flags=RW- U -> pages [0x0000000000406000..0x0000000000407000)
[3290 ms] [elf] load OK (user): type=ET_EXEC, 3 segment(s), base=0x0000000000000000, entry=0x0000000000400000, phdr=0x0000000000000000 (3 entries)
[3300 ms] [proc] created pid=1 ppid=0 'p_grep-boot' entry=0x0000000000400000 rsp=0x00007fffffffff10 cr3=0x13f000 kstack=0xffffd0000001bf80 argc=3 envc=1 cwd='/'
  Welcome to tobyOS -- milestone 4
[_exit] code=0 caller=0x0000000000400f34
[3330 ms] [sys_exit] user requested exit, code=0 (0x0)
[3330 ms] [proc] pid=1 'p_grep-boot' exit code=0 (0x0) cpu=0 ms syscalls=305
[3340 ms] [proc] reaped pid=1, slot recycled
[3350 ms] [boot] M25E: /bin/p_grep (pid=1) exit=0 (PASS)
[3350 ms] [boot] M25E: ports 6/6 PASS
[3360 ms] [boot] BSP LAPIC timer @ 100 Hz live (vec=0x40)
[3370 ms] [smp] 1 CPU(s) total: BSP apic_id=0
[3370 ms] [smp]   cpu0: apic_id=0 (BSP)
[3380 ms] CPU 0 online
[3380 ms]   apic_id=0 (BSP)  stack=bootloader-provided
[3390 ms] [smp] uniprocessor -- nothing to wake
[3430 ms] [gfx] back buffer 1280x800 (4000 KiB) ready, fb_pitch=1280 px, backend=limine-fb
[3440 ms] [mouse] PS/2 driver up (IRQ12 routed via IO APIC, sample=200Hz)
[3440 ms] [gui] window manager ready (max 8 windows, 24-px title bar)
[3450 ms] [term] session pool ready (4 sessions, 4096-byte rings)
[3460 ms] Welcome to tobyOS
[3470 ms] milestone 14: services + settings + login. Boot drops into the GUI desktop with /bin/login.
[3470 ms] 
[3480 ms] [boot] requesting deferred network bring-up
[3490 ms] [boot] settling input before network bring-up
[3790 ms] [boot] servicing deferred network bring-up
[3790 ms] [net] deferred boot bring-up starting (attempt 1)
[3800 ms] [net] nic=e1000:00:03.0 mac=52:54:00:12:34:56 -- starting up
[3810 ms] [dhcp] DISCOVER xid=0x1b4a8035
[3810 ms] [e1000] RX DHCP frame len=590 udp 67 -> 68 dst=ff:ff:ff:ff:ff:ff
[3810 ms] [dhcp] OFFER  yiaddr=10.0.2.15 server=10.0.2.2
[3810 ms] [dhcp] REQUEST requested=10.0.2.15
[3810 ms] [e1000] RX DHCP frame len=590 udp 67 -> 68 dst=ff:ff:ff:ff:ff:ff
[3810 ms] [dhcp] ACK    bound: ip=10.0.2.15 mask=255.255.255.0 gw=10.0.2.2 dns=10.0.2.3 lease=86400s (server=10.0.2.2)
[3820 ms] [net] DHCP lease applied: ip=10.0.2.15 mask=255.255.255.0 gw=10.0.2.2 dns=10.0.2.3
[3830 ms] [net] up: nic=e1000:00:03.0 ip=10.0.2.15 gw=10.0.2.2 mac=52:54:00:12:34:56
[3840 ms] [net] gateway 10.0.2.2 -> 52:55:0a:00:02:02 (cached)
[3840 ms] [net] dns     10.0.2.3 -> 52:55:0a:00:02:03 (cached)
[3850 ms] [tcp] LISTEN tcp[0] lp=1234 backlog=4
[3860 ms] [tcp-echo] listening on TCP port 1234
[3860 ms] [tcp] LISTEN tcp[1] lp=7777 backlog=4
[3870 ms] [tcp-shell] listening on TCP port 7777
[3880 ms] [net] deferred boot bring-up complete
[3890 ms] [rng] CSPRNG ready (rdrand=0 words=0)
[3890 ms] [ssh-crypto] refusing to generate persistent host key: no hardware RNG seed available
[3900 ms] [ssh] host key unavailable; TCP/22 not started
[3910 ms] [settings] /data/settings.conf not found (no such file or directory) -- writing defaults
[3920 ms] [settings] save failed: read-only filesystem
[3920 ms] [settings] cache:
[3930 ms]   desktop.bg=theme
[3940 ms]   desktop.accent=orange
[3940 ms]   desktop.title=tobyOS
[3950 ms]   desktop.greeting=Welcome to tobyOS
[3960 ms]   ui.theme=cyber
[3970 ms]   ui.transparency=on
[3970 ms]   ui.nixie_glow=75
[3980 ms]   ui.night_light=off
[3980 ms]   ui.widgets=on
[3990 ms]   ui.animations=on
[4000 ms]   device.bluetooth=off
[4000 ms]   network.autostart=on
[4010 ms]   user.last=toby
[4020 ms]   user.greeting=Hello, friend!
[4030 ms]   session.autostart=
[4030 ms] [users] /data/users not found (no such file or directory) -- writing defaults
[4040 ms] [users] save failed: read-only filesystem
[4050 ms] [users] cache (3 entries):
[4050 ms]   root             uid=0 gid=0
[4060 ms]   toby             uid=1000 gid=1000
[4070 ms]   guest            uid=1001 gid=1001
[4070 ms] [theme] active='cyber' (settings ui.theme='cyber')
[4080 ms] [svc] registered builtin 'notify'
[4090 ms] [4090] INFO  svc      pid=0: registered builtin 'notify'
[4090 ms] [notify] daemon ready (ring depth 32)
[4100 ms] [svc] service manager up (max 8 services)
[4110 ms] [4110] INFO  svc      pid=0: manager up max=8 backoff_base=100ms cap=6400ms disable_at=5
[4110 ms] [svc] registered builtin 'input'
[4120 ms] [4120] INFO  svc      pid=0: registered builtin 'input'
[4130 ms] [svc] registered builtin 'network'
[4130 ms] [4130] INFO  svc      pid=0: registered builtin 'network'
[4140 ms] [svc] registered builtin 'desktop'
[4150 ms] [4150] INFO  svc      pid=0: registered builtin 'desktop'
[4150 ms] [svc] registered builtin 'session'
[4160 ms] [4160] INFO  svc      pid=0: registered builtin 'session'
[4170 ms] [trace] level 0 -> 1
[4170 ms] [gui] auto-enabled trace (level=1) for desktop session
[4180 ms] [trace t=418 pid=0] [4180 ms] gui_set_desktop_mode: off -> on[4180 ms] 
[4190 ms] [gui] entering graphical mode
[4190 ms] [session] init: last user='toby' (will be pre-filled at login)
[4190 ms] [svc] registered program 'login' -> /bin/login (autorestart=1)
[4190 ms] [4190] INFO  svc      pid=0: registered program 'login' path='/bin/login' autorestart=1
[4190 ms] [trace t=419 pid=0] [4190 ms] launch_enqueue '/bin/login' sandbox='' caps='' (head=1 tail=0)[4190 ms] 
[4190 ms] [svc] 'login' enqueued (restart #1, crashes=0)
[4190 ms] [4190] INFO  svc      pid=0: 'login' enqueued restart=1 crashes=0
[4190 ms] [svc] 5 services registered
[4190 ms]   name         kind    state    auto pid rcnt  ccnt  ccon  path
[4190 ms]   input        builtin running  0    0   0     0     0     (builtin)
[4190 ms]   network      builtin running  0    0   0     0     0     (builtin)
[4190 ms]   desktop      builtin running  0    0   0     0     0     (builtin)
[4190 ms]   session      builtin running  0    0   0     0     0     (builtin)
[4190 ms]   login        program running  1    0   1     0     0     /bin/login
[4190 ms] [notify #1 urg=0 kind=1] kernel: Desktop ready -- Welcome to tobyOS. Click [Apps] to launch a program, or click the bell to open the notification
[4200 ms] [notify #2 urg=0 kind=1] session: Login service started -- /bin/login is running. Type 'root' to log in.
[4200 ms] [boot] first gui_tick after desktop init
[4200 ms] [trace t=420 pid=0] [4200 ms] drain_launch_queue: spawning '/bin/login' sandbox='default' caps=''[4200 ms] 
[4200 ms] [elf] phdr[0] LOAD vaddr=0x0000000000400000 memsz=0xf21 filesz=0xf21 flags=R-X U -> pages [0x0000000000400000..0x0000000000401000)
[4200 ms] [elf] phdr[1] LOAD vaddr=0x0000000000401000 memsz=0x194 filesz=0x194 flags=R-- U -> pages [0x0000000000401000..0x0000000000402000)
[4200 ms] [elf] phdr[2] LOAD vaddr=0x0000000000402000 memsz=0x30 filesz=0x18 flags=RW- U -> pages [0x0000000000402000..0x0000000000403000)
[4200 ms] [elf] load OK (user): type=ET_EXEC, 3 segment(s), base=0x0000000000000000, entry=0x0000000000400000, phdr=0x0000000000000000 (3 entries)
[4200 ms] [proc] created pid=1 ppid=0 'login' entry=0x0000000000400000 rsp=0x00007fffffffff50 cr3=0x52a000 kstack=0xffffd0000001be00 argc=0 envc=0 cwd='/'
[4200 ms] [cap] pid=1 'login' sandbox='default' caps=FILE_READ,FILE_WRITE,EXEC,NET,GUI,TERM,SETTINGS_WRITE root=(none)
[4200 ms] [trace t=420 pid=0] [4200 ms] track_pid pid=1 slot=0[4200 ms] 
[4200 ms] [gui] launched /bin/login as pid 1 (session=0)
[4200 ms] [trace t=420 pid=0] [4200 ms] drain_launch_queue: spawned '/bin/login' as pid=1 session=0[4200 ms] 
[4200 ms] [svc] 'login' pid=1 (backfilled)
[4210 ms] [trace t=421 pid=0] [4210 ms] heartbeat windows=0 apps_alive=1 cursor=(640,400) btn=0x00 dirty=1 menu=0 desktop=1[4210 ms] 
[4210 ms] [trace t=421 pid=0] [4210 ms] toast new id=2 urg=0 app='session' title='Login service started'[4210 ms] 
[4240 ms] [trace t=424 pid=1] [4240 ms] window_create wid=1 owner_pid=1 size=380x220 pos=(60,40) title='tobyOS login'[4240 ms] 
[4260 ms] [sec] M34 crypto self-test PASS (SHA-256, HMAC-SHA-256, hex/ct)
[4280 ms] [ssh-crypto] Monocypher self-test PASS (X25519, Ed25519, XChaCha20-Poly1305)
[4280 ms] [sec] trust store loaded: 1 key(s) from /system/keys/trust.db
[4280 ms] [sysprot] init: 5 protected prefix(es)
[4280 ms] [sysprot]   /system          system
[4280 ms] [sysprot]   /system/keys     trust-store
[4280 ms] [sysprot]   /boot            boot
[4280 ms] [sysprot]   /data/packages   package-db
[4280 ms] [sysprot]   /data/users      user-db
[4280 ms] [pkg] mkdir('/data/apps') failed: read-only filesystem
[4280 ms] [pkg] mkdir('/data/packages') failed: read-only filesystem
[4280 ms] [pkg] mkdir('/data/repo') failed: read-only filesystem
[4280 ms] [pkg] package manager ready (apps=/data/apps db=/data/packages repo=/data/repo,/repo)
[4280 ms] [fw_cfg] QEMU fw_cfg interface present at 0x510/0x511
[4290 ms] [battery] no ACPI battery detected (no fw_cfg mock, no PNP0C0A in AML)
[4290 ms] [display] registered fb0 1280x800 backend=limine-fb
[4290 ms] type 'help' to list commands.
[4290 ms] tobyOS> [4290 ms] [boot] QUICK_BOOT: skipping devtest_boot_run + shell smoketest + M26A/M27A spawns
[4290 ms] [boot] QUICK_BOOT: skipping M28A–M35G boot harness spawns (CI: `make fullboot` / omit -DQUICK_BOOT)
[4290 ms] [bootlog] /data not mounted — skipping boot.log
[4290 ms] [bootlog] no FAT32 USB at /usb — skipping BOOTLOG.TXT
[4290 ms] [bootlog] flush complete (ram cap=262144 overflow=0)
[4320 ms] [bootlog] net upload: sent 47156 bytes to 192.168.68.74:40123/udp
[4320 ms] [bootlog] (deferred) no FAT32 USB at /usb — skipping BOOTLOG.TXT
[4320 ms] [bootlog] deferred USB flush done (ram cap=262144 overflow=0)
[5210 ms] [trace t=521 pid=0] [5210 ms] heartbeat windows=1 apps_alive=1 cursor=(640,400) btn=0x00 dirty=0 menu=0 desktop=1[5210 ms] 
[6210 ms] [trace t=621 pid=0] [6210 ms] heartbeat windows=1 apps_alive=1 cursor=(640,400) btn=0x00 dirty=0 menu=0 desktop=1[6210 ms] 
[7210 ms] [trace t=721 pid=0] [7210 ms] heartbeat windows=1 apps_alive=1 cursor=(640,400) btn=0x00 dirty=0 menu=0 desktop=1[7210 ms] 
[8210 ms] [trace t=821 pid=0] [8210 ms] heartbeat windows=1 apps_alive=1 cursor=(640,400) btn=0x00 dirty=0 menu=0 desktop=1[8210 ms] 
[8210 ms] [trace t=821 pid=0] [8210 ms] toast id=2 expired[8210 ms] 
[8210 ms] [trace t=821 pid=0] [8210 ms] toast new id=1 urg=0 app='kernel' title='Desktop ready'[8210 ms] 
[9210 ms] [trace t=921 pid=0] [9210 ms] heartbeat windows=1 apps_alive=1 cursor=(640,400) btn=0x00 dirty=0 menu=0 desktop=1[9210 ms] 
[10210 ms] [trace t=1021 pid=0] [10210 ms] heartbeat windows=1 apps_alive=1 cursor=(640,400) btn=0x00 dirty=0 menu=0 desktop=1[10210 ms] 
[11210 ms] [trace t=1121 pid=0] [11210 ms] heartbeat windows=1 apps_alive=1 cursor=(640,400) btn=0x00 dirty=0 menu=0 desktop=1[11210 ms] 
[12210 ms] [trace t=1221 pid=0] [12210 ms] heartbeat windows=1 apps_alive=1 cursor=(640,400) btn=0x00 dirty=0 menu=0 desktop=1[12210 ms] 
[12210 ms] [trace t=1221 pid=0] [12210 ms] toast id=1 expired[12210 ms] 
[13210 ms] [trace t=1321 pid=0] [13210 ms] heartbeat windows=1 apps_alive=1 cursor=(640,400) btn=0x00 dirty=0 menu=0 desktop=1[13210 ms] 
[14210 ms] [trace t=1421 pid=0] [14210 ms] heartbeat windows=1 apps_alive=1 cursor=(640,400) btn=0x00 dirty=0 menu=0 desktop=1[14210 ms] 
[15210 ms] [trace t=1521 pid=0] [15210 ms] heartbeat windows=1 apps_alive=1 cursor=(640,400) btn=0x00 dirty=0 menu=0 desktop=1[15210 ms] 
[16210 ms] [trace t=1621 pid=0] [16210 ms] heartbeat windows=1 apps_alive=1 cursor=(640,400) btn=0x00 dirty=0 menu=0 desktop=1[16210 ms] 
[17210 ms] [trace t=1721 pid=0] [17210 ms] heartbeat windows=1 apps_alive=1 cursor=(640,400) btn=0x00 dirty=0 menu=0 desktop=1[17210 ms] 
[18210 ms] [trace t=1821 pid=0] [18210 ms] heartbeat windows=1 apps_alive=1 cursor=(640,400) btn=0x00 dirty=0 menu=0 desktop=1[18210 ms] 
[19210 ms] [trace t=1921 pid=0] [19210 ms] heartbeat windows=1 apps_alive=1 cursor=(640,400) btn=0x00 dirty=0 menu=0 desktop=1[19210 ms] 
[20210 ms] [trace t=2021 pid=0] [20210 ms] heartbeat windows=1 apps_alive=1 cursor=(640,400) btn=0x00 dirty=0 menu=0 desktop=1[20210 ms] 
[21210 ms] [trace t=2121 pid=0] [21210 ms] heartbeat windows=1 apps_alive=1 cursor=(640,400) btn=0x00 dirty=0 menu=0 desktop=1[21210 ms] 
[22210 ms] [trace t=2221 pid=0] [22210 ms] heartbeat windows=1 apps_alive=1 cursor=(640,400) btn=0x00 dirty=0 menu=0 desktop=1[22210 ms] 
[23210 ms] [trace t=2321 pid=0] [23210 ms] heartbeat windows=1 apps_alive=1 cursor=(640,400) btn=0x00 dirty=0 menu=0 desktop=1[23210 ms] 
[24210 ms] [trace t=2421 pid=0] [24210 ms] heartbeat windows=1 apps_alive=1 cursor=(640,400) btn=0x00 dirty=0 menu=0 desktop=1[24210 ms] 
[25210 ms] [trace t=2521 pid=0] [25210 ms] heartbeat windows=1 apps_alive=1 cursor=(640,400) btn=0x00 dirty=0 menu=0 desktop=1[25210 ms] 
[26210 ms] [trace t=2621 pid=0] [26210 ms] heartbeat windows=1 apps_alive=1 cursor=(640,400) btn=0x00 dirty=0 menu=0 desktop=1[26210 ms] 
[27210 ms] [trace t=2721 pid=0] [27210 ms] heartbeat windows=1 apps_alive=1 cursor=(640,400) btn=0x00 dirty=0 menu=0 desktop=1[27210 ms] 
[28210 ms] [trace t=2821 pid=0] [28210 ms] heartbeat windows=1 apps_alive=1 cursor=(640,400) btn=0x00 dirty=0 menu=0 desktop=1[28210 ms] 
