[------] [boot] serial up
[------] [0] INFO  slog    : slog ready (depth=256, persist=/data/system.log)
[------] [0] INFO  boot    : tobyOS boot sequence started
[------] [boot] framebuffer: 1280x800 pitch=5120 bpp=32 addr=0xffff8000fd000000
[------] [boot] console up
[------] [gdt] loaded: base=0xffffffff800ee6e0 limit=55 entries=7
[------] [gdt] CS=0x08 DS=0x10 (expected CS=0x08 DS=0x10)
[------] [gdt] user CS=0x23 DS=0x1b  TSS sel=0x28 (TSS slot empty until tss_init)
[------] [idt] loaded: base=0xffffffff800ee730 limit=4095 (256 gates wired)
[------] [boot] firing int3 to exercise IDT round-trip...
[------] [isr] breakpoint hit at rip=0xffffffff8000109f (rflags=0x86)
[------] [boot] int3 returned cleanly, IDT round-trip OK
[------] [0] INFO  wdog    : watchdog ready (timeout=10000 ms)
[0 ms] [pit] channel 0 -> 100 Hz (divisor=11931)
[0 ms] [kbd] PS/2 driver up (IRQ1 enabled + unmasked)
[10 ms] [boot] interrupts enabled (IRQ0 timer + IRQ1 keyboard, via legacy PIC for early boot)
[70 ms] [perf] TSC calibrated: 4389 MHz (219485976 cycles in 50000000 ns)
[70 ms] [boot] HHDM offset = 0xffff800000000000
[70 ms] [pmm] Limine memmap (19 entries):
[70 ms]   0x0000000000001000..0x0000000000061000       384 KiB  bootloader
[70 ms]   0x0000000000061000..0x000000000009f000       248 KiB  usable
[70 ms]   0x000000000009fc00..0x00000000000a0000         1 KiB  reserved
[70 ms]   0x00000000000f0000..0x0000000000100000        64 KiB  reserved
[70 ms]   0x0000000000100000..0x00000000076b3000    120524 KiB  usable
[70 ms]   0x00000000076b3000..0x0000000007ab3000      4096 KiB  kernel
[70 ms]   0x0000000007ab3000..0x0000000007ab4000         4 KiB  bootloader
[70 ms]   0x0000000007ab4000..0x0000000007c7e000      1832 KiB  kernel
[70 ms]   0x0000000007c7e000..0x0000000007c7f000         4 KiB  bootloader
[70 ms]   0x0000000007c7f000..0x0000000007c82000        12 KiB  usable
[70 ms]   0x0000000007c82000..0x0000000007c88000        24 KiB  bootloader
[70 ms]   0x0000000007c88000..0x0000000007e83000      2028 KiB  kernel
[70 ms]   0x0000000007e83000..0x0000000007f4b000       800 KiB  bootloader
[70 ms]   0x0000000007f4b000..0x0000000007f66000       108 KiB  usable
[70 ms]   0x0000000007f66000..0x0000000007fe0000       488 KiB  bootloader
[70 ms]   0x0000000007fe0000..0x0000000008000000       128 KiB  reserved
[70 ms]   0x00000000fd000000..0x00000000fd3e8000      4000 KiB  framebuffer
[70 ms]   0x00000000fffc0000..0x0000000100000000       256 KiB  reserved
[70 ms]   0x000000fd00000000..0x0000010000000000  12582912 KiB  reserved
[70 ms] [pmm] managed:  32614 pages (127 MiB) up to 0x0000000007f66000
[70 ms] [pmm] usable:   120892 KiB across 19 regions
[80 ms] [pmm] bitmap:   4077 bytes at phys 0x0000000000061000 (virt 0xffff800000061000), 1 pages
[80 ms] [pmm] free:     30222 pages (118 MiB) -- used: 2392 pages
[80 ms] [pmm] test: allocated 0x0000000000062000 0x0000000000063000 0x0000000000064000 0x0000000000065000 (free now=30218)
[80 ms] [pmm] test: read-back a=0xdeadbeefcafebabe d=0x1122334455667788
[80 ms] [pmm] test: alloc/free balanced (free=30222 before & after)
[80 ms] [boot] reserved AP trampoline page at phys 0x0000000000070000
[80 ms] [vmm] kernel image: virt 0xffffffff80000000..0xffffffff801fb000 -> phys 0x0000000007c88000 (2028 KiB)
[80 ms] [vmm] hhdm mirror:  132 MiB across memmap, top phys 0x00000000fd400000, 2M pages
[80 ms] [vmm] new PML4 at phys 0x0000000000062000, switching CR3...
[80 ms] [vmm] CR3 switched. Running on tobyOS page tables.
[80 ms] [vmm] test: __text_start 0xffffffff80001000 -> phys 0x0000000007c89000
[80 ms] [vmm] test: __data_start 0xffffffff800ad000 -> phys 0x0000000007d35000
[80 ms] [vmm] test: HHDM r/w through new PML4 at phys 0x0000000000069000 OK
[80 ms] [vmm] test: new mapping at 0xffffc00000000000 <-> phys 0x0000000000069000 verified
[80 ms] [vmm] test: unmap clears translation, scratch page freed
[80 ms] [vmm] test: ok
[80 ms] [heap] up: initial arena 17 pages (67 KiB)
[80 ms] [heap] start: arenas=1 total=69600 used=0 free=69600  brk=0xffffd00000011000 (region 0xffffd00000000000..0xffffd10000000000)
[80 ms] [heap] after 8 allocs: arenas=2 used=85616 free=65872 allocs=8
[80 ms] [heap] after 8 frees: arenas=2 used=0 free=151488 frees=8
[80 ms] [heap] test: ok (region OK, fragmented 80 KiB alloc OK, round-trip balanced, kcalloc zero-verified)
[80 ms] [heap] brk now 0xffffd00000025000 (148 KiB virt consumed)
[80 ms] [tss] installed: tss=0xffffffff80105500 rsp0=0xffffffff80105500 (irq stack 16 KiB)
[90 ms] [sys] EFER.SCE on, STAR=0x0010000800000000, LSTAR=0xffffffff80089724, FMASK=0x700
[90 ms] [sys] kernel syscall rsp = 0xffffffff80105500
[90 ms] [sys] available syscalls: 0=exit  1=write  2=read  3=pipe  4=close  5=yield
[90 ms] [sys]                     6=socket 7=bind 8=sendto 9=recvfrom
[90 ms] [sys]                     10=gui_create 11=gui_fill 12=gui_text 13=gui_flip 14=gui_poll_event
[90 ms] [sys]                     15=term_open 16=term_write 17=term_read 18=fs_readdir 19=fs_readfile 20=exec
[90 ms] [sys]                     21=setting_get 22=setting_set 23=login 24=logout 25=session_info
[90 ms] [sys]                     26=getuid 27=getgid 28=username 29=chmod 30=chown
[90 ms] [sys]   M25A: 31=getpid 32=getppid 33=spawn 34=waitpid 35=open 36=lseek 37=stat 38=fstat
[90 ms] [sys]         39=dup 40=dup2 41=unlink 42=mkdir 43=brk 44=getcwd 45=chdir 46=getenv
[90 ms] [sys]         47=nanosleep 48=clock_ms 49=abi_version (ABI v1)
[90 ms] [acpi] using RSDT @ 0x0000000007fe244c (entries=4)
[90 ms] [acpi] MADT: lapic_phys (32-bit field) = 0x00000000fee00000, legacy_pic=yes
[90 ms] [acpi]   CPU0: acpi_id=0 apic_id=0 flags=0x1 enabled 
[90 ms] [acpi]   CPU1: acpi_id=1 apic_id=1 flags=0x1 enabled 
[90 ms] [acpi]   CPU2: acpi_id=2 apic_id=2 flags=0x1 enabled 
[90 ms] [acpi]   CPU3: acpi_id=3 apic_id=3 flags=0x1 enabled 
[90 ms] [acpi]   IOAPIC 0: mmio=0x00000000fec00000 gsi_base=0
[90 ms] [acpi]   ISO: ISA IRQ0 -> GSI 2 (flags=0x0)
[90 ms] [acpi]   ISO: ISA IRQ5 -> GSI 5 (flags=0xd)
[90 ms] [acpi]   ISO: ISA IRQ9 -> GSI 9 (flags=0xd)
[90 ms] [acpi]   ISO: ISA IRQ10 -> GSI 10 (flags=0xd)
[90 ms] [acpi]   ISO: ISA IRQ11 -> GSI 11 (flags=0xd)
[90 ms] [acpi]   LAPIC NMI: acpi_proc=255 lint=1 flags=0x0
[90 ms] [acpi] enumerated 4 CPU(s) (SMP), 1 IO APIC(s), 5 override(s), 1 NMI source(s)
[90 ms] [acpi] FADT: pm1a_cnt=0x604 pm1b_cnt=0x0 smi_cmd=0xb2 acpi_enable=0xf1 sci_int=9
[90 ms] [acpi] FADT: reset_reg not supported (flags=0x80a5)
[90 ms] [acpi] DSDT _S5_: SLP_TYPa=0 SLP_TYPb=0 (DSDT 8872 bytes)
[90 ms] [acpi] AML inventory: dsdt=8836 bytes, 0 SSDT(s)
[100 ms] [apic] BSP local APIC: phys=0x00000000fee00000 virt=0xffffd20000000000 id=0 ver=0x14
[100 ms] [apic] SVR=0x1ff  spurious_vec=0xff  timer_vec=0x40 (masked)
[110 ms] [apic] timer calibrated: ~9119700 ticks/10ms (~911970 kHz, ~911970000 Hz/sec)
[110 ms] [ioapic] chip 0: phys=0x00000000fec00000 virt=0xffffd20000010000 gsi=[0..23] ver=0x20 entries=24
[110 ms] [irq]   re-route ISA IRQ 0 -> GSI 2 vec=0x20 edge/ahigh
[110 ms] [irq]   re-route ISA IRQ 1 (identity, edge/ahigh) -> vec=0x21
[110 ms] [irq] facade: switched to IO APIC mode (2 IRQs re-routed)
[110 ms] [pci] enumerating bus 0...
[110 ms] [pci] 6 device(s):
[110 ms] [pci] 00:00.0  8086:1237  bridge.host       [120 ms] 
[120 ms] [pci] 00:01.0  8086:7000  bridge.isa        [120 ms] 
[120 ms] [pci] 00:01.1  8086:7010  storage.ide       [120 ms]   BAR4 io 16[120 ms] 
[130 ms] [pci] 00:01.3  8086:7113  bridge            [130 ms]   IRQ 9[130 ms] 
[130 ms] [pci] 00:02.0  1234:1111  display.vga       [130 ms]   BAR0 mem 16384K[130 ms]   BAR2 mem 4K[130 ms] 
[140 ms] [pci] 00:03.0  8086:100e  network.ethernet  [140 ms]   IRQ 11[140 ms]   BAR0 mem 128K[140 ms]   BAR1 io 64[140 ms] 
[150 ms] [ata] primary master: 32768 sectors (16384 KiB) -- PIO LBA28 (PCI 00:01.1)
[160 ms] [blk] registered 'ide0:master' [disk] (32768 sectors, 16384 KiB)
[160 ms] [pci] driver blk_ata  bound to 00:01.1  (8086:7010) strat=generic
[170 ms] [e1000] probing 00:03.0  (vid:did 8086:100e)
[180 ms] [e1000] MMIO BAR0 phys=0x00000000febc0000 virt=0xffff8000febc0000 (128 KiB UC)
[190 ms] [e1000] MAC 52:54:00:12:34:56
[190 ms] [e1000] RX live RDBAL=0x00099000 RDLEN=512 RDT=31 RCTL=0x0400800a
[200 ms] [e1000] no MSI cap -- staying polled (vec 0x50 is now idle)
[210 ms] [net] +nic e1000:00:03.0 mac=52:54:00:12:34:56 (slot 0)
[220 ms] [pci] driver e1000    bound to 00:03.0  (8086:100e) strat=exact
[230 ms] [pci] bind complete -- 2 of 6 device(s) bound  (2 newly this pass)
[240 ms] [blk] 1 device(s) registered:
[240 ms]   [0] ide0:master          disk    32768 sectors ( 16384 KiB)
[250 ms] [net] 1 nic(s) registered:
[250 ms]   [0] e1000:00:03.0 mac=52:54:00:12:34:56
[260 ms] [boot] Limine modules (2):
[270 ms]   [0] /boot/initrd.tar  size=1873920  addr=0xffff800007ab4000
[280 ms]   [1] /boot/install.img  size=4194304  addr=0xffff8000076b3000
[280 ms] [initrd] using '/boot/initrd.tar' (size=1873920, addr=0xffff800007ab4000)
[290 ms] [ramfs] mounted: 77 entries from 1873920-byte tar at 0xffff800007ab4000
[300 ms]   - bin/hello                         8848 B  data@0xffff800007ab4200
[310 ms]   - bin/bad                           8800 B  data@0xffff800007ab6800
[320 ms]   - bin/echo                          13032 B  data@0xffff800007ab8e00
[320 ms]   - bin/cat                           8864 B  data@0xffff800007abc400
[330 ms]   - bin/long_task                     8864 B  data@0xffff800007abea00
[340 ms]   - bin/netecho                       17232 B  data@0xffff800007ac1000
[350 ms]   - bin/gui_demo                      13080 B  data@0xffff800007ac5600
[350 ms]   - bin/gui_clock                     13032 B  data@0xffff800007ac8c00
[360 ms]   - bin/gui_widgets                   13712 B  data@0xffff800007acc200
[370 ms]   - bin/gui_about                     13672 B  data@0xffff800007acfa00
[380 ms]   - bin/gui_term                      13232 B  data@0xffff800007ad3200
[380 ms]   - bin/gui_files                     17752 B  data@0xffff800007ad6800
[390 ms]   - bin/gui_viewer                    13304 B  data@0xffff800007adb000
[400 ms]   - bin/login                         13696 B  data@0xffff800007ade600
[410 ms]   - bin/gui_settings                  34960 B  data@0xffff800007ae1e00
[410 ms]   - bin/abi_test                      13064 B  data@0xffff800007aeaa00
[420 ms]   - bin/c_hello                       29648 B  data@0xffff800007aee000
[430 ms]   - bin/c_args                        29648 B  data@0xffff800007af5600
[430 ms]   - bin/c_filedemo                    33744 B  data@0xffff800007afcc00
[440 ms]   - bin/c_alloctest                   33744 B  data@0xffff800007b05200
[450 ms]   - bin/c_envtest                     34104 B  data@0xffff800007b0d800
[460 ms]   - bin/c_dynhello                    3328 B  data@0xffff800007b16000
[460 ms]   - bin/devlist                       34328 B  data@0xffff800007b17000
[470 ms]   - bin/drvtest                       34328 B  data@0xffff800007b1fa00
[480 ms]   - bin/usbtest                       38808 B  data@0xffff800007b28400
[480 ms]   - bin/audiotest                     34328 B  data@0xffff800007b31e00
[490 ms]   - bin/batterytest                   34328 B  data@0xffff800007b3a800
[500 ms]   - bin/displayinfo                   34328 B  data@0xffff800007b43200
[510 ms]   - bin/drawtest                      34472 B  data@0xffff800007b4bc00
[510 ms]   - bin/rendertest                    42984 B  data@0xffff800007b54600
[520 ms]   - bin/fonttest                      33808 B  data@0xffff800007b5f000
[530 ms]   - bin/logview                       34168 B  data@0xffff800007b67800
[540 ms]   - bin/crashinfo                     33776 B  data@0xffff800007b70000
[540 ms]   - bin/wdogtest                      33864 B  data@0xffff800007b78600
[550 ms]   - bin/safesh                        34256 B  data@0xffff800007b80e00
[560 ms]   - bin/fscheck                       33864 B  data@0xffff800007b89600
[570 ms]   - bin/services                      33936 B  data@0xffff800007b91e00
[570 ms]   - bin/svc_crasher                   29648 B  data@0xffff800007b9a600
[580 ms]   - bin/stabilitytest                 33992 B  data@0xffff800007ba1c00
[590 ms]   - bin/hwinfo                        34320 B  data@0xffff800007baa400
[600 ms]   - bin/drvmatch                      43168 B  data@0xffff800007bb2e00
[600 ms]   - bin/hwcompat                      34360 B  data@0xffff800007bbda00
[610 ms]   - bin/hwreport                      38520 B  data@0xffff800007bc6400
[620 ms]   - bin/compattest                    51912 B  data@0xffff800007bcfe00
[620 ms]   - bin/tobycc                        33888 B  data@0xffff800007bdcc00
[630 ms]   - bin/tobybuild                     34008 B  data@0xffff800007be5400
[640 ms]   - bin/selfhosttest                  34008 B  data@0xffff800007bedc00
[650 ms]   - bin/p_echo                        34112 B  data@0xffff800007bf6400
[650 ms]   - bin/p_cat                         34112 B  data@0xffff800007bfec00
[660 ms]   - bin/p_wc                          34472 B  data@0xffff800007c07400
[670 ms]   - bin/p_head                        34456 B  data@0xffff800007c0fe00
[680 ms]   - bin/p_ls                          34704 B  data@0xffff800007c18800
[680 ms]   - bin/p_grep                        34600 B  data@0xffff800007c21200
[690 ms]   - lib/ld-toby.so                    5672 B  data@0xffff800007c29c00
[700 ms]   - lib/libtoby.so                    47752 B  data@0xffff800007c2b600
[710 ms]   - repo/helloapp.tpkg                14294 B  data@0xffff800007c37400
[710 ms]   - repo/helloapp_v2.tpkg             14351 B  data@0xffff800007c3ae00
[720 ms]   - repo/helloapp_corrupt.tpkg        14293 B  data@0xffff800007c3ea00
[730 ms]   - repo/helloapp_badhash.tpkg        14294 B  data@0xffff800007c42400
[740 ms]   - repo/helloapp_nohash.tpkg         14037 B  data@0xffff800007c45e00
[740 ms]   - repo/helloapp_badfhash.tpkg       14295 B  data@0xffff800007c49800
[750 ms]   - repo/helloapp_v2_corrupt.tpkg     14350 B  data@0xffff800007c4d200
[760 ms]   - repo/helloapp_signed.tpkg         14371 B  data@0xffff800007c50e00
[760 ms]   - repo/helloapp_signed_unknown.tpkg  14368 B  data@0xffff800007c54a00
[770 ms]   - repo/helloapp_signed_tampered.tpkg  14116 B  data@0xffff800007c58600
[780 ms]   - repo/helloapp_caps_ro.tpkg        14303 B  data@0xffff800007c5c000
[790 ms]   - system/keys/trust.db              196 B  data@0xffff800007c5fa00
[790 ms]   - repo/hello_cli.tpkg               29863 B  data@0xffff800007c5fe00
[800 ms]   - repo/hello_gui.tpkg               34694 B  data@0xffff800007c67600
[810 ms]   - repo/notes_app.tpkg               39643 B  data@0xffff800007c70000
[810 ms]   - etc/motd                          297 B  data@0xffff800007c79e00
[820 ms]   - etc/drvmatch.conf                 1306 B  data@0xffff800007c7a200
[830 ms]   - etc/drvmatch.conf.test            456 B  data@0xffff800007c7aa00
[840 ms]   - m36/m36_part2.c                   222 B  data@0xffff800007c7ae00
[850 ms]   - m36/m36_sample.c                  100 B  data@0xffff800007c7b200
[850 ms]   - m36/Tobyfile                      152 B  data@0xffff800007c7b600
[860 ms]   - readme.txt                        922 B  data@0xffff800007c7ba00
[870 ms] [safe] no safemode flag -- normal boot
[880 ms] [880] INFO  safe    : boot mode = normal (level=0)
[880 ms] [safe] policy: mode=normal level=0 boot_mode=0
[890 ms] [safe] policy: usb_full=keep usb_extra=keep net=keep audio=keep gui=keep services=keep virtio_gpu=keep
[900 ms] [900] INFO  hw      : hwinfo: cpu='QEMU Virtual CPU version 2.5+' family=15 model=107 step=1 feat=0xf6000271
[910 ms] [drvmatch] init: total=6 bound=2 unbound=4 forced_off=0
[920 ms] [920] INFO  hw      : drvmatch init: total=6 bound=2 unbound=4 forced=0
[920 ms] [drvconf] loaded /etc/drvmatch.conf: blacklist=0 force=0 errors=0
[930 ms] [930] INFO  hw      : drvconf load: blacklist=0 force=0 errors=0
[940 ms] [drvconf] === active overrides ===
[950 ms] [drvconf] (none)
[1000 ms] [1000] ERROR wdog    : event #1 kind=sched_stall pid=-1 reason='scheduler heartbeat stalled'
[1000 ms] [wdog] BITE event=1 kind=sched_stall pid=-1 reason='scheduler heartbeat stalled'
[1010 ms] [tobyfs] mount of '/data' clean: inodes=20/256 blocks=39/1013
[1020 ms] [1020] INFO  fs      : mount /data clean (i=20/256 b=39/1013)
[1020 ms] [tobyfs] mounted '/data' on ide0:master: 20/255 inodes, 39/1013 data blocks (3896 KiB free)
[1030 ms] [boot] mounted /data on whole disk 'ide0:master' (legacy LBA-0 layout)
[1040 ms] [boot] no FAT32 partition discovered -- /fat unmounted
[1050 ms] [boot] no FAT32-on-USB discovered -- /usb unmounted
[1060 ms] [boot] no ext4 partition discovered -- /ext unmounted
[1060 ms] [installer] live install image registered: 4194304 bytes @ 0xffff8000076b3000
[1070 ms] [vfs] mount table (2 entries):
[1070 ms]   /            -> ops=0xffffffff800a7510 mnt=0xffffffff8011a010
[1080 ms]   /data        -> ops=0xffffffff800a7ac0 mnt=0xffffd00000013e00
[1090 ms] [proc] table initialised (16 slots), pid 0 = 'kernel_main' RUNNING
[1100 ms] [sched] per-CPU round-robin scheduler ready (BSP cur=pid 0)
[1110 ms] [signal] subsystem up (SIGINT=2, SIGTERM=15)
[1110 ms] [boot] spawning first userspace process from /bin/hello...
[1120 ms] [elf] phdr[0] LOAD vaddr=0x0000000000400000 memsz=0x34 filesz=0x34 flags=R-X U -> pages [0x0000000000400000..0x0000000000401000)
[1130 ms] [elf] phdr[1] LOAD vaddr=0x0000000000401000 memsz=0x45 filesz=0x45 flags=R-- U -> pages [0x0000000000401000..0x0000000000402000)
[1140 ms] [elf] load OK (user): type=ET_EXEC, 2 segment(s), base=0x0000000000000000, entry=0x0000000000400000, phdr=0x0000000000000000 (2 entries)
[1150 ms] [proc] created pid=1 ppid=0 'hello-boot' entry=0x0000000000400000 rsp=0x00007fffffffff50 cr3=0x13c000 kstack=0xffffd0000001e020 argc=0 envc=0 cwd='/'
hello from user mode
user_hello: about to SYS_EXIT(0x55)
[1170 ms] [sys_exit] user requested exit, code=85 (0x55)
[1180 ms] [proc] pid=1 'hello-boot' exit code=85 (0x55) cpu=0 ms syscalls=3
[1190 ms] [proc] reaped pid=1, slot recycled
[1190 ms] [boot] /bin/hello (pid=1) finished, exit code=85 (0x55)
[1200 ms] [elf] phdr[0] LOAD vaddr=0x0000000000400000 memsz=0xd22 filesz=0xd22 flags=R-X U -> pages [0x0000000000400000..0x0000000000401000)
[1210 ms] [elf] phdr[1] LOAD vaddr=0x0000000000401000 memsz=0x374 filesz=0x374 flags=R-- U -> pages [0x0000000000401000..0x0000000000402000)
[1220 ms] [elf] phdr[2] LOAD vaddr=0x0000000000402000 memsz=0x18 filesz=0x18 flags=RW- U -> pages [0x0000000000402000..0x0000000000403000)
[1230 ms] [elf] load OK (user): type=ET_EXEC, 3 segment(s), base=0x0000000000000000, entry=0x0000000000400000, phdr=0x0000000000000000 (3 entries)
[1240 ms] [proc] created pid=1 ppid=0 'abi-test-boot' entry=0x0000000000400000 rsp=0x00007fffffffff50 cr3=0x13c000 kstack=0xffffd0000001e020 argc=0 envc=0 cwd='/'
[abi-test] starting Milestone 25A ABI surface check
[abi-test] argc = 0
[abi-test] abi_version = 1
[abi-test] pid = 1
[abi-test] ppid = 0
[abi-test] clock_ms_delta = 1
[abi-test] cwd_len = 1
[abi-test] cwd = /
[abi-test] brk_initial = 268435456
[abi-test] brk_after_grow = 268451840
[abi-test] heap pages writable + zero-initialised OK
[abi-test] open_fd = 3
[abi-test] write_bytes = 10
[abi-test] lseek_set = 0
[abi-test] read_bytes = 10
[abi-test] fstat_rc = 0
[abi-test] fstat_size = 10
[abi-test] fstat_mode = 33188
[abi-test] stat_rc = 0
[abi-test] stat_size = 10
[abi-test] dup_fd = 4
[abi-test] dup2_fd = 9
[abi-test] unlink_rc = 0
[abi-test] chdir_rc = 0
[abi-test] new cwd = /data/abi_test_dir
[abi-test] getenv_PATH_rc = 0
[abi-test] ALL OK
[1540 ms] [sys_exit] user requested exit, code=0 (0x0)
[1540 ms] [proc] pid=1 'abi-test-boot' exit code=0 (0x0) cpu=0 ms syscalls=152
[1550 ms] [proc] reaped pid=1, slot recycled
[1560 ms] [boot] M25A: /bin/abi_test (pid=1) finished, exit code=0 (PASS)
[1570 ms] [elf] phdr[0] LOAD vaddr=0x0000000000400000 memsz=0x3ed6 filesz=0x3ed6 flags=R-X U -> pages [0x0000000000400000..0x0000000000404000)
[1580 ms] [elf] phdr[1] LOAD vaddr=0x0000000000404000 memsz=0x7d0 filesz=0x7d0 flags=R-- U -> pages [0x0000000000404000..0x0000000000405000)
[1590 ms] [elf] phdr[2] LOAD vaddr=0x0000000000405000 memsz=0x1cc filesz=0x80 flags=RW- U -> pages [0x0000000000405000..0x0000000000406000)
[1600 ms] [elf] load OK (user): type=ET_EXEC, 3 segment(s), base=0x0000000000000000, entry=0x0000000000400000, phdr=0x0000000000000000 (3 entries)
[1600 ms] [proc] created pid=1 ppid=0 'c_hello-boot' entry=0x0000000000400000 rsp=0x00007fffffffff50 cr3=0x13c000 kstack=0xffffd0000001e020 argc=0 envc=0 cwd='/'
[c_hello] hello from libtoby (argc=0)
[c_hello] ALL OK
[_exit] code=0 caller=0x0000000000400124
[1630 ms] [sys_exit] user requested exit, code=0 (0x0)
[1640 ms] [proc] pid=1 'c_hello-boot' exit code=0 (0x0) cpu=0 ms syscalls=6
[1650 ms] [proc] reaped pid=1, slot recycled
[1660 ms] [boot] M25B: /bin/c_hello (pid=1) exit=0 (PASS)
[1660 ms] [elf] phdr[0] LOAD vaddr=0x0000000000400000 memsz=0x3fe6 filesz=0x3fe6 flags=R-X U -> pages [0x0000000000400000..0x0000000000404000)
[1680 ms] [elf] phdr[1] LOAD vaddr=0x0000000000404000 memsz=0x860 filesz=0x860 flags=R-- U -> pages [0x0000000000404000..0x0000000000405000)
[1680 ms] [elf] phdr[2] LOAD vaddr=0x0000000000405000 memsz=0x1cc filesz=0x80 flags=RW- U -> pages [0x0000000000405000..0x0000000000406000)
[1690 ms] [elf] load OK (user): type=ET_EXEC, 3 segment(s), base=0x0000000000000000, entry=0x0000000000400000, phdr=0x0000000000000000 (3 entries)
[1700 ms] [proc] created pid=1 ppid=0 'c_args-boot' entry=0x0000000000400000 rsp=0x00007fffffffff50 cr3=0x13c000 kstack=0xffffd0000001e020 argc=0 envc=0 cwd='/'
[c_args] argc=0
[c_args] envc=0
[c_args] getenv("HOME") = (unset)
[c_args] __toby_argc=0 __toby_argv=0x7fffffffff58 __toby_envp=0x7fffffffff60
[c_args] ALL OK
[_exit] code=0 caller=0x0000000000400234
[1750 ms] [sys_exit] user requested exit, code=0 (0x0)
[1760 ms] [proc] pid=1 'c_args-boot' exit code=0 (0x0) cpu=0 ms syscalls=21
[1770 ms] [proc] reaped pid=1, slot recycled
[1780 ms] [boot] M25B: /bin/c_args (pid=1) exit=0 (PASS)
[1780 ms] [elf] phdr[0] LOAD vaddr=0x0000000000400000 memsz=0x41a6 filesz=0x41a6 flags=R-X U -> pages [0x0000000000400000..0x0000000000405000)
[1800 ms] [elf] phdr[1] LOAD vaddr=0x0000000000405000 memsz=0xa30 filesz=0xa30 flags=R-- U -> pages [0x0000000000405000..0x0000000000406000)
[1810 ms] [elf] phdr[2] LOAD vaddr=0x0000000000406000 memsz=0x1d8 filesz=0x80 flags=RW- U -> pages [0x0000000000406000..0x0000000000407000)
[1810 ms] [elf] load OK (user): type=ET_EXEC, 3 segment(s), base=0x0000000000000000, entry=0x0000000000400000, phdr=0x0000000000000000 (3 entries)
[1820 ms] [proc] created pid=1 ppid=0 'c_filedemo-boot' entry=0x0000000000400000 rsp=0x00007fffffffff50 cr3=0x13c000 kstack=0xffffd0000001e020 argc=0 envc=0 cwd='/'
[c_filedemo] file size = 45 bytes (expected 45)
[c_filedemo] readback first 45 chars: hello from c_filedemo
second lin...
[c_filedemo] ALL OK
[_exit] code=0 caller=0x0000000000400b64
[2040 ms] [sys_exit] user requested exit, code=0 (0x0)
[2050 ms] [proc] pid=1 'c_filedemo-boot' exit code=0 (0x0) cpu=0 ms syscalls=31
[2060 ms] [proc] reaped pid=1, slot recycled
[2060 ms] [boot] M25B: /bin/c_filedemo (pid=1) exit=0 (PASS)
[2070 ms] [elf] phdr[0] LOAD vaddr=0x0000000000400000 memsz=0x43f6 filesz=0x43f6 flags=R-X U -> pages [0x0000000000400000..0x0000000000405000)
[2090 ms] [elf] phdr[1] LOAD vaddr=0x0000000000405000 memsz=0x910 filesz=0x910 flags=R-- U -> pages [0x0000000000405000..0x0000000000406000)
[2100 ms] [elf] phdr[2] LOAD vaddr=0x0000000000406000 memsz=0x1cc filesz=0x80 flags=RW- U -> pages [0x0000000000406000..0x0000000000407000)
[2110 ms] [elf] load OK (user): type=ET_EXEC, 3 segment(s), base=0x0000000000000000, entry=0x0000000000400000, phdr=0x0000000000000000 (3 entries)
[2120 ms] [proc] created pid=1 ppid=0 'c_alloctest-boot' entry=0x0000000000400000 rsp=0x00007fffffffff50 cr3=0x13c000 kstack=0xffffd0000001e020 argc=0 envc=0 cwd='/'
[c_alloctest] ALL OK
[_exit] code=0 caller=0x0000000000400db4
[2150 ms] [sys_exit] user requested exit, code=0 (0x0)
[2160 ms] [proc] pid=1 'c_alloctest-boot' exit code=0 (0x0) cpu=0 ms syscalls=9
[2160 ms] [proc] reaped pid=1, slot recycled
[2170 ms] [boot] M25B: /bin/c_alloctest (pid=1) exit=0 (PASS)
[2180 ms] [boot] M25B: libtoby demos 4/4 PASS
[2190 ms] [elf] phdr[0] LOAD vaddr=0x0000000000400000 memsz=0x3fe6 filesz=0x3fe6 flags=R-X U -> pages [0x0000000000400000..0x0000000000404000)
[2200 ms] [elf] phdr[1] LOAD vaddr=0x0000000000404000 memsz=0x860 filesz=0x860 flags=R-- U -> pages [0x0000000000404000..0x0000000000405000)
[2210 ms] [elf] phdr[2] LOAD vaddr=0x0000000000405000 memsz=0x1cc filesz=0x80 flags=RW- U -> pages [0x0000000000405000..0x0000000000406000)
[2220 ms] [elf] load OK (user): type=ET_EXEC, 3 segment(s), base=0x0000000000000000, entry=0x0000000000400000, phdr=0x0000000000000000 (3 entries)
[2230 ms] [proc] created pid=1 ppid=0 'c_args-spec' entry=0x0000000000400000 rsp=0x00007ffffffffee0 cr3=0x13c000 kstack=0xffffd0000001e020 argc=4 envc=3 cwd='/'
[c_args] argc=4
[c_args]   argv[0] = "c_args"
[c_args]   argv[1] = "alpha"
[c_args]   argv[2] = "beta"
[c_args]   argv[3] = "gamma"
[c_args] envc=3
[c_args]   envp[0] = "PATH=/bin"
[c_args]   envp[1] = "TEST_PHASE=25C"
[c_args]   envp[2] = "BUILD=ok"
[c_args] getenv("HOME") = (unset)
[c_args] __toby_argc=4 __toby_argv=0x7ffffffffee8 __toby_envp=0x7fffffffff10
[c_args] ALL OK
[_exit] code=0 caller=0x0000000000400234
[2330 ms] [sys_exit] user requested exit, code=0 (0x0)
[2340 ms] [proc] pid=1 'c_args-spec' exit code=0 (0x0) cpu=0 ms syscalls=56
[2340 ms] [proc] reaped pid=1, slot recycled
[2350 ms] [boot] M25C: /bin/c_args (pid=1, argc=4 envc=3) exit=0 (PASS)
[2360 ms] [elf] phdr[0] LOAD vaddr=0x0000000000400000 memsz=0x4ae6 filesz=0x4ae6 flags=R-X U -> pages [0x0000000000400000..0x0000000000405000)
[2370 ms] [elf] phdr[1] LOAD vaddr=0x0000000000405000 memsz=0xde0 filesz=0xde0 flags=R-- U -> pages [0x0000000000405000..0x0000000000406000)
[2380 ms] [elf] phdr[2] LOAD vaddr=0x0000000000406000 memsz=0x1f8 filesz=0xa0 flags=RW- U -> pages [0x0000000000406000..0x0000000000407000)
[2390 ms] [elf] load OK (user): type=ET_EXEC, 3 segment(s), base=0x0000000000000000, entry=0x0000000000400000, phdr=0x0000000000000000 (3 entries)
[2400 ms] [proc] created pid=1 ppid=0 'c_envtest-boot' entry=0x0000000000400000 rsp=0x00007fffffffff00 cr3=0x13c000 kstack=0xffffd0000001e020 argc=1 envc=3 cwd='/'
[c_envtest][build] M25C-debug-rev3 alive
[c_envtest] argc=1 argv[0]='c_envtest'
[c_envtest] environ has 3 initial entries
[c_envtest] getenv(PATH) = /bin
[c_envtest][diag] BEFORE system
[c_envtest] system("c_hello") starting...
[2460 ms] [elf] phdr[0] LOAD vaddr=0x0000000000400000 memsz=0x3ed6 filesz=0x3ed6 flags=R-X U -> pages [0x0000000000400000..0x0000000000404000)
[2470 ms] [elf] phdr[1] LOAD vaddr=0x0000000000404000 memsz=0x7d0 filesz=0x7d0 flags=R-- U -> pages [0x0000000000404000..0x0000000000405000)
[2480 ms] [elf] phdr[2] LOAD vaddr=0x0000000000405000 memsz=0x1cc filesz=0x80 flags=RW- U -> pages [0x0000000000405000..0x0000000000406000)
[2480 ms] [elf] load OK (user): type=ET_EXEC, 3 segment(s), base=0x0000000000000000, entry=0x0000000000400000, phdr=0x0000000000000000 (3 entries)
[2490 ms] [proc] created pid=2 ppid=1 'c_hello' entry=0x0000000000400000 rsp=0x00007fffffffff30 cr3=0x153000 kstack=0xffffd00000008030 argc=1 envc=1 cwd='/'
[c_hello] hello from libtoby (argc=1)
[c_hello] ALL OK
[_exit] code=0 caller=0x0000000000400124
[2530 ms] [sys_exit] user requested exit, code=0 (0x0)
[2530 ms] [proc] pid=2 'c_hello' exit code=0 (0x0) cpu=0 ms syscalls=6
[2540 ms] [proc] reaped pid=2, slot recycled
[c_envtest][diag] AFTER system, sr=0
[c_envtest] system("c_hello") raw status=0x0
[c_envtest][diag] AFTER printf raw status
[c_envtest][diag] AFTER system EXPECTs
[c_envtest] recursive execvp test starting...
[2580 ms] [elf] phdr[0] LOAD vaddr=0x0000000000400000 memsz=0x4ae6 filesz=0x4ae6 flags=R-X U -> pages [0x0000000000400000..0x0000000000405000)
[2590 ms] [elf] phdr[1] LOAD vaddr=0x0000000000405000 memsz=0xde0 filesz=0xde0 flags=R-- U -> pages [0x0000000000405000..0x0000000000406000)
[2600 ms] [elf] phdr[2] LOAD vaddr=0x0000000000406000 memsz=0x1f8 filesz=0xa0 flags=RW- U -> pages [0x0000000000406000..0x0000000000407000)
[2610 ms] [elf] load OK (user): type=ET_EXEC, 3 segment(s), base=0x0000000000000000, entry=0x0000000000400000, phdr=0x0000000000000000 (3 entries)
[2620 ms] [proc] created pid=2 ppid=1 'c_envtest' entry=0x0000000000400000 rsp=0x00007fffffffff00 cr3=0x153000 kstack=0xffffd00000008030 argc=3 envc=1 cwd='/'
[c_envtest][build] M25C-debug-rev3 alive
[c_envtest] (child) execvp -> 'c_hello'
[2640 ms] [elf] phdr[0] LOAD vaddr=0x0000000000400000 memsz=0x3ed6 filesz=0x3ed6 flags=R-X U -> pages [0x0000000000400000..0x0000000000404000)
[2650 ms] [elf] phdr[1] LOAD vaddr=0x0000000000404000 memsz=0x7d0 filesz=0x7d0 flags=R-- U -> pages [0x0000000000404000..0x0000000000405000)
[2660 ms] [elf] phdr[2] LOAD vaddr=0x0000000000405000 memsz=0x1cc filesz=0x80 flags=RW- U -> pages [0x0000000000405000..0x0000000000406000)
[2670 ms] [elf] load OK (user): type=ET_EXEC, 3 segment(s), base=0x0000000000000000, entry=0x0000000000400000, phdr=0x0000000000000000 (3 entries)
[2680 ms] [proc] created pid=3 ppid=2 'c_hello' entry=0x0000000000400000 rsp=0x00007fffffffff30 cr3=0x165000 kstack=0xffffd00000010040 argc=1 envc=1 cwd='/'
[c_hello] hello from libtoby (argc=1)
[c_hello] ALL OK
[_exit] code=0 caller=0x0000000000400124
[2710 ms] [sys_exit] user requested exit, code=0 (0x0)
[2720 ms] [proc] pid=3 'c_hello' exit code=0 (0x0) cpu=0 ms syscalls=6
[2730 ms] [proc] reaped pid=3, slot recycled
[_exit] code=0 caller=0x0000000000402e0b
[2740 ms] [sys_exit] user requested exit, code=0 (0x0)
[2750 ms] [proc] pid=2 'c_envtest' exit code=0 (0x0) cpu=30 ms syscalls=9
[2760 ms] [proc] reaped pid=2, slot recycled
[c_envtest] recursive child pid=2 status=0x0
[c_envtest] ALL OK
[_exit] code=0 caller=0x0000000000400f44
[2790 ms] [sys_exit] user requested exit, code=0 (0x0)
[2800 ms] [proc] pid=1 'c_envtest-boot' exit code=0 (0x0) cpu=87 ms syscalls=38
[2800 ms] [proc] reaped pid=1, slot recycled
[2810 ms] [boot] M25C: /bin/c_envtest (pid=1) exit=0 (PASS)
[2820 ms] [elf] phdr[2] LOAD vaddr=0x0000000000500000 memsz=0x3a8 filesz=0x3a8 flags=R-- U -> pages [0x0000000000500000..0x0000000000501000)
[2830 ms] [elf] phdr[3] LOAD vaddr=0x00000000005013b0 memsz=0xd0 filesz=0xd0 flags=R-X U -> pages [0x0000000000501000..0x0000000000502000)
[2840 ms] [elf] phdr[4] LOAD vaddr=0x0000000000502480 memsz=0xb80 filesz=0x120 flags=RW- U -> pages [0x0000000000502000..0x0000000000503000)
[2850 ms] [elf] phdr[5] LOAD vaddr=0x00000000005035a0 memsz=0x18 filesz=0x18 flags=RW- U -> pages [0x0000000000503000..0x0000000000504000)
[2860 ms] [elf] load OK (user): type=ET_DYN, 4 segment(s), base=0x0000000000500000, entry=0x00000000005013b0, phdr=0x0000000000500040 (9 entries), PT_INTERP
[2870 ms] [elf] phdr[1] LOAD vaddr=0x0000000040000000 memsz=0x499 filesz=0x499 flags=R-- U -> pages [0x0000000040000000..0x0000000040001000)
[2880 ms] [elf] phdr[2] LOAD vaddr=0x00000000400014a0 memsz=0x9ba filesz=0x9ba flags=R-X U -> pages [0x0000000040001000..0x0000000040002000)
[2880 ms] [elf] phdr[3] LOAD vaddr=0x0000000040002e60 memsz=0x1a0 filesz=0xa0 flags=RW- U -> pages [0x0000000040002000..0x0000000040003000)
[2890 ms] [elf] phdr[4] LOAD vaddr=0x0000000040003f00 memsz=0x390 filesz=0x0 flags=RW- U -> pages [0x0000000040003000..0x0000000040005000)
[2900 ms] [elf] load OK (user): type=ET_DYN, 4 segment(s), base=0x0000000040000000, entry=0x00000000400014a0, phdr=0x0000000040000040 (8 entries)
[2910 ms] [proc] loaded interpreter '/lib/ld-toby.so' base=0x0000000040000000 entry=0x00000000400014a0
[2910 ms] [proc] created pid=1 ppid=0 'c_dynhello-boot' entry=0x00000000400014a0 rsp=0x00007fffffffff30 cr3=0x13c000 kstack=0xffffd0000001e020 argc=1 envc=1 cwd='/'
[2920 ms] [elf] phdr[1] LOAD vaddr=0x0000000060000000 memsz=0x3188 filesz=0x3188 flags=R-- U -> pages [0x0000000060000000..0x0000000060004000)
[2930 ms] [elf] phdr[2] LOAD vaddr=0x0000000060004190 memsz=0x6321 filesz=0x6321 flags=R-X U -> pages [0x0000000060004000..0x000000006000b000)
[2950 ms] [elf] phdr[3] LOAD vaddr=0x000000006000b4c0 memsz=0xb40 filesz=0x278 flags=RW- U -> pages [0x000000006000b000..0x000000006000c000)
[2960 ms] [elf] phdr[4] LOAD vaddr=0x000000006000c738 memsz=0x1f0 filesz=0x7c flags=RW- U -> pages [0x000000006000c000..0x000000006000d000)
[2970 ms] [elf] load OK (user): type=ET_DYN, 4 segment(s), base=0x0000000060000000, entry=0x0000000060000000, phdr=0x0000000060000040 (8 entries)
[c_dynhello] hello from DYNAMIC libtoby (argc=1)
[c_dynhello] ALL OK
[_exit] code=0 caller=0x0000000060004ab4
[3000 ms] [sys_exit] user requested exit, code=0 (0x0)
[3000 ms] [proc] pid=1 'c_dynhello-boot' exit code=0 (0x0) cpu=0 ms syscalls=7
[3010 ms] [proc] reaped pid=1, slot recycled
[3020 ms] [boot] M25D: /bin/c_dynhello (pid=1) exit=0 (PASS)
[3030 ms] [elf] phdr[0] LOAD vaddr=0x0000000000400000 memsz=0x4246 filesz=0x4246 flags=R-X U -> pages [0x0000000000400000..0x0000000000405000)
[3050 ms] [elf] phdr[1] LOAD vaddr=0x0000000000405000 memsz=0x7e0 filesz=0x7e0 flags=R-- U -> pages [0x0000000000405000..0x0000000000406000)
[3060 ms] [elf] phdr[2] LOAD vaddr=0x0000000000406000 memsz=0x1e8 filesz=0x88 flags=RW- U -> pages [0x0000000000406000..0x0000000000407000)
[3060 ms] [elf] load OK (user): type=ET_EXEC, 3 segment(s), base=0x0000000000000000, entry=0x0000000000400000, phdr=0x0000000000000000 (3 entries)
[3080 ms] [proc] created pid=1 ppid=0 'p_echo-boot' entry=0x0000000000400000 rsp=0x00007fffffffff10 cr3=0x13c000 kstack=0xffffd0000001e020 argc=3 envc=1 cwd='/'
hello from-port-echo
[_exit] code=0 caller=0x0000000000400c04
[3100 ms] [sys_exit] user requested exit, code=0 (0x0)
[3110 ms] [proc] pid=1 'p_echo-boot' exit code=0 (0x0) cpu=0 ms syscalls=6
[3110 ms] [proc] reaped pid=1, slot recycled
[3120 ms] [boot] M25E: /bin/p_echo (pid=1) exit=0 (PASS)
[3130 ms] [elf] phdr[0] LOAD vaddr=0x0000000000400000 memsz=0x4276 filesz=0x4276 flags=R-X U -> pages [0x0000000000400000..0x0000000000405000)
[3140 ms] [elf] phdr[1] LOAD vaddr=0x0000000000405000 memsz=0x7d0 filesz=0x7d0 flags=R-- U -> pages [0x0000000000405000..0x0000000000406000)
[3150 ms] [elf] phdr[2] LOAD vaddr=0x0000000000406000 memsz=0x1e8 filesz=0x88 flags=RW- U -> pages [0x0000000000406000..0x0000000000407000)
[3160 ms] [elf] load OK (user): type=ET_EXEC, 3 segment(s), base=0x0000000000000000, entry=0x0000000000400000, phdr=0x0000000000000000 (3 entries)
[3170 ms] [proc] created pid=1 ppid=0 'p_cat-boot' entry=0x0000000000400000 rsp=0x00007fffffffff20 cr3=0x13c000 kstack=0xffffd0000001e020 argc=2 envc=1 cwd='/'
==============================================
  Welcome to tobyOS -- milestone 4
==============================================

The kernel mounted this file from /etc/motd
on a read-only ramfs backed by a USTAR initrd.

Try:
    ls
    ls /bin
    cat /readme.txt
    run /bin/hello
[_exit] code=0 caller=0x0000000000400c34
[3270 ms] [sys_exit] user requested exit, code=0 (0x0)
[3270 ms] [proc] pid=1 'p_cat-boot' exit code=0 (0x0) cpu=0 ms syscalls=7
[3280 ms] [proc] reaped pid=1, slot recycled
[3290 ms] [boot] M25E: /bin/p_cat (pid=1) exit=0 (PASS)
[3300 ms] [elf] phdr[0] LOAD vaddr=0x0000000000400000 memsz=0x4aca filesz=0x4aca flags=R-X U -> pages [0x0000000000400000..0x0000000000405000)
[3310 ms] [elf] phdr[1] LOAD vaddr=0x0000000000405000 memsz=0x840 filesz=0x840 flags=R-- U -> pages [0x0000000000405000..0x0000000000406000)
[3310 ms] [elf] phdr[2] LOAD vaddr=0x0000000000406000 memsz=0x208 filesz=0x94 flags=RW- U -> pages [0x0000000000406000..0x0000000000407000)
[3320 ms] [elf] load OK (user): type=ET_EXEC, 3 segment(s), base=0x0000000000000000, entry=0x0000000000400000, phdr=0x0000000000000000 (3 entries)
[3330 ms] [proc] created pid=1 ppid=0 'p_wc-boot' entry=0x0000000000400000 rsp=0x00007fffffffff20 cr3=0x13c000 kstack=0xffffd0000001e020 argc=2 envc=1 cwd='/'
      12      32     297 /etc/motd
[_exit] code=0 caller=0x00000000004011f4
[3360 ms] [sys_exit] user requested exit, code=0 (0x0)
[3370 ms] [proc] pid=1 'p_wc-boot' exit code=0 (0x0) cpu=0 ms syscalls=29
[3370 ms] [proc] reaped pid=1, slot recycled
[3380 ms] [boot] M25E: /bin/p_wc (pid=1) exit=0 (PASS)
[3390 ms] [elf] phdr[0] LOAD vaddr=0x0000000000400000 memsz=0x46ba filesz=0x46ba flags=R-X U -> pages [0x0000000000400000..0x0000000000405000)
[3410 ms] [elf] phdr[1] LOAD vaddr=0x0000000000405000 memsz=0x840 filesz=0x840 flags=R-- U -> pages [0x0000000000405000..0x0000000000406000)
[3410 ms] [elf] phdr[2] LOAD vaddr=0x0000000000406000 memsz=0x208 filesz=0x9c flags=RW- U -> pages [0x0000000000406000..0x0000000000407000)
[3420 ms] [elf] load OK (user): type=ET_EXEC, 3 segment(s), base=0x0000000000000000, entry=0x0000000000400000, phdr=0x0000000000000000 (3 entries)
[3430 ms] [proc] created pid=1 ppid=0 'p_head-boot' entry=0x0000000000400000 rsp=0x00007fffffffff10 cr3=0x13c000 kstack=0xffffd0000001e020 argc=4 envc=1 cwd='/'
==============================================
  Welcome to tobyOS -- milestone 4
[_exit] code=0 caller=0x0000000000400de4
[3460 ms] [sys_exit] user requested exit, code=0 (0x0)
[3470 ms] [proc] pid=1 'p_head-boot' exit code=0 (0x0) cpu=0 ms syscalls=7
[3480 ms] [proc] reaped pid=1, slot recycled
[3480 ms] [boot] M25E: /bin/p_head (pid=1) exit=0 (PASS)
[3490 ms] [elf] phdr[0] LOAD vaddr=0x0000000000400000 memsz=0x4d5a filesz=0x4d5a flags=R-X U -> pages [0x0000000000400000..0x0000000000405000)
[3510 ms] [elf] phdr[1] LOAD vaddr=0x0000000000405000 memsz=0x850 filesz=0x850 flags=R-- U -> pages [0x0000000000405000..0x0000000000406000)
[3510 ms] [elf] phdr[2] LOAD vaddr=0x0000000000406000 memsz=0x208 filesz=0x94 flags=RW- U -> pages [0x0000000000406000..0x0000000000407000)
[3520 ms] [elf] load OK (user): type=ET_EXEC, 3 segment(s), base=0x0000000000000000, entry=0x0000000000400000, phdr=0x0000000000000000 (3 entries)
[3530 ms] [proc] created pid=1 ppid=0 'p_ls-boot' entry=0x0000000000400000 rsp=0x00007fffffffff20 cr3=0x13c000 kstack=0xffffd0000001e020 argc=2 envc=1 cwd='/'
abi_test
audiotest
bad
batterytest
c_alloctest
c_args
c_dynhello
c_envtest
c_filedemo
c_hello
cat
compattest
crashinfo
devlist
displayinfo
drawtest
drvmatch
drvtest
echo
fonttest
fscheck
gui_about
gui_clock
gui_demo
gui_files
gui_settings
gui_term
gui_viewer
gui_widgets
hello
hwcompat
hwinfo
hwreport
login
logview
long_task
netecho
p_cat
p_echo
p_grep
p_head
p_ls
p_wc
rendertest
safesh
selfhosttest
services
stabilitytest
svc_crasher
tobybuild
tobycc
usbtest
wdogtest
[_exit] code=0 caller=0x0000000000401194
[3910 ms] [sys_exit] user requested exit, code=0 (0x0)
[3910 ms] [proc] pid=1 'p_ls-boot' exit code=0 (0x0) cpu=0 ms syscalls=169
[3920 ms] [proc] reaped pid=1, slot recycled
[3930 ms] [boot] M25E: /bin/p_ls (pid=1) exit=0 (PASS)
[3940 ms] [elf] phdr[0] LOAD vaddr=0x0000000000400000 memsz=0x480a filesz=0x480a flags=R-X U -> pages [0x0000000000400000..0x0000000000405000)
[3950 ms] [elf] phdr[1] LOAD vaddr=0x0000000000405000 memsz=0x8e0 filesz=0x8e0 flags=R-- U -> pages [0x0000000000405000..0x0000000000406000)
[3960 ms] [elf] phdr[2] LOAD vaddr=0x0000000000406000 memsz=0x228 filesz=0x94 flags=RW- U -> pages [0x0000000000406000..0x0000000000407000)
[3970 ms] [elf] load OK (user): type=ET_EXEC, 3 segment(s), base=0x0000000000000000, entry=0x0000000000400000, phdr=0x0000000000000000 (3 entries)
[3980 ms] [proc] created pid=1 ppid=0 'p_grep-boot' entry=0x0000000000400000 rsp=0x00007fffffffff10 cr3=0x13c000 kstack=0xffffd0000001e020 argc=3 envc=1 cwd='/'
  Welcome to tobyOS -- milestone 4
[_exit] code=0 caller=0x0000000000400f34
[4010 ms] [sys_exit] user requested exit, code=0 (0x0)
[4010 ms] [proc] pid=1 'p_grep-boot' exit code=0 (0x0) cpu=0 ms syscalls=305
[4020 ms] [proc] reaped pid=1, slot recycled
[4030 ms] [boot] M25E: /bin/p_grep (pid=1) exit=0 (PASS)
[4040 ms] [boot] M25E: ports 6/6 PASS
[4040 ms] [boot] BSP LAPIC timer @ 100 Hz live (vec=0x40)
[4050 ms] [smp] 4 CPU(s) total: BSP apic_id=0
[4060 ms] [smp]   cpu0: apic_id=0 (BSP)
[4060 ms] [smp]   cpu1: apic_id=1
[4070 ms] [smp]   cpu2: apic_id=2
[4080 ms] [smp]   cpu3: apic_id=3
[4090 ms] CPU 0 online
[4090 ms]   apic_id=0 (BSP)  stack=bootloader-provided
[4100 ms] [smp] trampoline installed: phys=0x0000000000070000 virt=0xffff800000070000 len=1024 bytes
[4110 ms] [smp] cpu1: INIT-SIPI-SIPI to apic_id=1 (tramp_vector=0x70, stack=0xffffd00000019ea0)
[4130 ms] CPU 1 online
[4130 ms]   apic_id=1 (acpi said 1)  stack_top=0xffffd00000019ea0
[4140 ms]   cpu1: LAPIC timer @ 100 Hz live (vec=0x40)
[4140 ms] [smp] cpu2: INIT-SIPI-SIPI to apic_id=2 (tramp_vector=0x70, stack=0xffffd0000001deb0)
[4160 ms] CPU 2 online
[4160 ms]   apic_id=2 (acpi said 2)  stack_top=0xffffd0000001deb0
[4170 ms]   cpu2: LAPIC timer @ 100 Hz live (vec=0x40)
[4170 ms] [smp] cpu3: INIT-SIPI-SIPI to apic_id=3 (tramp_vector=0x70, stack=0xffffd00000022710)
[4190 ms] CPU 3 online
[4190 ms]   apic_id=3 (acpi said 3)  stack_top=0xffffd00000022710
[4200 ms]   cpu3: LAPIC timer @ 100 Hz live (vec=0x40)
[4200 ms] [smp] 3/3 APs online (total 4 CPUs)
[4240 ms] [gfx] back buffer 1280x800 (4000 KiB) ready, fb_pitch=1280 px, backend=limine-fb
[4250 ms] [mouse] PS/2 driver up (IRQ12 routed via IO APIC, sample=200Hz)
[4260 ms] [gui] window manager ready (max 8 windows, 24-px title bar)
[4260 ms] [term] session pool ready (4 sessions, 4096-byte rings)
[4270 ms] Welcome to tobyOS
[4280 ms] milestone 14: services + settings + login. Boot drops into the GUI desktop with /bin/login.
[4290 ms] 
[4300 ms] [boot] requesting deferred network bring-up
[4300 ms] [boot] settling input before network bring-up
[4610 ms] [boot] servicing deferred network bring-up
[4610 ms] [net] deferred boot bring-up starting (attempt 1)
[4620 ms] [net] nic=e1000:00:03.0 mac=52:54:00:12:34:56 -- starting up
[4630 ms] [dhcp] DISCOVER xid=0x03e34de0
[4640 ms] [e1000] RX DHCP frame len=590 udp 67 -> 68 dst=ff:ff:ff:ff:ff:ff
[4640 ms] [dhcp] OFFER  yiaddr=10.0.2.15 server=10.0.2.2
[4640 ms] [dhcp] REQUEST requested=10.0.2.15
[4640 ms] [e1000] RX DHCP frame len=590 udp 67 -> 68 dst=ff:ff:ff:ff:ff:ff
[4640 ms] [dhcp] ACK    bound: ip=10.0.2.15 mask=255.255.255.0 gw=10.0.2.2 dns=10.0.2.3 lease=86400s (server=10.0.2.2)
[4650 ms] [net] DHCP lease applied: ip=10.0.2.15 mask=255.255.255.0 gw=10.0.2.2 dns=10.0.2.3
[4650 ms] [net] up: nic=e1000:00:03.0 ip=10.0.2.15 gw=10.0.2.2 mac=52:54:00:12:34:56
[4670 ms] [net] gateway 10.0.2.2 -> 52:55:0a:00:02:02 (cached)
[4670 ms] [net] dns     10.0.2.3 -> 52:55:0a:00:02:03 (cached)
[4680 ms] [tcp] LISTEN tcp[0] lp=1234 backlog=4
[4690 ms] [tcp-echo] listening on TCP port 1234
[4690 ms] [tcp] LISTEN tcp[1] lp=7777 backlog=4
[4700 ms] [tcp-shell] listening on TCP port 7777
[4710 ms] [net] deferred boot bring-up complete
[4720 ms] [rng] CSPRNG ready (rdrand=0 words=0)
[4750 ms] [ssh-crypto] loaded Ed25519 host key from /data/ssh/ssh_host_ed25519_seed
[4750 ms] [tcp] LISTEN tcp[2] lp=22 backlog=2
[4760 ms] [ssh] listening on TCP port 22 (transport scaffold)
[4780 ms] [settings] loading /data/settings.conf (209 bytes)
[4780 ms] [settings] cache:
[4790 ms]   desktop.bg=0x00204060
[4800 ms]   desktop.accent=orange
[4810 ms]   desktop.title=tobyOS
[4810 ms]   desktop.greeting=Welcome to tobyOS
[4820 ms]   ui.theme=cyber
[4830 ms]   ui.transparency=on
[4830 ms]   ui.nixie_glow=75
[4840 ms]   ui.night_light=off
[4840 ms]   ui.widgets=on
[4850 ms]   ui.animations=on
[4860 ms]   device.bluetooth=off
[4870 ms]   network.autostart=on
[4870 ms]   user.last=toby
[4880 ms]   user.greeting=Hello, friend!
[4890 ms]   session.autostart=
[4910 ms] [users] loading /data/users (86 bytes)
[4910 ms] [users] cache (3 entries):
[4920 ms]   root             uid=0 gid=0
[4930 ms]   toby             uid=1000 gid=1000
[4930 ms]   guest            uid=1001 gid=1001
[4940 ms] [theme] active='cyber' (settings ui.theme='cyber')
[4950 ms] [svc] registered builtin 'notify'
[4960 ms] [4960] INFO  svc      pid=0: registered builtin 'notify'
[4960 ms] [notify] daemon ready (ring depth 32)
[4970 ms] [svc] service manager up (max 8 services)
[4980 ms] [4980] INFO  svc      pid=0: manager up max=8 backoff_base=100ms cap=6400ms disable_at=5
[4980 ms] [svc] registered builtin 'input'
[4990 ms] [4990] INFO  svc      pid=0: registered builtin 'input'
[5000 ms] [svc] registered builtin 'network'
[5010 ms] [5010] INFO  svc      pid=0: registered builtin 'network'
[5010 ms] [svc] registered builtin 'desktop'
[5020 ms] [5020] INFO  svc      pid=0: registered builtin 'desktop'
[5030 ms] [svc] registered builtin 'session'
[5030 ms] [5030] INFO  svc      pid=0: registered builtin 'session'
[5040 ms] [trace] level 0 -> 1
[5050 ms] [gui] auto-enabled trace (level=1) for desktop session
[5060 ms] [trace t=506 pid=0] [5060 ms] gui_set_desktop_mode: off -> on[5060 ms] 
[5060 ms] [gui] entering graphical mode
[5070 ms] [session] init: last user='toby' (will be pre-filled at login)
[5070 ms] [svc] registered program 'login' -> /bin/login (autorestart=1)
[5070 ms] [5070] INFO  svc      pid=0: registered program 'login' path='/bin/login' autorestart=1
[5070 ms] [trace t=507 pid=0] [5070 ms] launch_enqueue '/bin/login' sandbox='' caps='' (head=1 tail=0)[5070 ms] 
[5070 ms] [svc] 'login' enqueued (restart #1, crashes=0)
[5070 ms] [5070] INFO  svc      pid=0: 'login' enqueued restart=1 crashes=0
[5070 ms] [svc] 5 services registered
[5070 ms]   name         kind    state    auto pid rcnt  ccnt  ccon  path
[5070 ms]   input        builtin running  0    0   0     0     0     (builtin)
[5070 ms]   network      builtin running  0    0   0     0     0     (builtin)
[5070 ms]   desktop      builtin running  0    0   0     0     0     (builtin)
[5070 ms]   session      builtin running  0    0   0     0     0     (builtin)
[5070 ms]   login        program running  1    0   1     0     0     /bin/login
[5080 ms] [notify #1 urg=0 kind=1] kernel: Desktop ready -- Welcome to tobyOS. Click [Apps] to launch a program, or click the bell to open the notification
[5080 ms] [notify #2 urg=0 kind=1] session: Login service started -- /bin/login is running. Type 'root' to log in.
[5080 ms] [boot] first gui_tick after desktop init
[5080 ms] [trace t=508 pid=0] [5080 ms] drain_launch_queue: spawning '/bin/login' sandbox='default' caps=''[5080 ms] 
[5080 ms] [elf] phdr[0] LOAD vaddr=0x0000000000400000 memsz=0xf21 filesz=0xf21 flags=R-X U -> pages [0x0000000000400000..0x0000000000401000)
[5080 ms] [elf] phdr[1] LOAD vaddr=0x0000000000401000 memsz=0x194 filesz=0x194 flags=R-- U -> pages [0x0000000000401000..0x0000000000402000)
[5080 ms] [elf] phdr[2] LOAD vaddr=0x0000000000402000 memsz=0x30 filesz=0x18 flags=RW- U -> pages [0x0000000000402000..0x0000000000403000)
[5090 ms] [elf] load OK (user): type=ET_EXEC, 3 segment(s), base=0x0000000000000000, entry=0x0000000000400000, phdr=0x0000000000000000 (3 entries)
[5090 ms] [proc] created pid=1 ppid=0 'login' entry=0x0000000000400000 rsp=0x00007fffffffff50 cr3=0x52a000 kstack=0xffffd00000008030 argc=0 envc=0 cwd='/'
[5090 ms] [cap] pid=1 'login' sandbox='default' caps=FILE_READ,FILE_WRITE,EXEC,NET,GUI,TERM,SETTINGS_WRITE root=(none)
[5090 ms] [trace t=509 pid=0] [5090 ms] track_pid pid=1 slot=0[5090 ms] 
[5090 ms] [gui] launched /bin/login as pid 1 (session=0)
[5090 ms] [trace t=509 pid=0] [5090 ms] drain_launch_queue: spawned '/bin/login' as pid=1 session=0[5090 ms] 
[5090 ms] [svc] 'login' pid=1 (backfilled)
[5090 ms] [trace t=509 pid=0] [5090 ms] heartbeat windows=0 apps_alive=1 cursor=(640,400) btn=0x00 dirty=1 menu=0 desktop=1[5090 ms] 
[5090 ms] [trace t=509 pid=0] [5090 ms] toast new id=2 urg=0 app='session' title='Login service started'[5090 ms] 
[5130 ms] [trace t=513 pid=1] [5130 ms] window_create wid=1 owner_pid=1 size=380x220 pos=(60,40) title='tobyOS login'[5130 ms] 
[5160 ms] [sec] M34 crypto self-test PASS (SHA-256, HMAC-SHA-256, hex/ct)
[5170 ms] [ssh-crypto] Monocypher self-test PASS (X25519, Ed25519, XChaCha20-Poly1305)
[5170 ms] [sec] trust store loaded: 1 key(s) from /system/keys/trust.db
[5170 ms] [sysprot] init: 5 protected prefix(es)
[5180 ms] [sysprot]   /system          system
[5180 ms] [sysprot]   /system/keys     trust-store
[5180 ms] [sysprot]   /boot            boot
[5180 ms] [sysprot]   /data/packages   package-db
[5180 ms] [sysprot]   /data/users      user-db
[5200 ms] [trace t=520 pid=0] [5200 ms] launcher_register 'Hello CLI' -> /data/apps/hello_cli/bin/hello_cli.elf sandbox='' caps='' (slot=0)[5200 ms] 
[5200 ms] [pkg] registered launcher entry: 'Hello CLI' -> /data/apps/hello_cli/bin/hello_cli.elf
[5200 ms] [pkg] package manager ready (apps=/data/apps db=/data/packages repo=/data/repo,/repo)
[5210 ms] [fw_cfg] QEMU fw_cfg interface present at 0x510/0x511
[5210 ms] [battery] no ACPI battery detected (no fw_cfg mock, no PNP0C0A in AML)
[5210 ms] [display] registered fb0 1280x800 backend=limine-fb
[5210 ms] type 'help' to list commands.
[5210 ms] tobyOS> [5210 ms] [boot] QUICK_BOOT: skipping devtest_boot_run + shell smoketest + M26A/M27A spawns
[5210 ms] [boot] QUICK_BOOT: skipping M28A–M35G boot harness spawns (CI: `make fullboot` / omit -DQUICK_BOOT)
[5550 ms] [bootlog] wrote /data/boot.log (49218 bytes payload + 71 header)
[5550 ms] [bootlog] no FAT32 USB at /usb — skipping BOOTLOG.TXT
[5550 ms] [bootlog] flush complete (ram cap=262144 overflow=0)
[5580 ms] [bootlog] net upload: sent 49309 bytes to 192.168.68.74:40123/udp
[5580 ms] [bootlog] (deferred) no FAT32 USB at /usb — skipping BOOTLOG.TXT
[5580 ms] [bootlog] deferred USB flush done (ram cap=262144 overflow=0)
[6090 ms] [trace t=609 pid=0] [6090 ms] heartbeat windows=1 apps_alive=1 cursor=(640,400) btn=0x00 dirty=0 menu=0 desktop=1[6090 ms] 
[7090 ms] [trace t=709 pid=0] [7090 ms] heartbeat windows=1 apps_alive=1 cursor=(640,400) btn=0x00 dirty=0 menu=0 desktop=1[7090 ms] 
[8090 ms] [trace t=809 pid=0] [8090 ms] heartbeat windows=1 apps_alive=1 cursor=(640,400) btn=0x00 dirty=0 menu=0 desktop=1[8090 ms] 
[9090 ms] [trace t=909 pid=0] [9090 ms] heartbeat windows=1 apps_alive=1 cursor=(640,400) btn=0x00 dirty=0 menu=0 desktop=1[9090 ms] 
[9090 ms] [trace t=909 pid=0] [9090 ms] toast id=2 expired[9090 ms] 
[9090 ms] [trace t=909 pid=0] [9090 ms] toast new id=1 urg=0 app='kernel' title='Desktop ready'[9090 ms] 
[10090 ms] [trace t=1009 pid=0] [10090 ms] heartbeat windows=1 apps_alive=1 cursor=(640,400) btn=0x00 dirty=0 menu=0 desktop=1[10090 ms] 
[11090 ms] [trace t=1109 pid=0] [11090 ms] heartbeat windows=1 apps_alive=1 cursor=(640,400) btn=0x00 dirty=0 menu=0 desktop=1[11090 ms] 
[12090 ms] [trace t=1209 pid=0] [12090 ms] heartbeat windows=1 apps_alive=1 cursor=(640,400) btn=0x00 dirty=0 menu=0 desktop=1[12090 ms] 
[13090 ms] [trace t=1309 pid=0] [13090 ms] heartbeat windows=1 apps_alive=1 cursor=(640,400) btn=0x00 dirty=0 menu=0 desktop=1[13090 ms] 
[13090 ms] [trace t=1309 pid=0] [13090 ms] toast id=1 expired[13090 ms] 
[14090 ms] [trace t=1409 pid=0] [14090 ms] heartbeat windows=1 apps_alive=1 cursor=(640,400) btn=0x00 dirty=0 menu=0 desktop=1[14090 ms] 
[15090 ms] [trace t=1509 pid=0] [15090 ms] heartbeat windows=1 apps_alive=1 cursor=(640,400) btn=0x00 dirty=0 menu=0 desktop=1[15090 ms] 
[16090 ms] [trace t=1609 pid=0] [16090 ms] heartbeat windows=1 apps_alive=1 cursor=(640,400) btn=0x00 dirty=0 menu=0 desktop=1[16090 ms] 
[17090 ms] [trace t=1709 pid=0] [17090 ms] heartbeat windows=1 apps_alive=1 cursor=(640,400) btn=0x00 dirty=0 menu=0 desktop=1[17090 ms] 
[18090 ms] [trace t=1809 pid=0] [18090 ms] heartbeat windows=1 apps_alive=1 cursor=(640,400) btn=0x00 dirty=0 menu=0 desktop=1[18090 ms] 
[19090 ms] [trace t=1909 pid=0] [19090 ms] heartbeat windows=1 apps_alive=1 cursor=(640,400) btn=0x00 dirty=0 menu=0 desktop=1[19090 ms] 
[20090 ms] [trace t=2009 pid=0] [20090 ms] heartbeat windows=1 apps_alive=1 cursor=(640,400) btn=0x00 dirty=0 menu=0 desktop=1[20090 ms] 
