vbe: Initialising...
vbe: Version: 3.0
vbe: OEM: SeaBIOS VBE(C) 2011
vbe: Graphics vendor: SeaBIOS Developers
vbe: Product name: SeaBIOS VBE Adapter
vbe: Product revision: Rev. 1
edid: Success.
vbe: EDID detected screen resolution of 1280x800
vbe: Found matching mode 0x17a, attempting to set...
vbe: Framebuffer address: 0xfd000000
edid: Success.
[2J[H
[2;27H[36mLimine 11.4.1 (x86-64, BIOS)[0m



[13;1H                                   [7m tobyOS [27m
[4;1H    [32mARROWS[0m Select    [32mENTER[0m Boot    [32mE[0m Edit[4;64H[32mB[0m Blank Entry[14;1H

[24;1H[2K[32mBooting automatically in [92m3[32m, press any key to stop the countdown...[0m[24;1H[2K[32mBooting automatically in [92m2[32m, press any key to stop the countdown...[0m[24;1H[2K[32mBooting automatically in [92m1[32m, press any key to stop the countdown...[0m[2J[Hlimine: Loading executable `boot():/boot/tobyos.bin`...
limine: Physical base:   0x1fc91000
limine: Virtual base:    0xffffffff80000000
limine: Slide:           0x0
limine: ELF entry point: 0xffffffff80001000
limine: Base revision:   3
limine: Requests count:  6
limine: Top of HHDM:     0x40000000
acpi: Found RSDP at 0xf52e0
limine: Loading module `boot():/boot/initrd.tar`...
limine: Loading module `boot():/boot/install.img`...
vbe: Initialising...
vbe: Version: 3.0
vbe: OEM: SeaBIOS VBE(C) 2011
vbe: Graphics vendor: SeaBIOS Developers
vbe: Product name: SeaBIOS VBE Adapter
vbe: Product revision: Rev. 1
edid: Success.
vbe: EDID detected screen resolution of 1280x800
vbe: Found matching mode 0x17a, attempting to set...
vbe: Mode was already set, perfect!
vbe: Framebuffer address: 0xfd000000
edid: Success.
paging: 1GiB pages are not supported!
acpi: Found RSDP at 0xf52e0
acpi: "DMAR" not found
acpi: Found RSDP at 0xf52e0
acpi: "IVRS" not found
[------] [boot] serial up
[------] [0] INFO  slog    : slog ready (depth=256, persist=/data/system.log)
[------] [0] INFO  boot    : tobyOS boot sequence started
[------] [boot] framebuffer: 1280x800 pitch=5120 bpp=32 addr=0xffff8000fd000000
[------] [boot] console up
[------] [gdt] loaded: base=0xffffffff800ee6e0 limit=55 entries=7
[------] [gdt] CS=0x08 DS=0x10 (expected CS=0x08 DS=0x10)
[------] [gdt] user CS=0x23 DS=0x1b  TSS sel=0x28 (TSS slot empty until tss_init)
[------] [idt] loaded: base=0xffffffff800ee730 limit=4095 (256 gates wired)
[------] [boot] firing int3 to exercise IDT round-trip...
[------] [isr] breakpoint hit at rip=0xffffffff8000109f (rflags=0x86)
[------] [boot] int3 returned cleanly, IDT round-trip OK
[------] [0] INFO  wdog    : watchdog ready (timeout=10000 ms)
[0 ms] [pit] channel 0 -> 100 Hz (divisor=11931)
[0 ms] [kbd] PS/2 driver up (IRQ1 enabled + unmasked)
[10 ms] [boot] interrupts enabled (IRQ0 timer + IRQ1 keyboard, via legacy PIC for early boot)
[70 ms] [perf] TSC calibrated: 6731 MHz (336570890 cycles in 50000000 ns)
[70 ms] [boot] HHDM offset = 0xffff800000000000
[70 ms] [pmm] Limine memmap (19 entries):
[70 ms]   0x0000000000001000..0x0000000000061000       384 KiB  bootloader
[70 ms]   0x0000000000061000..0x000000000009f000       248 KiB  usable
[70 ms]   0x000000000009fc00..0x00000000000a0000         1 KiB  reserved
[70 ms]   0x00000000000f0000..0x0000000000100000        64 KiB  reserved
[70 ms]   0x0000000000100000..0x000000001f6bc000    513776 KiB  usable
[70 ms]   0x000000001f6bc000..0x000000001fabc000      4096 KiB  kernel
[70 ms]   0x000000001fabc000..0x000000001fabd000         4 KiB  bootloader
[70 ms]   0x000000001fabd000..0x000000001fc87000      1832 KiB  kernel
[70 ms]   0x000000001fc87000..0x000000001fc88000         4 KiB  bootloader
[70 ms]   0x000000001fc88000..0x000000001fc8b000        12 KiB  usable
[70 ms]   0x000000001fc8b000..0x000000001fc91000        24 KiB  bootloader
[70 ms]   0x000000001fc91000..0x000000001fe8c000      2028 KiB  kernel
[70 ms]   0x000000001fe8c000..0x000000001ff54000       800 KiB  bootloader
[70 ms]   0x000000001ff54000..0x000000001ff6f000       108 KiB  usable
[70 ms]   0x000000001ff6f000..0x000000001ffe0000       452 KiB  bootloader
[70 ms]   0x000000001ffe0000..0x0000000020000000       128 KiB  reserved
[70 ms]   0x00000000fd000000..0x00000000fd3e8000      4000 KiB  framebuffer
[70 ms]   0x00000000fffc0000..0x0000000100000000       256 KiB  reserved
[70 ms]   0x000000fd00000000..0x0000010000000000  12582912 KiB  reserved
[70 ms] [pmm] managed:  130927 pages (511 MiB) up to 0x000000001ff6f000
[70 ms] [pmm] usable:   514144 KiB across 19 regions
[70 ms] [pmm] bitmap:   16366 bytes at phys 0x0000000000061000 (virt 0xffff800000061000), 4 pages
[70 ms] [pmm] free:     128532 pages (502 MiB) -- used: 2395 pages
[70 ms] [pmm] test: allocated 0x0000000000065000 0x0000000000066000 0x0000000000067000 0x0000000000068000 (free now=128528)
[70 ms] [pmm] test: read-back a=0xdeadbeefcafebabe d=0x1122334455667788
[70 ms] [pmm] test: alloc/free balanced (free=128532 before & after)
[70 ms] [boot] reserved AP trampoline page at phys 0x0000000000070000
[70 ms] [vmm] kernel image: virt 0xffffffff80000000..0xffffffff801fb000 -> phys 0x000000001fc91000 (2028 KiB)
[70 ms] [vmm] hhdm mirror:  516 MiB across memmap, top phys 0x00000000fd400000, 2M pages
[70 ms] [vmm] new PML4 at phys 0x0000000000065000, switching CR3...
[70 ms] [vmm] CR3 switched. Running on tobyOS page tables.
[70 ms] [vmm] test: __text_start 0xffffffff80001000 -> phys 0x000000001fc92000
[70 ms] [vmm] test: __data_start 0xffffffff800ad000 -> phys 0x000000001fd3e000
[70 ms] [vmm] test: HHDM r/w through new PML4 at phys 0x000000000006c000 OK
[70 ms] [vmm] test: new mapping at 0xffffc00000000000 <-> phys 0x000000000006c000 verified
[70 ms] [vmm] test: unmap clears translation, scratch page freed
[70 ms] [vmm] test: ok
[70 ms] [heap] up: initial arena 17 pages (67 KiB)
[70 ms] [heap] start: arenas=1 total=69600 used=0 free=69600  brk=0xffffd00000011000 (region 0xffffd00000000000..0xffffd10000000000)
[70 ms] [heap] after 8 allocs: arenas=2 used=85616 free=65872 allocs=8
[70 ms] [heap] after 8 frees: arenas=2 used=0 free=151488 frees=8
[70 ms] [heap] test: ok (region OK, fragmented 80 KiB alloc OK, round-trip balanced, kcalloc zero-verified)
[70 ms] [heap] brk now 0xffffd00000025000 (148 KiB virt consumed)
[70 ms] [tss] installed: tss=0xffffffff80105500 rsp0=0xffffffff80105500 (irq stack 16 KiB)
[70 ms] [sys] EFER.SCE on, STAR=0x0010000800000000, LSTAR=0xffffffff80089894, FMASK=0x700
[70 ms] [sys] kernel syscall rsp = 0xffffffff80105500
[70 ms] [sys] available syscalls: 0=exit  1=write  2=read  3=pipe  4=close  5=yield
[70 ms] [sys]                     6=socket 7=bind 8=sendto 9=recvfrom
[70 ms] [sys]                     10=gui_create 11=gui_fill 12=gui_text 13=gui_flip 14=gui_poll_event
[80 ms] [sys]                     15=term_open 16=term_write 17=term_read 18=fs_readdir 19=fs_readfile 20=exec
[80 ms] [sys]                     21=setting_get 22=setting_set 23=login 24=logout 25=session_info
[80 ms] [sys]                     26=getuid 27=getgid 28=username 29=chmod 30=chown
[80 ms] [sys]   M25A: 31=getpid 32=getppid 33=spawn 34=waitpid 35=open 36=lseek 37=stat 38=fstat
[80 ms] [sys]         39=dup 40=dup2 41=unlink 42=mkdir 43=brk 44=getcwd 45=chdir 46=getenv
[80 ms] [sys]         47=nanosleep 48=clock_ms 49=abi_version (ABI v1)
[80 ms] [acpi] using RSDT @ 0x000000001ffe2335 (entries=4)
[80 ms] [acpi] MADT: lapic_phys (32-bit field) = 0x00000000fee00000, legacy_pic=yes
[80 ms] [acpi]   CPU0: acpi_id=0 apic_id=0 flags=0x1 enabled 
[80 ms] [acpi]   IOAPIC 0: mmio=0x00000000fec00000 gsi_base=0
[80 ms] [acpi]   ISO: ISA IRQ0 -> GSI 2 (flags=0x0)
[80 ms] [acpi]   ISO: ISA IRQ5 -> GSI 5 (flags=0xd)
[80 ms] [acpi]   ISO: ISA IRQ9 -> GSI 9 (flags=0xd)
[80 ms] [acpi]   ISO: ISA IRQ10 -> GSI 10 (flags=0xd)
[80 ms] [acpi]   ISO: ISA IRQ11 -> GSI 11 (flags=0xd)
[80 ms] [acpi]   LAPIC NMI: acpi_proc=255 lint=1 flags=0x0
[80 ms] [acpi] enumerated 1 CPU(s) (uniprocessor), 1 IO APIC(s), 5 override(s), 1 NMI source(s)
[80 ms] [acpi] FADT: pm1a_cnt=0x604 pm1b_cnt=0x0 smi_cmd=0xb2 acpi_enable=0xf1 sci_int=9
[80 ms] [acpi] FADT: reset_reg not supported (flags=0x80a5)
[80 ms] [acpi] DSDT _S5_: SLP_TYPa=0 SLP_TYPb=0 (DSDT 8617 bytes)
[80 ms] [acpi] AML inventory: dsdt=8581 bytes, 0 SSDT(s)
[80 ms] [apic] BSP local APIC: phys=0x00000000fee00000 virt=0xffffd20000000000 id=0 ver=0x14
[80 ms] [apic] SVR=0x1ff  spurious_vec=0xff  timer_vec=0x40 (masked)
[90 ms] [apic] timer calibrated: ~8563300 ticks/10ms (~856330 kHz, ~856330000 Hz/sec)
[90 ms] [ioapic] chip 0: phys=0x00000000fec00000 virt=0xffffd20000010000 gsi=[0..23] ver=0x20 entries=24
[90 ms] [irq]   re-route ISA IRQ 0 -> GSI 2 vec=0x20 edge/ahigh
[90 ms] [irq]   re-route ISA IRQ 1 (identity, edge/ahigh) -> vec=0x21
[90 ms] [irq] facade: switched to IO APIC mode (2 IRQs re-routed)
[90 ms] [pci] enumerating bus 0...
[90 ms] [pci] 6 device(s):
[90 ms] [pci] 00:00.0  8086:1237  bridge.host       [90 ms] 
[90 ms] [pci] 00:01.0  8086:7000  bridge.isa        [90 ms] 
[90 ms] [pci] 00:01.1  8086:7010  storage.ide       [90 ms]   BAR4 io 16[90 ms] 
[90 ms] [pci] 00:01.3  8086:7113  bridge            [90 ms]   IRQ 9[90 ms] 
[90 ms] [pci] 00:02.0  1234:1111  display.vga       [90 ms]   BAR0 mem 16384K[90 ms]   BAR2 mem 4K[90 ms] 
[90 ms] [pci] 00:03.0  8086:100e  network.ethernet  [90 ms]   IRQ 11[90 ms]   BAR0 mem 128K[90 ms]   BAR1 io 64[90 ms] 
[90 ms] [ata] 00:01.1: no primary-master IDE drive (identify rc=-2)
[100 ms] [pci] driver blk_ata  declined 00:01.1  (probe rc=-2)
[100 ms] [e1000] probing 00:03.0  (vid:did 8086:100e)
[110 ms] [e1000] MMIO BAR0 phys=0x00000000febc0000 virt=0xffff8000febc0000 (128 KiB UC)
[120 ms] [e1000] MAC 52:54:00:12:34:56
[120 ms] [e1000] RX live RDBAL=0x0009c000 RDLEN=512 RDT=31 RCTL=0x0400800a
[120 ms] [e1000] no MSI cap -- staying polled (vec 0x50 is now idle)
[120 ms] [net] +nic e1000:00:03.0 mac=52:54:00:12:34:56 (slot 0)
[130 ms] [pci] driver e1000    bound to 00:03.0  (8086:100e) strat=exact
[130 ms] [pci] bind complete -- 1 of 6 device(s) bound  (1 newly this pass)
[130 ms] [blk] no block devices registered
[130 ms] [net] 1 nic(s) registered:
[130 ms]   [0] e1000:00:03.0 mac=52:54:00:12:34:56
[140 ms] [boot] Limine modules (2):
[140 ms]   [0] /boot/initrd.tar  size=1873920  addr=0xffff80001fabd000
[140 ms]   [1] /boot/install.img  size=4194304  addr=0xffff80001f6bc000
[140 ms] [initrd] using '/boot/initrd.tar' (size=1873920, addr=0xffff80001fabd000)
[150 ms] [ramfs] mounted: 77 entries from 1873920-byte tar at 0xffff80001fabd000
[150 ms]   - bin/hello                         8848 B  data@0xffff80001fabd200
[150 ms]   - bin/bad                           8800 B  data@0xffff80001fabf800
[160 ms]   - bin/echo                          13032 B  data@0xffff80001fac1e00
[160 ms]   - bin/cat                           8864 B  data@0xffff80001fac5400
[160 ms]   - bin/long_task                     8864 B  data@0xffff80001fac7a00
[160 ms]   - bin/netecho                       17232 B  data@0xffff80001faca000
[160 ms]   - bin/gui_demo                      13080 B  data@0xffff80001face600
[170 ms]   - bin/gui_clock                     13032 B  data@0xffff80001fad1c00
[170 ms]   - bin/gui_widgets                   13712 B  data@0xffff80001fad5200
[170 ms]   - bin/gui_about                     13672 B  data@0xffff80001fad8a00
[170 ms]   - bin/gui_term                      13232 B  data@0xffff80001fadc200
[180 ms]   - bin/gui_files                     17752 B  data@0xffff80001fadf800
[180 ms]   - bin/gui_viewer                    13304 B  data@0xffff80001fae4000
[180 ms]   - bin/login                         13696 B  data@0xffff80001fae7600
[180 ms]   - bin/gui_settings                  34960 B  data@0xffff80001faeae00
[190 ms]   - bin/abi_test                      13064 B  data@0xffff80001faf3a00
[190 ms]   - bin/c_hello                       29648 B  data@0xffff80001faf7000
[190 ms]   - bin/c_args                        29648 B  data@0xffff80001fafe600
[190 ms]   - bin/c_filedemo                    33744 B  data@0xffff80001fb05c00
[200 ms]   - bin/c_alloctest                   33744 B  data@0xffff80001fb0e200
[200 ms]   - bin/c_envtest                     34104 B  data@0xffff80001fb16800
[200 ms]   - bin/c_dynhello                    3328 B  data@0xffff80001fb1f000
[200 ms]   - bin/devlist                       34328 B  data@0xffff80001fb20000
[210 ms]   - bin/drvtest                       34328 B  data@0xffff80001fb28a00
[210 ms]   - bin/usbtest                       38808 B  data@0xffff80001fb31400
[210 ms]   - bin/audiotest                     34328 B  data@0xffff80001fb3ae00
[220 ms]   - bin/batterytest                   34328 B  data@0xffff80001fb43800
[220 ms]   - bin/displayinfo                   34328 B  data@0xffff80001fb4c200
[220 ms]   - bin/drawtest                      34472 B  data@0xffff80001fb54c00
[220 ms]   - bin/rendertest                    42984 B  data@0xffff80001fb5d600
[230 ms]   - bin/fonttest                      33808 B  data@0xffff80001fb68000
[230 ms]   - bin/logview                       34168 B  data@0xffff80001fb70800
[230 ms]   - bin/crashinfo                     33776 B  data@0xffff80001fb79000
[230 ms]   - bin/wdogtest                      33864 B  data@0xffff80001fb81600
[240 ms]   - bin/safesh                        34256 B  data@0xffff80001fb89e00
[240 ms]   - bin/fscheck                       33864 B  data@0xffff80001fb92600
[240 ms]   - bin/services                      33936 B  data@0xffff80001fb9ae00
[250 ms]   - bin/svc_crasher                   29648 B  data@0xffff80001fba3600
[250 ms]   - bin/stabilitytest                 33992 B  data@0xffff80001fbaac00
[250 ms]   - bin/hwinfo                        34320 B  data@0xffff80001fbb3400
[250 ms]   - bin/drvmatch                      43168 B  data@0xffff80001fbbbe00
[250 ms]   - bin/hwcompat                      34360 B  data@0xffff80001fbc6a00
[260 ms]   - bin/hwreport                      38520 B  data@0xffff80001fbcf400
[260 ms]   - bin/compattest                    51912 B  data@0xffff80001fbd8e00
[260 ms]   - bin/tobycc                        33888 B  data@0xffff80001fbe5c00
[270 ms]   - bin/tobybuild                     34008 B  data@0xffff80001fbee400
[270 ms]   - bin/selfhosttest                  34008 B  data@0xffff80001fbf6c00
[270 ms]   - bin/p_echo                        34112 B  data@0xffff80001fbff400
[280 ms]   - bin/p_cat                         34112 B  data@0xffff80001fc07c00
[280 ms]   - bin/p_wc                          34472 B  data@0xffff80001fc10400
[280 ms]   - bin/p_head                        34456 B  data@0xffff80001fc18e00
[280 ms]   - bin/p_ls                          34704 B  data@0xffff80001fc21800
[280 ms]   - bin/p_grep                        34600 B  data@0xffff80001fc2a200
[290 ms]   - lib/ld-toby.so                    5672 B  data@0xffff80001fc32c00
[290 ms]   - lib/libtoby.so                    47752 B  data@0xffff80001fc34600
[290 ms]   - repo/helloapp.tpkg                14294 B  data@0xffff80001fc40400
[290 ms]   - repo/helloapp_v2.tpkg             14351 B  data@0xffff80001fc43e00
[300 ms]   - repo/helloapp_corrupt.tpkg        14293 B  data@0xffff80001fc47a00
[300 ms]   - repo/helloapp_badhash.tpkg        14294 B  data@0xffff80001fc4b400
[300 ms]   - repo/helloapp_nohash.tpkg         14037 B  data@0xffff80001fc4ee00
[300 ms]   - repo/helloapp_badfhash.tpkg       14295 B  data@0xffff80001fc52800
[310 ms]   - repo/helloapp_v2_corrupt.tpkg     14350 B  data@0xffff80001fc56200
[310 ms]   - repo/helloapp_signed.tpkg         14371 B  data@0xffff80001fc59e00
[310 ms]   - repo/helloapp_signed_unknown.tpkg  14368 B  data@0xffff80001fc5da00
[310 ms]   - repo/helloapp_signed_tampered.tpkg  14116 B  data@0xffff80001fc61600
[320 ms]   - repo/helloapp_caps_ro.tpkg        14303 B  data@0xffff80001fc65000
[320 ms]   - system/keys/trust.db              196 B  data@0xffff80001fc68a00
[320 ms]   - repo/hello_cli.tpkg               29863 B  data@0xffff80001fc68e00
[320 ms]   - repo/hello_gui.tpkg               34694 B  data@0xffff80001fc70600
[330 ms]   - repo/notes_app.tpkg               39643 B  data@0xffff80001fc79000
[330 ms]   - etc/motd                          297 B  data@0xffff80001fc82e00
[330 ms]   - etc/drvmatch.conf                 1306 B  data@0xffff80001fc83200
[330 ms]   - etc/drvmatch.conf.test            456 B  data@0xffff80001fc83a00
[340 ms]   - m36/m36_part2.c                   222 B  data@0xffff80001fc83e00
[340 ms]   - m36/m36_sample.c                  100 B  data@0xffff80001fc84200
[340 ms]   - m36/Tobyfile                      152 B  data@0xffff80001fc84600
[340 ms]   - readme.txt                        922 B  data@0xffff80001fc84a00
[350 ms] [safe] no safemode flag -- normal boot
[350 ms] [350] INFO  safe    : boot mode = normal (level=0)
[350 ms] [safe] policy: mode=normal level=0 boot_mode=0
[360 ms] [safe] policy: usb_full=keep usb_extra=keep net=keep audio=keep gui=keep services=keep virtio_gpu=keep
[360 ms] [360] INFO  hw      : hwinfo: cpu='QEMU Virtual CPU version 2.5+' family=15 model=107 step=1 feat=0xe6000271
[360 ms] [drvmatch] init: total=6 bound=1 unbound=5 forced_off=0
[370 ms] [370] INFO  hw      : drvmatch init: total=6 bound=1 unbound=5 forced=0
[370 ms] [drvconf] loaded /etc/drvmatch.conf: blacklist=0 force=0 errors=0
[370 ms] [370] INFO  hw      : drvconf load: blacklist=0 force=0 errors=0
[380 ms] [drvconf] === active overrides ===
[380 ms] [drvconf] (none)
[380 ms] [boot] no disk -- /data unavailable this boot
[380 ms] [boot] no FAT32 partition discovered -- /fat unmounted
[380 ms] [boot] no FAT32-on-USB discovered -- /usb unmounted
[390 ms] [boot] no ext4 partition discovered -- /ext unmounted
[390 ms] [installer] live install image registered: 4194304 bytes @ 0xffff80001f6bc000
[390 ms] [vfs] mount table (1 entries):
[390 ms]   /            -> ops=0xffffffff800a7570 mnt=0xffffffff8011a010
[400 ms] [proc] table initialised (16 slots), pid 0 = 'kernel_main' RUNNING
[400 ms] [sched] per-CPU round-robin scheduler ready (BSP cur=pid 0)
[400 ms] [signal] subsystem up (SIGINT=2, SIGTERM=15)
[400 ms] [boot] spawning first userspace process from /bin/hello...
[410 ms] [elf] phdr[0] LOAD vaddr=0x0000000000400000 memsz=0x34 filesz=0x34 flags=R-X U -> pages [0x0000000000400000..0x0000000000401000)
[410 ms] [elf] phdr[1] LOAD vaddr=0x0000000000401000 memsz=0x45 filesz=0x45 flags=R-- U -> pages [0x0000000000401000..0x0000000000402000)
[410 ms] [elf] load OK (user): type=ET_EXEC, 2 segment(s), base=0x0000000000000000, entry=0x0000000000400000, phdr=0x0000000000000000 (2 entries)
[420 ms] [proc] created pid=1 ppid=0 'hello-boot' entry=0x0000000000400000 rsp=0x00007fffffffff50 cr3=0x13f000 kstack=0xffffd0000001bf80 argc=0 envc=0 cwd='/'
hello from user mode
user_hello: about to SYS_EXIT(0x55)
[420 ms] [sys_exit] user requested exit, code=85 (0x55)
[430 ms] [proc] pid=1 'hello-boot' exit code=85 (0x55) cpu=0 ms syscalls=3
[430 ms] [proc] reaped pid=1, slot recycled
[430 ms] [boot] /bin/hello (pid=1) finished, exit code=85 (0x55)
[430 ms] [elf] phdr[0] LOAD vaddr=0x0000000000400000 memsz=0xd22 filesz=0xd22 flags=R-X U -> pages [0x0000000000400000..0x0000000000401000)
[440 ms] [elf] phdr[1] LOAD vaddr=0x0000000000401000 memsz=0x374 filesz=0x374 flags=R-- U -> pages [0x0000000000401000..0x0000000000402000)
[440 ms] [elf] phdr[2] LOAD vaddr=0x0000000000402000 memsz=0x18 filesz=0x18 flags=RW- U -> pages [0x0000000000402000..0x0000000000403000)
[440 ms] [elf] load OK (user): type=ET_EXEC, 3 segment(s), base=0x0000000000000000, entry=0x0000000000400000, phdr=0x0000000000000000 (3 entries)
[450 ms] [proc] created pid=1 ppid=0 'abi-test-boot' entry=0x0000000000400000 rsp=0x00007fffffffff50 cr3=0x13f000 kstack=0xffffd0000001bf80 argc=0 envc=0 cwd='/'
[abi-test] starting Milestone 25A ABI surface check
[abi-test] argc = 0
[abi-test] abi_version = 1
[abi-test] pid = 1
[abi-test] ppid = 0
[abi-test] clock_ms_delta = 1
[abi-test] cwd_len = 1
[abi-test] cwd = /
[abi-test] brk_initial = 268435456
[abi-test] brk_after_grow = 268451840
[abi-test] heap pages writable + zero-initialised OK
[abi-test] open_fd = -13
[abi-test] FAIL: open(/data/abi_test.tmp, O_RDWR|O_CREAT) failed
[480 ms] [sys_exit] user requested exit, code=1 (0x1)
[490 ms] [proc] pid=1 'abi-test-boot' exit code=1 (0x1) cpu=0 ms syscalls=69
[490 ms] [proc] reaped pid=1, slot recycled
[490 ms] [boot] M25A: /bin/abi_test (pid=1) finished, exit code=1 (FAIL)
[500 ms] [elf] phdr[0] LOAD vaddr=0x0000000000400000 memsz=0x3ed6 filesz=0x3ed6 flags=R-X U -> pages [0x0000000000400000..0x0000000000404000)
[500 ms] [elf] phdr[1] LOAD vaddr=0x0000000000404000 memsz=0x7d0 filesz=0x7d0 flags=R-- U -> pages [0x0000000000404000..0x0000000000405000)
[500 ms] [elf] phdr[2] LOAD vaddr=0x0000000000405000 memsz=0x1cc filesz=0x80 flags=RW- U -> pages [0x0000000000405000..0x0000000000406000)
[510 ms] [elf] load OK (user): type=ET_EXEC, 3 segment(s), base=0x0000000000000000, entry=0x0000000000400000, phdr=0x0000000000000000 (3 entries)
[510 ms] [proc] created pid=1 ppid=0 'c_hello-boot' entry=0x0000000000400000 rsp=0x00007fffffffff50 cr3=0x13f000 kstack=0xffffd0000001bf80 argc=0 envc=0 cwd='/'
[c_hello] hello from libtoby (argc=0)
[c_hello] ALL OK
[_exit] code=0 caller=0x0000000000400124
[520 ms] [sys_exit] user requested exit, code=0 (0x0)
[520 ms] [proc] pid=1 'c_hello-boot' exit code=0 (0x0) cpu=0 ms syscalls=6
[520 ms] [proc] reaped pid=1, slot recycled
[530 ms] [boot] M25B: /bin/c_hello (pid=1) exit=0 (PASS)
[530 ms] [elf] phdr[0] LOAD vaddr=0x0000000000400000 memsz=0x3fe6 filesz=0x3fe6 flags=R-X U -> pages [0x0000000000400000..0x0000000000404000)
[530 ms] [elf] phdr[1] LOAD vaddr=0x0000000000404000 memsz=0x860 filesz=0x860 flags=R-- U -> pages [0x0000000000404000..0x0000000000405000)
[530 ms] [elf] phdr[2] LOAD vaddr=0x0000000000405000 memsz=0x1cc filesz=0x80 flags=RW- U -> pages [0x0000000000405000..0x0000000000406000)
[540 ms] [elf] load OK (user): type=ET_EXEC, 3 segment(s), base=0x0000000000000000, entry=0x0000000000400000, phdr=0x0000000000000000 (3 entries)
[540 ms] [proc] created pid=1 ppid=0 'c_args-boot' entry=0x0000000000400000 rsp=0x00007fffffffff50 cr3=0x13f000 kstack=0xffffd0000001bf80 argc=0 envc=0 cwd='/'
[c_args] argc=0
[c_args] envc=0
[c_args] getenv("HOME") = (unset)
[c_args] __toby_argc=0 __toby_argv=0x7fffffffff58 __toby_envp=0x7fffffffff60
[c_args] ALL OK
[_exit] code=0 caller=0x0000000000400234
[560 ms] [sys_exit] user requested exit, code=0 (0x0)
[560 ms] [proc] pid=1 'c_args-boot' exit code=0 (0x0) cpu=0 ms syscalls=21
[570 ms] [proc] reaped pid=1, slot recycled
[570 ms] [boot] M25B: /bin/c_args (pid=1) exit=0 (PASS)
[570 ms] [elf] phdr[0] LOAD vaddr=0x0000000000400000 memsz=0x41a6 filesz=0x41a6 flags=R-X U -> pages [0x0000000000400000..0x0000000000405000)
[580 ms] [elf] phdr[1] LOAD vaddr=0x0000000000405000 memsz=0xa30 filesz=0xa30 flags=R-- U -> pages [0x0000000000405000..0x0000000000406000)
[580 ms] [elf] phdr[2] LOAD vaddr=0x0000000000406000 memsz=0x1d8 filesz=0x80 flags=RW- U -> pages [0x0000000000406000..0x0000000000407000)
[580 ms] [elf] load OK (user): type=ET_EXEC, 3 segment(s), base=0x0000000000000000, entry=0x0000000000400000, phdr=0x0000000000000000 (3 entries)
[580 ms] [proc] created pid=1 ppid=0 'c_filedemo-boot' entry=0x0000000000400000 rsp=0x00007fffffffff50 cr3=0x13f000 kstack=0xffffd0000001bf80 argc=0 envc=0 cwd='/'
[c_filedemo] fopen(w): Permission denied
[_exit] code=1 caller=0x0000000000400b64
[590 ms] [sys_exit] user requested exit, code=1 (0x1)
[590 ms] [proc] pid=1 'c_filedemo-boot' exit code=1 (0x1) cpu=0 ms syscalls=7
[600 ms] [proc] reaped pid=1, slot recycled
[600 ms] [boot] M25B: /bin/c_filedemo (pid=1) exit=1 (FAIL)
[600 ms] [elf] phdr[0] LOAD vaddr=0x0000000000400000 memsz=0x43f6 filesz=0x43f6 flags=R-X U -> pages [0x0000000000400000..0x0000000000405000)
[610 ms] [elf] phdr[1] LOAD vaddr=0x0000000000405000 memsz=0x910 filesz=0x910 flags=R-- U -> pages [0x0000000000405000..0x0000000000406000)
[610 ms] [elf] phdr[2] LOAD vaddr=0x0000000000406000 memsz=0x1cc filesz=0x80 flags=RW- U -> pages [0x0000000000406000..0x0000000000407000)
[610 ms] [elf] load OK (user): type=ET_EXEC, 3 segment(s), base=0x0000000000000000, entry=0x0000000000400000, phdr=0x0000000000000000 (3 entries)
[620 ms] [proc] created pid=1 ppid=0 'c_alloctest-boot' entry=0x0000000000400000 rsp=0x00007fffffffff50 cr3=0x13f000 kstack=0xffffd0000001bf80 argc=0 envc=0 cwd='/'
[c_alloctest] ALL OK
[_exit] code=0 caller=0x0000000000400db4
[630 ms] [sys_exit] user requested exit, code=0 (0x0)
[630 ms] [proc] pid=1 'c_alloctest-boot' exit code=0 (0x0) cpu=0 ms syscalls=9
[630 ms] [proc] reaped pid=1, slot recycled
[630 ms] [boot] M25B: /bin/c_alloctest (pid=1) exit=0 (PASS)
[640 ms] [boot] M25B: libtoby demos 3/4 PASS
[640 ms] [elf] phdr[0] LOAD vaddr=0x0000000000400000 memsz=0x3fe6 filesz=0x3fe6 flags=R-X U -> pages [0x0000000000400000..0x0000000000404000)
[640 ms] [elf] phdr[1] LOAD vaddr=0x0000000000404000 memsz=0x860 filesz=0x860 flags=R-- U -> pages [0x0000000000404000..0x0000000000405000)
[650 ms] [elf] phdr[2] LOAD vaddr=0x0000000000405000 memsz=0x1cc filesz=0x80 flags=RW- U -> pages [0x0000000000405000..0x0000000000406000)
[650 ms] [elf] load OK (user): type=ET_EXEC, 3 segment(s), base=0x0000000000000000, entry=0x0000000000400000, phdr=0x0000000000000000 (3 entries)
[650 ms] [proc] created pid=1 ppid=0 'c_args-spec' entry=0x0000000000400000 rsp=0x00007ffffffffee0 cr3=0x13f000 kstack=0xffffd0000001bf80 argc=4 envc=3 cwd='/'
[c_args] argc=4
[c_args]   argv[0] = "c_args"
[c_args]   argv[1] = "alpha"
[c_args]   argv[2] = "beta"
[c_args]   argv[3] = "gamma"
[c_args] envc=3
[c_args]   envp[0] = "PATH=/bin"
[c_args]   envp[1] = "TEST_PHASE=25C"
[c_args]   envp[2] = "BUILD=ok"
[c_args] getenv("HOME") = (unset)
[c_args] __toby_argc=4 __toby_argv=0x7ffffffffee8 __toby_envp=0x7fffffffff10
[c_args] ALL OK
[_exit] code=0 caller=0x0000000000400234
[680 ms] [sys_exit] user requested exit, code=0 (0x0)
[690 ms] [proc] pid=1 'c_args-spec' exit code=0 (0x0) cpu=0 ms syscalls=56
[690 ms] [proc] reaped pid=1, slot recycled
[690 ms] [boot] M25C: /bin/c_args (pid=1, argc=4 envc=3) exit=0 (PASS)
[690 ms] [elf] phdr[0] LOAD vaddr=0x0000000000400000 memsz=0x4ae6 filesz=0x4ae6 flags=R-X U -> pages [0x0000000000400000..0x0000000000405000)
[700 ms] [elf] phdr[1] LOAD vaddr=0x0000000000405000 memsz=0xde0 filesz=0xde0 flags=R-- U -> pages [0x0000000000405000..0x0000000000406000)
[700 ms] [elf] phdr[2] LOAD vaddr=0x0000000000406000 memsz=0x1f8 filesz=0xa0 flags=RW- U -> pages [0x0000000000406000..0x0000000000407000)
[700 ms] [elf] load OK (user): type=ET_EXEC, 3 segment(s), base=0x0000000000000000, entry=0x0000000000400000, phdr=0x0000000000000000 (3 entries)
[710 ms] [proc] created pid=1 ppid=0 'c_envtest-boot' entry=0x0000000000400000 rsp=0x00007fffffffff00 cr3=0x13f000 kstack=0xffffd0000001bf80 argc=1 envc=3 cwd='/'
[c_envtest][build] M25C-debug-rev3 alive
[c_envtest] argc=1 argv[0]='c_envtest'
[c_envtest] environ has 3 initial entries
[c_envtest] getenv(PATH) = /bin
[c_envtest][diag] BEFORE system
[c_envtest] system("c_hello") starting...
[730 ms] [elf] phdr[0] LOAD vaddr=0x0000000000400000 memsz=0x3ed6 filesz=0x3ed6 flags=R-X U -> pages [0x0000000000400000..0x0000000000404000)
[730 ms] [elf] phdr[1] LOAD vaddr=0x0000000000404000 memsz=0x7d0 filesz=0x7d0 flags=R-- U -> pages [0x0000000000404000..0x0000000000405000)
[730 ms] [elf] phdr[2] LOAD vaddr=0x0000000000405000 memsz=0x1cc filesz=0x80 flags=RW- U -> pages [0x0000000000405000..0x0000000000406000)
[740 ms] [elf] load OK (user): type=ET_EXEC, 3 segment(s), base=0x0000000000000000, entry=0x0000000000400000, phdr=0x0000000000000000 (3 entries)
[740 ms] [proc] created pid=2 ppid=1 'c_hello' entry=0x0000000000400000 rsp=0x00007fffffffff30 cr3=0x156000 kstack=0xffffd00000024310 argc=1 envc=1 cwd='/'
[c_hello] hello from libtoby (argc=1)
[c_hello] ALL OK
[_exit] code=0 caller=0x0000000000400124
[750 ms] [sys_exit] user requested exit, code=0 (0x0)
[750 ms] [proc] pid=2 'c_hello' exit code=0 (0x0) cpu=0 ms syscalls=6
[750 ms] [proc] reaped pid=2, slot recycled
[c_envtest][diag] AFTER system, sr=0
[c_envtest] system("c_hello") raw status=0x0
[c_envtest][diag] AFTER printf raw status
[c_envtest][diag] AFTER system EXPECTs
[c_envtest] recursive execvp test starting...
[770 ms] [elf] phdr[0] LOAD vaddr=0x0000000000400000 memsz=0x4ae6 filesz=0x4ae6 flags=R-X U -> pages [0x0000000000400000..0x0000000000405000)
[780 ms] [elf] phdr[1] LOAD vaddr=0x0000000000405000 memsz=0xde0 filesz=0xde0 flags=R-- U -> pages [0x0000000000405000..0x0000000000406000)
[780 ms] [elf] phdr[2] LOAD vaddr=0x0000000000406000 memsz=0x1f8 filesz=0xa0 flags=RW- U -> pages [0x0000000000406000..0x0000000000407000)
[780 ms] [elf] load OK (user): type=ET_EXEC, 3 segment(s), base=0x0000000000000000, entry=0x0000000000400000, phdr=0x0000000000000000 (3 entries)
[780 ms] [proc] created pid=2 ppid=1 'c_envtest' entry=0x0000000000400000 rsp=0x00007fffffffff00 cr3=0x156000 kstack=0xffffd000000244f0 argc=3 envc=1 cwd='/'
[c_envtest][build] M25C-debug-rev3 alive
[c_envtest] (child) execvp -> 'c_hello'
[790 ms] [elf] phdr[0] LOAD vaddr=0x0000000000400000 memsz=0x3ed6 filesz=0x3ed6 flags=R-X U -> pages [0x0000000000400000..0x0000000000404000)
[800 ms] [elf] phdr[1] LOAD vaddr=0x0000000000404000 memsz=0x7d0 filesz=0x7d0 flags=R-- U -> pages [0x0000000000404000..0x0000000000405000)
[800 ms] [elf] phdr[2] LOAD vaddr=0x0000000000405000 memsz=0x1cc filesz=0x80 flags=RW- U -> pages [0x0000000000405000..0x0000000000406000)
[800 ms] [elf] load OK (user): type=ET_EXEC, 3 segment(s), base=0x0000000000000000, entry=0x0000000000400000, phdr=0x0000000000000000 (3 entries)
[800 ms] [proc] created pid=3 ppid=2 'c_hello' entry=0x0000000000400000 rsp=0x00007fffffffff30 cr3=0x168000 kstack=0xffffd00000008030 argc=1 envc=1 cwd='/'
[c_hello] hello from libtoby (argc=1)
[c_hello] ALL OK
[_exit] code=0 caller=0x0000000000400124
[810 ms] [sys_exit] user requested exit, code=0 (0x0)
[820 ms] [proc] pid=3 'c_hello' exit code=0 (0x0) cpu=0 ms syscalls=6
[820 ms] [proc] reaped pid=3, slot recycled
[_exit] code=0 caller=0x0000000000402e0b
[820 ms] [sys_exit] user requested exit, code=0 (0x0)
[830 ms] [proc] pid=2 'c_envtest' exit code=0 (0x0) cpu=18 ms syscalls=9
[830 ms] [proc] reaped pid=2, slot recycled
[c_envtest] recursive child pid=2 status=0x0
[c_envtest] ALL OK
[_exit] code=0 caller=0x0000000000400f44
[840 ms] [sys_exit] user requested exit, code=0 (0x0)
[840 ms] [proc] pid=1 'c_envtest-boot' exit code=0 (0x0) cpu=64 ms syscalls=38
[840 ms] [proc] reaped pid=1, slot recycled
[850 ms] [boot] M25C: /bin/c_envtest (pid=1) exit=0 (PASS)
[850 ms] [elf] phdr[2] LOAD vaddr=0x0000000000500000 memsz=0x3a8 filesz=0x3a8 flags=R-- U -> pages [0x0000000000500000..0x0000000000501000)
[850 ms] [elf] phdr[3] LOAD vaddr=0x00000000005013b0 memsz=0xd0 filesz=0xd0 flags=R-X U -> pages [0x0000000000501000..0x0000000000502000)
[860 ms] [elf] phdr[4] LOAD vaddr=0x0000000000502480 memsz=0xb80 filesz=0x120 flags=RW- U -> pages [0x0000000000502000..0x0000000000503000)
[860 ms] [elf] phdr[5] LOAD vaddr=0x00000000005035a0 memsz=0x18 filesz=0x18 flags=RW- U -> pages [0x0000000000503000..0x0000000000504000)
[860 ms] [elf] load OK (user): type=ET_DYN, 4 segment(s), base=0x0000000000500000, entry=0x00000000005013b0, phdr=0x0000000000500040 (9 entries), PT_INTERP
[860 ms] [elf] phdr[1] LOAD vaddr=0x0000000040000000 memsz=0x499 filesz=0x499 flags=R-- U -> pages [0x0000000040000000..0x0000000040001000)
[870 ms] [elf] phdr[2] LOAD vaddr=0x00000000400014a0 memsz=0x9ba filesz=0x9ba flags=R-X U -> pages [0x0000000040001000..0x0000000040002000)
[870 ms] [elf] phdr[3] LOAD vaddr=0x0000000040002e60 memsz=0x1a0 filesz=0xa0 flags=RW- U -> pages [0x0000000040002000..0x0000000040003000)
[870 ms] [elf] phdr[4] LOAD vaddr=0x0000000040003f00 memsz=0x390 filesz=0x0 flags=RW- U -> pages [0x0000000040003000..0x0000000040005000)
[870 ms] [elf] load OK (user): type=ET_DYN, 4 segment(s), base=0x0000000040000000, entry=0x00000000400014a0, phdr=0x0000000040000040 (8 entries)
[880 ms] [proc] loaded interpreter '/lib/ld-toby.so' base=0x0000000040000000 entry=0x00000000400014a0
[880 ms] [proc] created pid=1 ppid=0 'c_dynhello-boot' entry=0x00000000400014a0 rsp=0x00007fffffffff30 cr3=0x13f000 kstack=0xffffd0000001bf80 argc=1 envc=1 cwd='/'
[880 ms] [elf] phdr[1] LOAD vaddr=0x0000000060000000 memsz=0x3188 filesz=0x3188 flags=R-- U -> pages [0x0000000060000000..0x0000000060004000)
[890 ms] [elf] phdr[2] LOAD vaddr=0x0000000060004190 memsz=0x6321 filesz=0x6321 flags=R-X U -> pages [0x0000000060004000..0x000000006000b000)
[900 ms] [elf] phdr[3] LOAD vaddr=0x000000006000b4c0 memsz=0xb40 filesz=0x278 flags=RW- U -> pages [0x000000006000b000..0x000000006000c000)
[900 ms] [elf] phdr[4] LOAD vaddr=0x000000006000c738 memsz=0x1f0 filesz=0x7c flags=RW- U -> pages [0x000000006000c000..0x000000006000d000)
[900 ms] [elf] load OK (user): type=ET_DYN, 4 segment(s), base=0x0000000060000000, entry=0x0000000060000000, phdr=0x0000000060000040 (8 entries)
[c_dynhello] hello from DYNAMIC libtoby (argc=1)
[c_dynhello] ALL OK
[_exit] code=0 caller=0x0000000060004ab4
[910 ms] [sys_exit] user requested exit, code=0 (0x0)
[910 ms] [proc] pid=1 'c_dynhello-boot' exit code=0 (0x0) cpu=0 ms syscalls=7
[920 ms] [proc] reaped pid=1, slot recycled
[920 ms] [boot] M25D: /bin/c_dynhello (pid=1) exit=0 (PASS)
[920 ms] [elf] phdr[0] LOAD vaddr=0x0000000000400000 memsz=0x4246 filesz=0x4246 flags=R-X U -> pages [0x0000000000400000..0x0000000000405000)
[930 ms] [elf] phdr[1] LOAD vaddr=0x0000000000405000 memsz=0x7e0 filesz=0x7e0 flags=R-- U -> pages [0x0000000000405000..0x0000000000406000)
[930 ms] [elf] phdr[2] LOAD vaddr=0x0000000000406000 memsz=0x1e8 filesz=0x88 flags=RW- U -> pages [0x0000000000406000..0x0000000000407000)
[940 ms] [elf] load OK (user): type=ET_EXEC, 3 segment(s), base=0x0000000000000000, entry=0x0000000000400000, phdr=0x0000000000000000 (3 entries)
[940 ms] [proc] created pid=1 ppid=0 'p_echo-boot' entry=0x0000000000400000 rsp=0x00007fffffffff10 cr3=0x13f000 kstack=0xffffd0000001bf80 argc=3 envc=1 cwd='/'
hello from-port-echo
[_exit] code=0 caller=0x0000000000400c04
[950 ms] [sys_exit] user requested exit, code=0 (0x0)
[950 ms] [proc] pid=1 'p_echo-boot' exit code=0 (0x0) cpu=0 ms syscalls=6
[950 ms] [proc] reaped pid=1, slot recycled
[960 ms] [boot] M25E: /bin/p_echo (pid=1) exit=0 (PASS)
[960 ms] [elf] phdr[0] LOAD vaddr=0x0000000000400000 memsz=0x4276 filesz=0x4276 flags=R-X U -> pages [0x0000000000400000..0x0000000000405000)
[960 ms] [elf] phdr[1] LOAD vaddr=0x0000000000405000 memsz=0x7d0 filesz=0x7d0 flags=R-- U -> pages [0x0000000000405000..0x0000000000406000)
[970 ms] [elf] phdr[2] LOAD vaddr=0x0000000000406000 memsz=0x1e8 filesz=0x88 flags=RW- U -> pages [0x0000000000406000..0x0000000000407000)
[970 ms] [elf] load OK (user): type=ET_EXEC, 3 segment(s), base=0x0000000000000000, entry=0x0000000000400000, phdr=0x0000000000000000 (3 entries)
[970 ms] [proc] created pid=1 ppid=0 'p_cat-boot' entry=0x0000000000400000 rsp=0x00007fffffffff20 cr3=0x13f000 kstack=0xffffd0000001bf80 argc=2 envc=1 cwd='/'
==============================================
  Welcome to tobyOS -- milestone 4
==============================================

The kernel mounted this file from /etc/motd
on a read-only ramfs backed by a USTAR initrd.

Try:
    ls
    ls /bin
    cat /readme.txt
    run /bin/hello
[_exit] code=0 caller=0x0000000000400c34
[1000 ms] [sys_exit] user requested exit, code=0 (0x0)
[1010 ms] [proc] pid=1 'p_cat-boot' exit code=0 (0x0) cpu=0 ms syscalls=7
[1010 ms] [proc] reaped pid=1, slot recycled
[1010 ms] [boot] M25E: /bin/p_cat (pid=1) exit=0 (PASS)
[1010 ms] [elf] phdr[0] LOAD vaddr=0x0000000000400000 memsz=0x4aca filesz=0x4aca flags=R-X U -> pages [0x0000000000400000..0x0000000000405000)
[1020 ms] [elf] phdr[1] LOAD vaddr=0x0000000000405000 memsz=0x840 filesz=0x840 flags=R-- U -> pages [0x0000000000405000..0x0000000000406000)
[1020 ms] [elf] phdr[2] LOAD vaddr=0x0000000000406000 memsz=0x208 filesz=0x94 flags=RW- U -> pages [0x0000000000406000..0x0000000000407000)
[1020 ms] [elf] load OK (user): type=ET_EXEC, 3 segment(s), base=0x0000000000000000, entry=0x0000000000400000, phdr=0x0000000000000000 (3 entries)
[1020 ms] [proc] created pid=1 ppid=0 'p_wc-boot' entry=0x0000000000400000 rsp=0x00007fffffffff20 cr3=0x13f000 kstack=0xffffd0000001bf80 argc=2 envc=1 cwd='/'
      12      32     297 /etc/motd
[_exit] code=0 caller=0x00000000004011f4
[1030 ms] [sys_exit] user requested exit, code=0 (0x0)
[1040 ms] [proc] pid=1 'p_wc-boot' exit code=0 (0x0) cpu=0 ms syscalls=29
[1040 ms] [proc] reaped pid=1, slot recycled
[1040 ms] [boot] M25E: /bin/p_wc (pid=1) exit=0 (PASS)
[1040 ms] [elf] phdr[0] LOAD vaddr=0x0000000000400000 memsz=0x46ba filesz=0x46ba flags=R-X U -> pages [0x0000000000400000..0x0000000000405000)
[1050 ms] [elf] phdr[1] LOAD vaddr=0x0000000000405000 memsz=0x840 filesz=0x840 flags=R-- U -> pages [0x0000000000405000..0x0000000000406000)
[1050 ms] [elf] phdr[2] LOAD vaddr=0x0000000000406000 memsz=0x208 filesz=0x9c flags=RW- U -> pages [0x0000000000406000..0x0000000000407000)
[1050 ms] [elf] load OK (user): type=ET_EXEC, 3 segment(s), base=0x0000000000000000, entry=0x0000000000400000, phdr=0x0000000000000000 (3 entries)
[1060 ms] [proc] created pid=1 ppid=0 'p_head-boot' entry=0x0000000000400000 rsp=0x00007fffffffff10 cr3=0x13f000 kstack=0xffffd0000001bf80 argc=4 envc=1 cwd='/'
==============================================
  Welcome to tobyOS -- milestone 4
[_exit] code=0 caller=0x0000000000400de4
[1070 ms] [sys_exit] user requested exit, code=0 (0x0)
[1070 ms] [proc] pid=1 'p_head-boot' exit code=0 (0x0) cpu=0 ms syscalls=7
[1070 ms] [proc] reaped pid=1, slot recycled
[1080 ms] [boot] M25E: /bin/p_head (pid=1) exit=0 (PASS)
[1080 ms] [elf] phdr[0] LOAD vaddr=0x0000000000400000 memsz=0x4d5a filesz=0x4d5a flags=R-X U -> pages [0x0000000000400000..0x0000000000405000)
[1090 ms] [elf] phdr[1] LOAD vaddr=0x0000000000405000 memsz=0x850 filesz=0x850 flags=R-- U -> pages [0x0000000000405000..0x0000000000406000)
[1090 ms] [elf] phdr[2] LOAD vaddr=0x0000000000406000 memsz=0x208 filesz=0x94 flags=RW- U -> pages [0x0000000000406000..0x0000000000407000)
[1090 ms] [elf] load OK (user): type=ET_EXEC, 3 segment(s), base=0x0000000000000000, entry=0x0000000000400000, phdr=0x0000000000000000 (3 entries)
[1090 ms] [proc] created pid=1 ppid=0 'p_ls-boot' entry=0x0000000000400000 rsp=0x00007fffffffff20 cr3=0x13f000 kstack=0xffffd0000001bf80 argc=2 envc=1 cwd='/'
abi_test
audiotest
bad
batterytest
c_alloctest
c_args
c_dynhello
c_envtest
c_filedemo
c_hello
cat
compattest
crashinfo
devlist
displayinfo
drawtest
drvmatch
drvtest
echo
fonttest
fscheck
gui_about
gui_clock
gui_demo
gui_files
gui_settings
gui_term
gui_viewer
gui_widgets
hello
hwcompat
hwinfo
hwreport
login
logview
long_task
netecho
p_cat
p_echo
p_grep
p_head
p_ls
p_wc
rendertest
safesh
selfhosttest
services
stabilitytest
svc_crasher
tobybuild
tobycc
usbtest
wdogtest
[_exit] code=0 caller=0x0000000000401194
[1220 ms] [sys_exit] user requested exit, code=0 (0x0)
[1220 ms] [proc] pid=1 'p_ls-boot' exit code=0 (0x0) cpu=0 ms syscalls=169
[1230 ms] [proc] reaped pid=1, slot recycled
[1230 ms] [boot] M25E: /bin/p_ls (pid=1) exit=0 (PASS)
[1230 ms] [elf] phdr[0] LOAD vaddr=0x0000000000400000 memsz=0x480a filesz=0x480a flags=R-X U -> pages [0x0000000000400000..0x0000000000405000)
[1240 ms] [elf] phdr[1] LOAD vaddr=0x0000000000405000 memsz=0x8e0 filesz=0x8e0 flags=R-- U -> pages [0x0000000000405000..0x0000000000406000)
[1240 ms] [elf] phdr[2] LOAD vaddr=0x0000000000406000 memsz=0x228 filesz=0x94 flags=RW- U -> pages [0x0000000000406000..0x0000000000407000)
[1250 ms] [elf] load OK (user): type=ET_EXEC, 3 segment(s), base=0x0000000000000000, entry=0x0000000000400000, phdr=0x0000000000000000 (3 entries)
[1250 ms] [proc] created pid=1 ppid=0 'p_grep-boot' entry=0x0000000000400000 rsp=0x00007fffffffff10 cr3=0x13f000 kstack=0xffffd0000001bf80 argc=3 envc=1 cwd='/'
  Welcome to tobyOS -- milestone 4
[_exit] code=0 caller=0x0000000000400f34
[1260 ms] [sys_exit] user requested exit, code=0 (0x0)
[1260 ms] [proc] pid=1 'p_grep-boot' exit code=0 (0x0) cpu=0 ms syscalls=305
[1260 ms] [proc] reaped pid=1, slot recycled
[1260 ms] [boot] M25E: /bin/p_grep (pid=1) exit=0 (PASS)
[1260 ms] [boot] M25E: ports 6/6 PASS
[1270 ms] [boot] BSP LAPIC timer @ 100 Hz live (vec=0x40)
[1270 ms] [smp] 1 CPU(s) total: BSP apic_id=0
[1270 ms] [smp]   cpu0: apic_id=0 (BSP)
[1270 ms] CPU 0 online
[1280 ms]   apic_id=0 (BSP)  stack=bootloader-provided
[1280 ms] [smp] uniprocessor -- nothing to wake
[1290 ms] [gfx] back buffer 1280x800 (4000 KiB) ready, fb_pitch=1280 px, backend=limine-fb
[1290 ms] [mouse] PS/2 driver up (IRQ12 routed via IO APIC, sample=200Hz)
[1300 ms] [gui] window manager ready (max 8 windows, 24-px title bar)
[1300 ms] [term] session pool ready (4 sessions, 4096-byte rings)
[1300 ms] Welcome to tobyOS
[1300 ms] milestone 14: services + settings + login. Boot drops into the GUI desktop with /bin/login.
[1300 ms] 
[1310 ms] [boot] requesting deferred network bring-up
[1310 ms] [boot] settling input before network bring-up
[1610 ms] [boot] servicing deferred network bring-up
[1610 ms] [net] deferred boot bring-up starting (attempt 1)
[1610 ms] [net] nic=e1000:00:03.0 mac=52:54:00:12:34:56 -- starting up
[1610 ms] [dhcp] DISCOVER xid=0x9f3b86fa
[1610 ms] [e1000] RX DHCP frame len=590 udp 67 -> 68 dst=ff:ff:ff:ff:ff:ff
[1610 ms] [dhcp] OFFER  yiaddr=10.0.2.15 server=10.0.2.2
[1610 ms] [dhcp] REQUEST requested=10.0.2.15
[1610 ms] [e1000] RX DHCP frame len=590 udp 67 -> 68 dst=ff:ff:ff:ff:ff:ff
[1610 ms] [dhcp] ACK    bound: ip=10.0.2.15 mask=255.255.255.0 gw=10.0.2.2 dns=10.0.2.3 lease=86400s (server=10.0.2.2)
[1620 ms] [net] DHCP lease applied: ip=10.0.2.15 mask=255.255.255.0 gw=10.0.2.2 dns=10.0.2.3
[1620 ms] [net] up: nic=e1000:00:03.0 ip=10.0.2.15 gw=10.0.2.2 mac=52:54:00:12:34:56
[1630 ms] [net] gateway 10.0.2.2 -> 52:55:0a:00:02:02 (cached)
[1640 ms] [net] dns     10.0.2.3 -> 52:55:0a:00:02:03 (cached)
[1640 ms] [tcp] LISTEN tcp[0] lp=1234 backlog=4
[1640 ms] [tcp-echo] listening on TCP port 1234
[1650 ms] [tcp] LISTEN tcp[1] lp=7777 backlog=4
[1650 ms] [tcp-shell] listening on TCP port 7777
[1650 ms] [net] deferred boot bring-up complete
[1650 ms] [rng] CSPRNG ready (rdrand=0 words=0)
[1660 ms] [ssh-crypto] refusing to generate persistent host key: no hardware RNG seed available
[1660 ms] [ssh] host key unavailable; TCP/22 not started
[1660 ms] [settings] /data/settings.conf not found (no such file or directory) -- writing defaults
[1660 ms] [settings] save failed: read-only filesystem
[1670 ms] [settings] cache:
[1670 ms]   desktop.bg=theme
[1670 ms]   desktop.accent=orange
[1670 ms]   desktop.title=tobyOS
[1670 ms]   desktop.greeting=Welcome to tobyOS
[1680 ms]   ui.theme=cyber
[1680 ms]   ui.transparency=on
[1680 ms]   ui.nixie_glow=75
[1680 ms]   ui.night_light=off
[1690 ms]   ui.widgets=on
[1690 ms]   ui.animations=on
[1690 ms]   device.bluetooth=off
[1690 ms]   network.autostart=on
[1700 ms]   user.last=toby
[1700 ms]   user.greeting=Hello, friend!
[1700 ms]   session.autostart=
[1700 ms] [users] /data/users not found (no such file or directory) -- writing defaults
[1700 ms] [users] save failed: read-only filesystem
[1710 ms] [users] cache (3 entries):
[1710 ms]   root             uid=0 gid=0
[1710 ms]   toby             uid=1000 gid=1000
[1710 ms]   guest            uid=1001 gid=1001
[1720 ms] [theme] active='cyber' (settings ui.theme='cyber')
[1720 ms] [svc] registered builtin 'notify'
[1720 ms] [1720] INFO  svc      pid=0: registered builtin 'notify'
[1720 ms] [notify] daemon ready (ring depth 32)
[1730 ms] [svc] service manager up (max 8 services)
[1730 ms] [1730] INFO  svc      pid=0: manager up max=8 backoff_base=100ms cap=6400ms disable_at=5
[1730 ms] [svc] registered builtin 'input'
[1730 ms] [1730] INFO  svc      pid=0: registered builtin 'input'
[1740 ms] [svc] registered builtin 'network'
[1740 ms] [1740] INFO  svc      pid=0: registered builtin 'network'
[1740 ms] [svc] registered builtin 'desktop'
[1740 ms] [1740] INFO  svc      pid=0: registered builtin 'desktop'
[1750 ms] [svc] registered builtin 'session'
[1750 ms] [1750] INFO  svc      pid=0: registered builtin 'session'
[1750 ms] [trace] level 0 -> 1
[1750 ms] [gui] auto-enabled trace (level=1) for desktop session
[1760 ms] [trace t=176 pid=0] [1760 ms] gui_set_desktop_mode: off -> on[1760 ms] 
[1760 ms] [gui] entering graphical mode
[1760 ms] [session] init: last user='toby' (will be pre-filled at login)
[1760 ms] [svc] registered program 'login' -> /bin/login (autorestart=1)
[1760 ms] [1760] INFO  svc      pid=0: registered program 'login' path='/bin/login' autorestart=1
[1760 ms] [trace t=176 pid=0] [1760 ms] launch_enqueue '/bin/login' sandbox='' caps='' (head=1 tail=0)[1760 ms] 
[1760 ms] [svc] 'login' enqueued (restart #1, crashes=0)
[1760 ms] [1760] INFO  svc      pid=0: 'login' enqueued restart=1 crashes=0
[1760 ms] [svc] 5 services registered
[1760 ms]   name         kind    state    auto pid rcnt  ccnt  ccon  path
[1760 ms]   input        builtin running  0    0   0     0     0     (builtin)
[1760 ms]   network      builtin running  0    0   0     0     0     (builtin)
[1760 ms]   desktop      builtin running  0    0   0     0     0     (builtin)
[1760 ms]   session      builtin running  0    0   0     0     0     (builtin)
[1760 ms]   login        program running  1    0   1     0     0     /bin/login
[1760 ms] [notify #1 urg=0 kind=1] kernel: Desktop ready -- Welcome to tobyOS. Click [Apps] to launch a program, or click the bell to open the notification
[1760 ms] [notify #2 urg=0 kind=1] session: Login service started -- /bin/login is running. Type 'root' to log in.
[1760 ms] [boot] first gui_tick after desktop init
[1760 ms] [trace t=176 pid=0] [1760 ms] drain_launch_queue: spawning '/bin/login' sandbox='default' caps=''[1760 ms] 
[1760 ms] [elf] phdr[0] LOAD vaddr=0x0000000000400000 memsz=0xf21 filesz=0xf21 flags=R-X U -> pages [0x0000000000400000..0x0000000000401000)
[1760 ms] [elf] phdr[1] LOAD vaddr=0x0000000000401000 memsz=0x194 filesz=0x194 flags=R-- U -> pages [0x0000000000401000..0x0000000000402000)
[1760 ms] [elf] phdr[2] LOAD vaddr=0x0000000000402000 memsz=0x30 filesz=0x18 flags=RW- U -> pages [0x0000000000402000..0x0000000000403000)
[1760 ms] [elf] load OK (user): type=ET_EXEC, 3 segment(s), base=0x0000000000000000, entry=0x0000000000400000, phdr=0x0000000000000000 (3 entries)
[1760 ms] [proc] created pid=1 ppid=0 'login' entry=0x0000000000400000 rsp=0x00007fffffffff50 cr3=0x52a000 kstack=0xffffd0000001be00 argc=0 envc=0 cwd='/'
[1770 ms] [cap] pid=1 'login' sandbox='default' caps=FILE_READ,FILE_WRITE,EXEC,NET,GUI,TERM,SETTINGS_WRITE root=(none)
[1770 ms] [trace t=177 pid=0] [1770 ms] track_pid pid=1 slot=0[1770 ms] 
[1770 ms] [gui] launched /bin/login as pid 1 (session=0)
[1770 ms] [trace t=177 pid=0] [1770 ms] drain_launch_queue: spawned '/bin/login' as pid=1 session=0[1770 ms] 
[1770 ms] [svc] 'login' pid=1 (backfilled)
[1770 ms] [trace t=177 pid=0] [1770 ms] heartbeat windows=0 apps_alive=1 cursor=(640,400) btn=0x00 dirty=1 menu=0 desktop=1[1770 ms] 
[1770 ms] [trace t=177 pid=0] [1770 ms] toast new id=2 urg=0 app='session' title='Login service started'[1770 ms] 
[1780 ms] [trace t=178 pid=1] [1780 ms] window_create wid=1 owner_pid=1 size=380x220 pos=(60,40) title='tobyOS login'[1780 ms] 
[1790 ms] [sec] M34 crypto self-test PASS (SHA-256, HMAC-SHA-256, hex/ct)
[1800 ms] [ssh-crypto] Monocypher self-test PASS (X25519, Ed25519, XChaCha20-Poly1305)
[1800 ms] [sec] trust store loaded: 1 key(s) from /system/keys/trust.db
[1800 ms] [sysprot] init: 5 protected prefix(es)
[1800 ms] [sysprot]   /system          system
[1800 ms] [sysprot]   /system/keys     trust-store
[1800 ms] [sysprot]   /boot            boot
[1800 ms] [sysprot]   /data/packages   package-db
[1800 ms] [sysprot]   /data/users      user-db
[1800 ms] [pkg] mkdir('/data/apps') failed: read-only filesystem
[1800 ms] [pkg] mkdir('/data/packages') failed: read-only filesystem
[1800 ms] [pkg] mkdir('/data/repo') failed: read-only filesystem
[1800 ms] [pkg] package manager ready (apps=/data/apps db=/data/packages repo=/data/repo,/repo)
[1800 ms] [fw_cfg] QEMU fw_cfg interface present at 0x510/0x511
[1800 ms] [battery] no ACPI battery detected (no fw_cfg mock, no PNP0C0A in AML)
[1800 ms] [display] registered fb0 1280x800 backend=limine-fb
[1800 ms] type 'help' to list commands.
[1800 ms] tobyOS> [1800 ms] [boot] QUICK_BOOT: skipping devtest_boot_run + shell smoketest + M26A/M27A spawns
[1800 ms] [boot] QUICK_BOOT: skipping M28A–M35G boot harness spawns (CI: `make fullboot` / omit -DQUICK_BOOT)
[1800 ms] [bootlog] /data not mounted — skipping boot.log
[1800 ms] [bootlog] no FAT32 USB at /usb — skipping BOOTLOG.TXT
[1800 ms] [bootlog] flush complete (ram cap=262144 overflow=0)
[1810 ms] [bootlog] net upload: sent 47002 bytes to 192.168.68.74:40123/udp
[1810 ms] [bootlog] (deferred) no FAT32 USB at /usb — skipping BOOTLOG.TXT
[1810 ms] [bootlog] deferred USB flush done (ram cap=262144 overflow=0)
[2770 ms] [trace t=277 pid=0] [2770 ms] heartbeat windows=1 apps_alive=1 cursor=(640,400) btn=0x00 dirty=0 menu=0 desktop=1[2770 ms] 
[3770 ms] [trace t=377 pid=0] [3770 ms] heartbeat windows=1 apps_alive=1 cursor=(640,400) btn=0x00 dirty=0 menu=0 desktop=1[3770 ms] 
[4770 ms] [trace t=477 pid=0] [4770 ms] heartbeat windows=1 apps_alive=1 cursor=(640,400) btn=0x00 dirty=0 menu=0 desktop=1[4770 ms] 
[5770 ms] [trace t=577 pid=0] [5770 ms] heartbeat windows=1 apps_alive=1 cursor=(640,400) btn=0x00 dirty=0 menu=0 desktop=1[5770 ms] 
[5770 ms] [trace t=577 pid=0] [5770 ms] toast id=2 expired[5770 ms] 
[5770 ms] [trace t=577 pid=0] [5770 ms] toast new id=1 urg=0 app='kernel' title='Desktop ready'[5770 ms] 
[6770 ms] [trace t=677 pid=0] [6770 ms] heartbeat windows=1 apps_alive=1 cursor=(640,400) btn=0x00 dirty=0 menu=0 desktop=1[6770 ms] 
[7770 ms] [trace t=777 pid=0] [7770 ms] heartbeat windows=1 apps_alive=1 cursor=(640,400) btn=0x00 dirty=0 menu=0 desktop=1[7770 ms] 
[8770 ms] [trace t=877 pid=0] [8770 ms] heartbeat windows=1 apps_alive=1 cursor=(640,400) btn=0x00 dirty=0 menu=0 desktop=1[8770 ms] 
