vbe: Initialising...
vbe: Version: 3.0
vbe: OEM: SeaBIOS VBE(C) 2011
vbe: Graphics vendor: SeaBIOS Developers
vbe: Product name: SeaBIOS VBE Adapter
vbe: Product revision: Rev. 1
edid: Success.
vbe: EDID detected screen resolution of 1280x800
vbe: Found matching mode 0x17a, attempting to set...
vbe: Framebuffer address: 0xfd000000
edid: Success.
[2J[H
[2;27H[36mLimine 11.4.1 (x86-64, BIOS)[0m



[13;1H                                   [7m tobyOS [27m
[4;1H    [32mARROWS[0m Select    [32mENTER[0m Boot    [32mE[0m Edit[4;64H[32mB[0m Blank Entry[14;1H

[24;1H[2K[32mBooting automatically in [92m3[32m, press any key to stop the countdown...[0m[24;1H[2K[32mBooting automatically in [92m2[32m, press any key to stop the countdown...[0m[24;1H[2K[32mBooting automatically in [92m1[32m, press any key to stop the countdown...[0m[2J[Hlimine: Loading executable `boot():/boot/tobyos.bin`...
limine: Physical base:   0x7c5c000
limine: Virtual base:    0xffffffff80000000
limine: Slide:           0x0
limine: ELF entry point: 0xffffffff80001000
limine: Base revision:   3
limine: Requests count:  6
limine: Top of HHDM:     0x40000000
acpi: Found RSDP at 0xf52e0
limine: Loading module `boot():/boot/initrd.tar`...
limine: Loading module `boot():/boot/install.img`...
vbe: Initialising...
vbe: Version: 3.0
vbe: OEM: SeaBIOS VBE(C) 2011
vbe: Graphics vendor: SeaBIOS Developers
vbe: Product name: SeaBIOS VBE Adapter
vbe: Product revision: Rev. 1
edid: Success.
vbe: EDID detected screen resolution of 1280x800
vbe: Found matching mode 0x17a, attempting to set...
vbe: Mode was already set, perfect!
vbe: Framebuffer address: 0xfd000000
edid: Success.
paging: 1GiB pages are not supported!
acpi: Found RSDP at 0xf52e0
acpi: "DMAR" not found
acpi: Found RSDP at 0xf52e0
acpi: "IVRS" not found
[------] [boot] serial up
[------] [0] INFO  slog    : slog ready (depth=256, persist=/data/system.log)
[------] [0] INFO  boot    : tobyOS boot sequence started
[------] [boot] framebuffer: 1280x800 pitch=5120 bpp=32 addr=0xffff8000fd000000
[------] [boot] console up
[------] [gdt] loaded: base=0xffffffff801036e0 limit=55 entries=7
[------] [gdt] CS=0x08 DS=0x10 (expected CS=0x08 DS=0x10)
[------] [gdt] user CS=0x23 DS=0x1b  TSS sel=0x28 (TSS slot empty until tss_init)
[------] [idt] loaded: base=0xffffffff80103730 limit=4095 (256 gates wired)
[------] [boot] firing int3 to exercise IDT round-trip...
[------] [isr] breakpoint hit at rip=0xffffffff8000109f (rflags=0x86)
[------] [boot] int3 returned cleanly, IDT round-trip OK
[------] [0] INFO  wdog    : watchdog ready (timeout=10000 ms)
[0 ms] [pit] channel 0 -> 100 Hz (divisor=11931)
[0 ms] [kbd] PS/2 driver up (IRQ1 enabled + unmasked)
[10 ms] [boot] interrupts enabled (IRQ0 timer + IRQ1 keyboard, via legacy PIC for early boot)
[70 ms] [perf] TSC calibrated: 4305 MHz (215261268 cycles in 50000000 ns)
[70 ms] [boot] HHDM offset = 0xffff800000000000
[70 ms] [pmm] Limine memmap (19 entries):
[70 ms]   0x0000000000001000..0x0000000000061000       384 KiB  bootloader
[70 ms]   0x0000000000061000..0x000000000009f000       248 KiB  usable
[70 ms]   0x000000000009fc00..0x00000000000a0000         1 KiB  reserved
[70 ms]   0x00000000000f0000..0x0000000000100000        64 KiB  reserved
[70 ms]   0x0000000000100000..0x0000000007687000    120348 KiB  usable
[70 ms]   0x0000000007687000..0x0000000007a87000      4096 KiB  kernel
[70 ms]   0x0000000007a87000..0x0000000007a88000         4 KiB  bootloader
[70 ms]   0x0000000007a88000..0x0000000007c52000      1832 KiB  kernel
[70 ms]   0x0000000007c52000..0x0000000007c53000         4 KiB  bootloader
[70 ms]   0x0000000007c53000..0x0000000007c56000        12 KiB  usable
[70 ms]   0x0000000007c56000..0x0000000007c5c000        24 KiB  bootloader
[70 ms]   0x0000000007c5c000..0x0000000007e71000      2132 KiB  kernel
[80 ms]   0x0000000007e71000..0x0000000007f4f000       888 KiB  bootloader
[80 ms]   0x0000000007f4f000..0x0000000007f69000       104 KiB  usable
[80 ms]   0x0000000007f69000..0x0000000007fe0000       476 KiB  bootloader
[80 ms]   0x0000000007fe0000..0x0000000008000000       128 KiB  reserved
[80 ms]   0x00000000fd000000..0x00000000fd3e8000      4000 KiB  framebuffer
[80 ms]   0x00000000fffc0000..0x0000000100000000       256 KiB  reserved
[80 ms]   0x000000fd00000000..0x0000010000000000  12582912 KiB  reserved
[80 ms] [pmm] managed:  32617 pages (127 MiB) up to 0x0000000007f69000
[80 ms] [pmm] usable:   120712 KiB across 19 regions
[80 ms] [pmm] bitmap:   4078 bytes at phys 0x0000000000061000 (virt 0xffff800000061000), 1 pages
[80 ms] [pmm] free:     30177 pages (117 MiB) -- used: 2440 pages
[90 ms] [pmm] test: allocated 0x0000000000062000 0x0000000000063000 0x0000000000064000 0x0000000000065000 (free now=30173)
[90 ms] [pmm] test: read-back a=0xdeadbeefcafebabe d=0x1122334455667788
[90 ms] [pmm] test: alloc/free balanced (free=30177 before & after)
[90 ms] [boot] reserved AP trampoline page at phys 0x0000000000070000
[90 ms] [vmm] kernel image: virt 0xffffffff80000000..0xffffffff80215000 -> phys 0x0000000007c5c000 (2132 KiB)
[90 ms] [vmm] hhdm mirror:  132 MiB across memmap, top phys 0x00000000fd400000, 2M pages
[90 ms] [vmm] new PML4 at phys 0x0000000000062000, switching CR3...
[90 ms] [vmm] CR3 switched. Running on tobyOS page tables.
[100 ms] [vmm] test: __text_start 0xffffffff80001000 -> phys 0x0000000007c5d000
[100 ms] [vmm] test: __data_start 0xffffffff800c2000 -> phys 0x0000000007d1e000
[100 ms] [vmm] test: HHDM r/w through new PML4 at phys 0x000000000006a000 OK
[100 ms] [vmm] test: new mapping at 0xffffc00000000000 <-> phys 0x000000000006a000 verified
[100 ms] [vmm] test: unmap clears translation, scratch page freed
[100 ms] [vmm] test: ok
[100 ms] [heap] up: initial arena 17 pages (67 KiB)
[100 ms] [heap] start: arenas=1 total=69600 used=0 free=69600  brk=0xffffd00000011000 (region 0xffffd00000000000..0xffffd10000000000)
[100 ms] [heap] after 8 allocs: arenas=2 used=85616 free=65872 allocs=8
[110 ms] [heap] after 8 frees: arenas=2 used=0 free=151488 frees=8
[110 ms] [heap] test: ok (region OK, fragmented 80 KiB alloc OK, round-trip balanced, kcalloc zero-verified)
[110 ms] [heap] brk now 0xffffd00000025000 (148 KiB virt consumed)
[110 ms] [tss] installed: tss=0xffffffff8011ed20 rsp0=0xffffffff8011ed20 (irq stack 16 KiB)
[110 ms] [sys] EFER.SCE on, STAR=0x0010000800000000, LSTAR=0xffffffff80099034, FMASK=0x700
[110 ms] [sys] kernel syscall rsp = 0xffffffff8011ed20
[110 ms] [sys] available syscalls: 0=exit  1=write  2=read  3=pipe  4=close  5=yield
[110 ms] [sys]                     6=socket 7=bind 8=sendto 9=recvfrom
[110 ms] [sys]                     10=gui_create 11=gui_fill 12=gui_text 13=gui_flip 14=gui_poll_event
[120 ms] [sys]                     15=term_open 16=term_write 17=term_read 18=fs_readdir 19=fs_readfile 20=exec
[120 ms] [sys]                     21=setting_get 22=setting_set 23=login 24=logout 25=session_info
[120 ms] [sys]                     26=getuid 27=getgid 28=username 29=chmod 30=chown
[120 ms] [sys]   M25A: 31=getpid 32=getppid 33=spawn 34=waitpid 35=open 36=lseek 37=stat 38=fstat
[120 ms] [sys]         39=dup 40=dup2 41=unlink 42=mkdir 43=brk 44=getcwd 45=chdir 46=getenv
[120 ms] [sys]         47=nanosleep 48=clock_ms 49=abi_version (ABI v1)
[120 ms] [acpi] using RSDT @ 0x0000000007fe244c (entries=4)
[120 ms] [acpi] MADT: lapic_phys (32-bit field) = 0x00000000fee00000, legacy_pic=yes
[130 ms] [acpi]   CPU0: acpi_id=0 apic_id=0 flags=0x1 enabled 
[130 ms] [acpi]   CPU1: acpi_id=1 apic_id=1 flags=0x1 enabled 
[130 ms] [acpi]   CPU2: acpi_id=2 apic_id=2 flags=0x1 enabled 
[130 ms] [acpi]   CPU3: acpi_id=3 apic_id=3 flags=0x1 enabled 
[130 ms] [acpi]   IOAPIC 0: mmio=0x00000000fec00000 gsi_base=0
[130 ms] [acpi]   ISO: ISA IRQ0 -> GSI 2 (flags=0x0)
[130 ms] [acpi]   ISO: ISA IRQ5 -> GSI 5 (flags=0xd)
[130 ms] [acpi]   ISO: ISA IRQ9 -> GSI 9 (flags=0xd)
[130 ms] [acpi]   ISO: ISA IRQ10 -> GSI 10 (flags=0xd)
[130 ms] [acpi]   ISO: ISA IRQ11 -> GSI 11 (flags=0xd)
[130 ms] [acpi]   LAPIC NMI: acpi_proc=255 lint=1 flags=0x0
[130 ms] [acpi] enumerated 4 CPU(s) (SMP), 1 IO APIC(s), 5 override(s), 1 NMI source(s)
[140 ms] [acpi] FADT: pm1a_cnt=0x604 pm1b_cnt=0x0 smi_cmd=0xb2 acpi_enable=0xf1 sci_int=9
[140 ms] [acpi] FADT: reset_reg not supported (flags=0x80a5)
[140 ms] [acpi] DSDT _S5_: SLP_TYPa=0 SLP_TYPb=0 (DSDT 8872 bytes)
[140 ms] [acpi] AML inventory: dsdt=8836 bytes, 0 SSDT(s)
[140 ms] [apic] BSP local APIC: phys=0x00000000fee00000 virt=0xffffd20000000000 id=0 ver=0x14
[140 ms] [apic] SVR=0x1ff  spurious_vec=0xff  timer_vec=0x40 (masked)
[150 ms] [apic] timer calibrated: ~4061500 ticks/10ms (~406150 kHz, ~406150000 Hz/sec)
[150 ms] [ioapic] chip 0: phys=0x00000000fec00000 virt=0xffffd20000010000 gsi=[0..23] ver=0x20 entries=24
[150 ms] [irq]   re-route ISA IRQ 0 -> GSI 2 vec=0x20 edge/ahigh
[150 ms] [irq]   re-route ISA IRQ 1 (identity, edge/ahigh) -> vec=0x21
[150 ms] [irq] facade: switched to IO APIC mode (2 IRQs re-routed)
[160 ms] [pci] enumerating bus 0...
[160 ms] [pci] 6 device(s):
[160 ms] [pci] 00:00.0  8086:1237  bridge.host       [160 ms] 
[160 ms] [pci] 00:01.0  8086:7000  bridge.isa        [160 ms] 
[160 ms] [pci] 00:01.1  8086:7010  storage.ide       [170 ms]   BAR4 io 16[170 ms] 
[170 ms] [pci] 00:01.3  8086:7113  bridge            [180 ms]   IRQ 9[180 ms] 
[180 ms] [pci] 00:02.0  1234:1111  display.vga       [190 ms]   BAR0 mem 16384K[190 ms]   BAR2 mem 4K[190 ms] 
[190 ms] [pci] 00:03.0  8086:100e  network.ethernet  [200 ms]   IRQ 11[200 ms]   BAR0 mem 128K[200 ms]   BAR1 io 64[200 ms] 
[210 ms] [ata] primary master: 32768 sectors (16384 KiB) -- PIO LBA28 (PCI 00:01.1)
[220 ms] [blk] registered 'ide0:master' [disk] (32768 sectors, 16384 KiB)
[230 ms] [pci] driver blk_ata  bound to 00:01.1  (8086:7010) strat=generic
[230 ms] [e1000] probing 00:03.0  (vid:did 8086:100e)
[240 ms] [e1000] MMIO BAR0 phys=0x00000000febc0000 virt=0xffff8000febc0000 (128 KiB UC)
[250 ms] [e1000] MAC 52:54:00:12:34:56
[260 ms] [e1000] RX live RDBAL=0x0009a000 RDLEN=512 RDT=31 RCTL=0x0400800a
[270 ms] [e1000] no MSI cap -- staying polled (vec 0x50 is now idle)
[280 ms] [net] +nic e1000:00:03.0 mac=52:54:00:12:34:56 (slot 0)
[290 ms] [pci] driver e1000    bound to 00:03.0  (8086:100e) strat=exact
[300 ms] [pci] bind complete -- 2 of 6 device(s) bound  (2 newly this pass)
[310 ms] [blk] 1 device(s) registered:
[310 ms]   [0] ide0:master          disk    32768 sectors ( 16384 KiB)
[320 ms] [net] 1 nic(s) registered:
[330 ms]   [0] e1000:00:03.0 mac=52:54:00:12:34:56
[340 ms] [boot] Limine modules (2):
[340 ms]   [0] /boot/initrd.tar  size=1873920  addr=0xffff800007a88000
[350 ms]   [1] /boot/install.img  size=4194304  addr=0xffff800007687000
[360 ms] [initrd] using '/boot/initrd.tar' (size=1873920, addr=0xffff800007a88000)
[370 ms] [ramfs] mounted: 77 entries from 1873920-byte tar at 0xffff800007a88000
[380 ms]   - bin/hello                         8848 B  data@0xffff800007a88200
[390 ms]   - bin/bad                           8800 B  data@0xffff800007a8a800
[400 ms]   - bin/echo                          13032 B  data@0xffff800007a8ce00
[400 ms]   - bin/cat                           8864 B  data@0xffff800007a90400
[410 ms]   - bin/long_task                     8864 B  data@0xffff800007a92a00
[420 ms]   - bin/netecho                       17232 B  data@0xffff800007a95000
[430 ms]   - bin/gui_demo                      13080 B  data@0xffff800007a99600
[440 ms]   - bin/gui_clock                     13032 B  data@0xffff800007a9cc00
[450 ms]   - bin/gui_widgets                   13712 B  data@0xffff800007aa0200
[460 ms]   - bin/gui_about                     13672 B  data@0xffff800007aa3a00
[460 ms]   - bin/gui_term                      13232 B  data@0xffff800007aa7200
[470 ms]   - bin/gui_files                     17752 B  data@0xffff800007aaa800
[480 ms]   - bin/gui_viewer                    13304 B  data@0xffff800007aaf000
[490 ms]   - bin/login                         13696 B  data@0xffff800007ab2600
[500 ms]   - bin/gui_settings                  34960 B  data@0xffff800007ab5e00
[500 ms]   - bin/abi_test                      13064 B  data@0xffff800007abea00
[510 ms]   - bin/c_hello                       29648 B  data@0xffff800007ac2000
[520 ms]   - bin/c_args                        29648 B  data@0xffff800007ac9600
[530 ms]   - bin/c_filedemo                    33744 B  data@0xffff800007ad0c00
[540 ms]   - bin/c_alloctest                   33744 B  data@0xffff800007ad9200
[540 ms]   - bin/c_envtest                     34104 B  data@0xffff800007ae1800
[550 ms]   - bin/c_dynhello                    3328 B  data@0xffff800007aea000
[560 ms]   - bin/devlist                       34328 B  data@0xffff800007aeb000
[570 ms]   - bin/drvtest                       34328 B  data@0xffff800007af3a00
[570 ms]   - bin/usbtest                       38808 B  data@0xffff800007afc400
[580 ms]   - bin/audiotest                     34328 B  data@0xffff800007b05e00
[590 ms]   - bin/batterytest                   34328 B  data@0xffff800007b0e800
[590 ms]   - bin/displayinfo                   34328 B  data@0xffff800007b17200
[600 ms]   - bin/drawtest                      34472 B  data@0xffff800007b1fc00
[610 ms]   - bin/rendertest                    42984 B  data@0xffff800007b28600
[620 ms]   - bin/fonttest                      33808 B  data@0xffff800007b33000
[630 ms]   - bin/logview                       34168 B  data@0xffff800007b3b800
[630 ms]   - bin/crashinfo                     33776 B  data@0xffff800007b44000
[640 ms]   - bin/wdogtest                      33864 B  data@0xffff800007b4c600
[650 ms]   - bin/safesh                        34256 B  data@0xffff800007b54e00
[650 ms]   - bin/fscheck                       33864 B  data@0xffff800007b5d600
[660 ms]   - bin/services                      33936 B  data@0xffff800007b65e00
[670 ms]   - bin/svc_crasher                   29648 B  data@0xffff800007b6e600
[680 ms]   - bin/stabilitytest                 33992 B  data@0xffff800007b75c00
[680 ms]   - bin/hwinfo                        34320 B  data@0xffff800007b7e400
[690 ms]   - bin/drvmatch                      43168 B  data@0xffff800007b86e00
[700 ms]   - bin/hwcompat                      34360 B  data@0xffff800007b91a00
[710 ms]   - bin/hwreport                      38520 B  data@0xffff800007b9a400
[710 ms]   - bin/compattest                    51912 B  data@0xffff800007ba3e00
[720 ms]   - bin/tobycc                        33888 B  data@0xffff800007bb0c00
[730 ms]   - bin/tobybuild                     34008 B  data@0xffff800007bb9400
[730 ms]   - bin/selfhosttest                  34008 B  data@0xffff800007bc1c00
[740 ms]   - bin/p_echo                        34112 B  data@0xffff800007bca400
[750 ms]   - bin/p_cat                         34112 B  data@0xffff800007bd2c00
[760 ms]   - bin/p_wc                          34472 B  data@0xffff800007bdb400
[760 ms]   - bin/p_head                        34456 B  data@0xffff800007be3e00
[770 ms]   - bin/p_ls                          34704 B  data@0xffff800007bec800
[780 ms]   - bin/p_grep                        34600 B  data@0xffff800007bf5200
[790 ms]   - lib/ld-toby.so                    5672 B  data@0xffff800007bfdc00
[790 ms]   - lib/libtoby.so                    47752 B  data@0xffff800007bff600
[800 ms]   - repo/helloapp.tpkg                14294 B  data@0xffff800007c0b400
[810 ms]   - repo/helloapp_v2.tpkg             14351 B  data@0xffff800007c0ee00
[820 ms]   - repo/helloapp_corrupt.tpkg        14293 B  data@0xffff800007c12a00
[820 ms]   - repo/helloapp_badhash.tpkg        14294 B  data@0xffff800007c16400
[830 ms]   - repo/helloapp_nohash.tpkg         14037 B  data@0xffff800007c19e00
[840 ms]   - repo/helloapp_badfhash.tpkg       14295 B  data@0xffff800007c1d800
[840 ms]   - repo/helloapp_v2_corrupt.tpkg     14350 B  data@0xffff800007c21200
[850 ms]   - repo/helloapp_signed.tpkg         14371 B  data@0xffff800007c24e00
[860 ms]   - repo/helloapp_signed_unknown.tpkg  14368 B  data@0xffff800007c28a00
[860 ms]   - repo/helloapp_signed_tampered.tpkg  14116 B  data@0xffff800007c2c600
[870 ms]   - repo/helloapp_caps_ro.tpkg        14303 B  data@0xffff800007c30000
[880 ms]   - system/keys/trust.db              196 B  data@0xffff800007c33a00
[890 ms]   - repo/hello_cli.tpkg               29863 B  data@0xffff800007c33e00
[900 ms]   - repo/hello_gui.tpkg               34694 B  data@0xffff800007c3b600
[900 ms]   - repo/notes_app.tpkg               39643 B  data@0xffff800007c44000
[910 ms]   - etc/motd                          297 B  data@0xffff800007c4de00
[920 ms]   - etc/drvmatch.conf                 1306 B  data@0xffff800007c4e200
[920 ms]   - etc/drvmatch.conf.test            456 B  data@0xffff800007c4ea00
[930 ms]   - m36/m36_part2.c                   222 B  data@0xffff800007c4ee00
[940 ms]   - m36/m36_sample.c                  100 B  data@0xffff800007c4f200
[950 ms]   - m36/Tobyfile                      152 B  data@0xffff800007c4f600
[950 ms]   - readme.txt                        922 B  data@0xffff800007c4fa00
[960 ms] [safe] no safemode flag -- normal boot
[970 ms] [970] INFO  safe    : boot mode = normal (level=0)
[980 ms] [safe] policy: mode=normal level=0 boot_mode=0
[980 ms] [safe] policy: usb_full=keep usb_extra=keep net=keep audio=keep gui=keep services=keep virtio_gpu=keep
[990 ms] [990] INFO  hw      : hwinfo: cpu='QEMU Virtual CPU version 2.5+' family=15 model=107 step=1 feat=0xf6000271
[1000 ms] [1000] ERROR wdog    : event #1 kind=sched_stall pid=-1 reason='scheduler heartbeat stalled'
[1000 ms] [wdog] BITE event=1 kind=sched_stall pid=-1 reason='scheduler heartbeat stalled'
[1010 ms] [drvmatch] init: total=6 bound=2 unbound=4 forced_off=0
[1010 ms] [1010] INFO  hw      : drvmatch init: total=6 bound=2 unbound=4 forced=0
[1020 ms] [drvconf] loaded /etc/drvmatch.conf: blacklist=0 force=0 errors=0
[1030 ms] [1030] INFO  hw      : drvconf load: blacklist=0 force=0 errors=0
[1040 ms] [drvconf] === active overrides ===
[1040 ms] [drvconf] (none)
[1090 ms] [tobyfs] mount of '/data' clean: inodes=40/256 blocks=60/1013
[1100 ms] [1100] INFO  fs      : mount /data clean (i=40/256 b=60/1013)
[1110 ms] [tobyfs] mounted '/data' on ide0:master: 40/255 inodes, 60/1013 data blocks (3812 KiB free)
[1110 ms] [boot] mounted /data on whole disk 'ide0:master' (legacy LBA-0 layout)
[1120 ms] [boot] no FAT32 partition discovered -- /fat unmounted
[1130 ms] [boot] no FAT32-on-USB discovered -- /usb unmounted
[1140 ms] [boot] no ext4 partition discovered -- /ext unmounted
[1140 ms] [installer] live install image registered: 4194304 bytes @ 0xffff800007687000
[1150 ms] [vfs] mount table (2 entries):
[1160 ms]   /            -> ops=0xffffffff800bbc70 mnt=0xffffffff80133830
[1160 ms]   /data        -> ops=0xffffffff800bc220 mnt=0xffffd00000013e00
[1170 ms] [proc] table initialised (16 slots), pid 0 = 'kernel_main' RUNNING
[1180 ms] [sched] per-CPU round-robin scheduler ready (BSP cur=pid 0)
[1190 ms] [signal] subsystem up (SIGINT=2, SIGTERM=15)
[1200 ms] [boot] spawning first userspace process from /bin/hello...
[1200 ms] [elf] phdr[0] LOAD vaddr=0x0000000000400000 memsz=0x34 filesz=0x34 flags=R-X U -> pages [0x0000000000400000..0x0000000000401000)
[1210 ms] [elf] phdr[1] LOAD vaddr=0x0000000000401000 memsz=0x45 filesz=0x45 flags=R-- U -> pages [0x0000000000401000..0x0000000000402000)
[1220 ms] [elf] load OK (user): type=ET_EXEC, 2 segment(s), base=0x0000000000000000, entry=0x0000000000400000, phdr=0x0000000000000000 (2 entries)
[1230 ms] [proc] created pid=1 ppid=0 'hello-boot' entry=0x0000000000400000 rsp=0x00007fffffffff50 cr3=0x13d000 kstack=0xffffd0000001e020 argc=0 envc=0 cwd='/'
hello from user mode
user_hello: about to SYS_EXIT(0x55)
[1260 ms] [sys_exit] user requested exit, code=85 (0x55)
[1260 ms] [proc] pid=1 'hello-boot' exit code=85 (0x55) cpu=0 ms syscalls=3
[1270 ms] [proc] reaped pid=1, slot recycled
[1280 ms] [boot] /bin/hello (pid=1) finished, exit code=85 (0x55)
[1290 ms] [elf] phdr[0] LOAD vaddr=0x0000000000400000 memsz=0xd22 filesz=0xd22 flags=R-X U -> pages [0x0000000000400000..0x0000000000401000)
[1300 ms] [elf] phdr[1] LOAD vaddr=0x0000000000401000 memsz=0x374 filesz=0x374 flags=R-- U -> pages [0x0000000000401000..0x0000000000402000)
[1310 ms] [elf] phdr[2] LOAD vaddr=0x0000000000402000 memsz=0x18 filesz=0x18 flags=RW- U -> pages [0x0000000000402000..0x0000000000403000)
[1320 ms] [elf] load OK (user): type=ET_EXEC, 3 segment(s), base=0x0000000000000000, entry=0x0000000000400000, phdr=0x0000000000000000 (3 entries)
[1330 ms] [proc] created pid=1 ppid=0 'abi-test-boot' entry=0x0000000000400000 rsp=0x00007fffffffff50 cr3=0x13d000 kstack=0xffffd0000001e020 argc=0 envc=0 cwd='/'
[abi-test] starting Milestone 25A ABI surface check
[abi-test] argc = 0
[abi-test] abi_version = 1
[abi-test] pid = 1
[abi-test] ppid = 0
[abi-test] clock_ms_delta = 1
[abi-test] cwd_len = 1
[abi-test] cwd = /
[abi-test] brk_initial = 268435456
[abi-test] brk_after_grow = 268451840
[abi-test] heap pages writable + zero-initialised OK
[abi-test] open_fd = 3
[abi-test] write_bytes = 10
[abi-test] lseek_set = 0
[abi-test] read_bytes = 10
[abi-test] fstat_rc = 0
[abi-test] fstat_size = 10
[abi-test] fstat_mode = 33188
[abi-test] stat_rc = 0
[abi-test] stat_size = 10
[abi-test] dup_fd = 4
[abi-test] dup2_fd = 9
[abi-test] unlink_rc = 0
[abi-test] chdir_rc = 0
[abi-test] new cwd = /data/abi_test_dir
[abi-test] getenv_PATH_rc = 0
[abi-test] ALL OK
[1660 ms] [sys_exit] user requested exit, code=0 (0x0)
[1670 ms] [proc] pid=1 'abi-test-boot' exit code=0 (0x0) cpu=0 ms syscalls=152
[1680 ms] [proc] reaped pid=1, slot recycled
[1680 ms] [boot] M25A: /bin/abi_test (pid=1) finished, exit code=0 (PASS)
[1690 ms] [elf] phdr[0] LOAD vaddr=0x0000000000400000 memsz=0x3ed6 filesz=0x3ed6 flags=R-X U -> pages [0x0000000000400000..0x0000000000404000)
[1700 ms] [elf] phdr[1] LOAD vaddr=0x0000000000404000 memsz=0x7d0 filesz=0x7d0 flags=R-- U -> pages [0x0000000000404000..0x0000000000405000)
[1710 ms] [elf] phdr[2] LOAD vaddr=0x0000000000405000 memsz=0x1cc filesz=0x80 flags=RW- U -> pages [0x0000000000405000..0x0000000000406000)
[1720 ms] [elf] load OK (user): type=ET_EXEC, 3 segment(s), base=0x0000000000000000, entry=0x0000000000400000, phdr=0x0000000000000000 (3 entries)
[1730 ms] [proc] created pid=1 ppid=0 'c_hello-boot' entry=0x0000000000400000 rsp=0x00007fffffffff50 cr3=0x13d000 kstack=0xffffd0000001e020 argc=0 envc=0 cwd='/'
[c_hello] hello from libtoby (argc=0)
[c_hello] ALL OK
[_exit] code=0 caller=0x0000000000400124
[1770 ms] [sys_exit] user requested exit, code=0 (0x0)
[1770 ms] [proc] pid=1 'c_hello-boot' exit code=0 (0x0) cpu=0 ms syscalls=6
[1780 ms] [proc] reaped pid=1, slot recycled
[1790 ms] [boot] M25B: /bin/c_hello (pid=1) exit=0 (PASS)
[1790 ms] [elf] phdr[0] LOAD vaddr=0x0000000000400000 memsz=0x3fe6 filesz=0x3fe6 flags=R-X U -> pages [0x0000000000400000..0x0000000000404000)
[1810 ms] [elf] phdr[1] LOAD vaddr=0x0000000000404000 memsz=0x860 filesz=0x860 flags=R-- U -> pages [0x0000000000404000..0x0000000000405000)
[1820 ms] [elf] phdr[2] LOAD vaddr=0x0000000000405000 memsz=0x1cc filesz=0x80 flags=RW- U -> pages [0x0000000000405000..0x0000000000406000)
[1820 ms] [elf] load OK (user): type=ET_EXEC, 3 segment(s), base=0x0000000000000000, entry=0x0000000000400000, phdr=0x0000000000000000 (3 entries)
[1830 ms] [proc] created pid=1 ppid=0 'c_args-boot' entry=0x0000000000400000 rsp=0x00007fffffffff50 cr3=0x13d000 kstack=0xffffd0000001e020 argc=0 envc=0 cwd='/'
[c_args] argc=0
[c_args] envc=0
[c_args] getenv("HOME") = (unset)
[c_args] __toby_argc=0 __toby_argv=0x7fffffffff58 __toby_envp=0x7fffffffff60
[c_args] ALL OK
[_exit] code=0 caller=0x0000000000400234
[1880 ms] [sys_exit] user requested exit, code=0 (0x0)
[1890 ms] [proc] pid=1 'c_args-boot' exit code=0 (0x0) cpu=0 ms syscalls=21
[1900 ms] [proc] reaped pid=1, slot recycled
[1900 ms] [boot] M25B: /bin/c_args (pid=1) exit=0 (PASS)
[1910 ms] [elf] phdr[0] LOAD vaddr=0x0000000000400000 memsz=0x41a6 filesz=0x41a6 flags=R-X U -> pages [0x0000000000400000..0x0000000000405000)
[1930 ms] [elf] phdr[1] LOAD vaddr=0x0000000000405000 memsz=0xa30 filesz=0xa30 flags=R-- U -> pages [0x0000000000405000..0x0000000000406000)
[1930 ms] [elf] phdr[2] LOAD vaddr=0x0000000000406000 memsz=0x1d8 filesz=0x80 flags=RW- U -> pages [0x0000000000406000..0x0000000000407000)
[1940 ms] [elf] load OK (user): type=ET_EXEC, 3 segment(s), base=0x0000000000000000, entry=0x0000000000400000, phdr=0x0000000000000000 (3 entries)
[1950 ms] [proc] created pid=1 ppid=0 'c_filedemo-boot' entry=0x0000000000400000 rsp=0x00007fffffffff50 cr3=0x13d000 kstack=0xffffd0000001e020 argc=0 envc=0 cwd='/'
[c_filedemo] file size = 45 bytes (expected 45)
[c_filedemo] readback first 45 chars: hello from c_filedemo
second lin...
[c_filedemo] ALL OK
[_exit] code=0 caller=0x0000000000400b64
[2190 ms] [sys_exit] user requested exit, code=0 (0x0)
[2200 ms] [proc] pid=1 'c_filedemo-boot' exit code=0 (0x0) cpu=0 ms syscalls=31
[2210 ms] [proc] reaped pid=1, slot recycled
[2210 ms] [boot] M25B: /bin/c_filedemo (pid=1) exit=0 (PASS)
[2220 ms] [elf] phdr[0] LOAD vaddr=0x0000000000400000 memsz=0x43f6 filesz=0x43f6 flags=R-X U -> pages [0x0000000000400000..0x0000000000405000)
[2240 ms] [elf] phdr[1] LOAD vaddr=0x0000000000405000 memsz=0x910 filesz=0x910 flags=R-- U -> pages [0x0000000000405000..0x0000000000406000)
[2250 ms] [elf] phdr[2] LOAD vaddr=0x0000000000406000 memsz=0x1cc filesz=0x80 flags=RW- U -> pages [0x0000000000406000..0x0000000000407000)
[2260 ms] [elf] load OK (user): type=ET_EXEC, 3 segment(s), base=0x0000000000000000, entry=0x0000000000400000, phdr=0x0000000000000000 (3 entries)
[2260 ms] [proc] created pid=1 ppid=0 'c_alloctest-boot' entry=0x0000000000400000 rsp=0x00007fffffffff50 cr3=0x13d000 kstack=0xffffd0000001e020 argc=0 envc=0 cwd='/'
[c_alloctest] ALL OK
[_exit] code=0 caller=0x0000000000400db4
[2290 ms] [sys_exit] user requested exit, code=0 (0x0)
[2290 ms] [proc] pid=1 'c_alloctest-boot' exit code=0 (0x0) cpu=0 ms syscalls=9
[2300 ms] [proc] reaped pid=1, slot recycled
[2310 ms] [boot] M25B: /bin/c_alloctest (pid=1) exit=0 (PASS)
[2310 ms] [boot] M25B: libtoby demos 4/4 PASS
[2320 ms] [elf] phdr[0] LOAD vaddr=0x0000000000400000 memsz=0x3fe6 filesz=0x3fe6 flags=R-X U -> pages [0x0000000000400000..0x0000000000404000)
[2340 ms] [elf] phdr[1] LOAD vaddr=0x0000000000404000 memsz=0x860 filesz=0x860 flags=R-- U -> pages [0x0000000000404000..0x0000000000405000)
[2340 ms] [elf] phdr[2] LOAD vaddr=0x0000000000405000 memsz=0x1cc filesz=0x80 flags=RW- U -> pages [0x0000000000405000..0x0000000000406000)
[2350 ms] [elf] load OK (user): type=ET_EXEC, 3 segment(s), base=0x0000000000000000, entry=0x0000000000400000, phdr=0x0000000000000000 (3 entries)
[2360 ms] [proc] created pid=1 ppid=0 'c_args-spec' entry=0x0000000000400000 rsp=0x00007ffffffffee0 cr3=0x13d000 kstack=0xffffd0000001e020 argc=4 envc=3 cwd='/'
[c_args] argc=4
[c_args]   argv[0] = "c_args"
[c_args]   argv[1] = "alpha"
[c_args]   argv[2] = "beta"
[c_args]   argv[3] = "gamma"
[c_args] envc=3
[c_args]   envp[0] = "PATH=/bin"
[c_args]   envp[1] = "TEST_PHASE=25C"
[c_args]   envp[2] = "BUILD=ok"
[c_args] getenv("HOME") = (unset)
[c_args] __toby_argc=4 __toby_argv=0x7ffffffffee8 __toby_envp=0x7fffffffff10
[c_args] ALL OK
[_exit] code=0 caller=0x0000000000400234
[2460 ms] [sys_exit] user requested exit, code=0 (0x0)
[2470 ms] [proc] pid=1 'c_args-spec' exit code=0 (0x0) cpu=0 ms syscalls=56
[2470 ms] [proc] reaped pid=1, slot recycled
[2480 ms] [boot] M25C: /bin/c_args (pid=1, argc=4 envc=3) exit=0 (PASS)
[2490 ms] [elf] phdr[0] LOAD vaddr=0x0000000000400000 memsz=0x4ae6 filesz=0x4ae6 flags=R-X U -> pages [0x0000000000400000..0x0000000000405000)
[2500 ms] [elf] phdr[1] LOAD vaddr=0x0000000000405000 memsz=0xde0 filesz=0xde0 flags=R-- U -> pages [0x0000000000405000..0x0000000000406000)
[2510 ms] [elf] phdr[2] LOAD vaddr=0x0000000000406000 memsz=0x1f8 filesz=0xa0 flags=RW- U -> pages [0x0000000000406000..0x0000000000407000)
[2520 ms] [elf] load OK (user): type=ET_EXEC, 3 segment(s), base=0x0000000000000000, entry=0x0000000000400000, phdr=0x0000000000000000 (3 entries)
[2530 ms] [proc] created pid=1 ppid=0 'c_envtest-boot' entry=0x0000000000400000 rsp=0x00007fffffffff00 cr3=0x13d000 kstack=0xffffd0000001e020 argc=1 envc=3 cwd='/'
[c_envtest][build] M25C-debug-rev3 alive
[c_envtest] argc=1 argv[0]='c_envtest'
[c_envtest] environ has 3 initial entries
[c_envtest] getenv(PATH) = /bin
[c_envtest][diag] BEFORE system
[c_envtest] system("c_hello") starting...
[2590 ms] [elf] phdr[0] LOAD vaddr=0x0000000000400000 memsz=0x3ed6 filesz=0x3ed6 flags=R-X U -> pages [0x0000000000400000..0x0000000000404000)
[2590 ms] [elf] phdr[1] LOAD vaddr=0x0000000000404000 memsz=0x7d0 filesz=0x7d0 flags=R-- U -> pages [0x0000000000404000..0x0000000000405000)
[2600 ms] [elf] phdr[2] LOAD vaddr=0x0000000000405000 memsz=0x1cc filesz=0x80 flags=RW- U -> pages [0x0000000000405000..0x0000000000406000)
[2610 ms] [elf] load OK (user): type=ET_EXEC, 3 segment(s), base=0x0000000000000000, entry=0x0000000000400000, phdr=0x0000000000000000 (3 entries)
[2620 ms] [proc] created pid=2 ppid=1 'c_hello' entry=0x0000000000400000 rsp=0x00007fffffffff30 cr3=0x154000 kstack=0xffffd00000008030 argc=1 envc=1 cwd='/'
[c_hello] hello from libtoby (argc=1)
[c_hello] ALL OK
[_exit] code=0 caller=0x0000000000400124
[2640 ms] [sys_exit] user requested exit, code=0 (0x0)
[2650 ms] [proc] pid=2 'c_hello' exit code=0 (0x0) cpu=0 ms syscalls=6
[2660 ms] [proc] reaped pid=2, slot recycled
[c_envtest][diag] AFTER system, sr=0
[c_envtest] system("c_hello") raw status=0x0
[c_envtest][diag] AFTER printf raw status
[c_envtest][diag] AFTER system EXPECTs
[c_envtest] recursive execvp test starting...
[2700 ms] [elf] phdr[0] LOAD vaddr=0x0000000000400000 memsz=0x4ae6 filesz=0x4ae6 flags=R-X U -> pages [0x0000000000400000..0x0000000000405000)
[2710 ms] [elf] phdr[1] LOAD vaddr=0x0000000000405000 memsz=0xde0 filesz=0xde0 flags=R-- U -> pages [0x0000000000405000..0x0000000000406000)
[2720 ms] [elf] phdr[2] LOAD vaddr=0x0000000000406000 memsz=0x1f8 filesz=0xa0 flags=RW- U -> pages [0x0000000000406000..0x0000000000407000)
[2730 ms] [elf] load OK (user): type=ET_EXEC, 3 segment(s), base=0x0000000000000000, entry=0x0000000000400000, phdr=0x0000000000000000 (3 entries)
[2740 ms] [proc] created pid=2 ppid=1 'c_envtest' entry=0x0000000000400000 rsp=0x00007fffffffff00 cr3=0x154000 kstack=0xffffd00000008030 argc=3 envc=1 cwd='/'
[c_envtest][build] M25C-debug-rev3 alive
[c_envtest] (child) execvp -> 'c_hello'
[2760 ms] [elf] phdr[0] LOAD vaddr=0x0000000000400000 memsz=0x3ed6 filesz=0x3ed6 flags=R-X U -> pages [0x0000000000400000..0x0000000000404000)
[2770 ms] [elf] phdr[1] LOAD vaddr=0x0000000000404000 memsz=0x7d0 filesz=0x7d0 flags=R-- U -> pages [0x0000000000404000..0x0000000000405000)
[2780 ms] [elf] phdr[2] LOAD vaddr=0x0000000000405000 memsz=0x1cc filesz=0x80 flags=RW- U -> pages [0x0000000000405000..0x0000000000406000)
[2780 ms] [elf] load OK (user): type=ET_EXEC, 3 segment(s), base=0x0000000000000000, entry=0x0000000000400000, phdr=0x0000000000000000 (3 entries)
[2790 ms] [proc] created pid=3 ppid=2 'c_hello' entry=0x0000000000400000 rsp=0x00007fffffffff30 cr3=0x166000 kstack=0xffffd00000010040 argc=1 envc=1 cwd='/'
[c_hello] hello from libtoby (argc=1)
[c_hello] ALL OK
[_exit] code=0 caller=0x0000000000400124
[2820 ms] [sys_exit] user requested exit, code=0 (0x0)
[2830 ms] [proc] pid=3 'c_hello' exit code=0 (0x0) cpu=0 ms syscalls=6
[2840 ms] [proc] reaped pid=3, slot recycled
[_exit] code=0 caller=0x0000000000402e0b
[2850 ms] [sys_exit] user requested exit, code=0 (0x0)
[2860 ms] [proc] pid=2 'c_envtest' exit code=0 (0x0) cpu=27 ms syscalls=9
[2860 ms] [proc] reaped pid=2, slot recycled
[c_envtest] recursive child pid=2 status=0x0
[c_envtest] ALL OK
[_exit] code=0 caller=0x0000000000400f44
[2890 ms] [sys_exit] user requested exit, code=0 (0x0)
[2900 ms] [proc] pid=1 'c_envtest-boot' exit code=0 (0x0) cpu=84 ms syscalls=38
[2910 ms] [proc] reaped pid=1, slot recycled
[2920 ms] [boot] M25C: /bin/c_envtest (pid=1) exit=0 (PASS)
[2920 ms] [elf] phdr[2] LOAD vaddr=0x0000000000500000 memsz=0x3a8 filesz=0x3a8 flags=R-- U -> pages [0x0000000000500000..0x0000000000501000)
[2930 ms] [elf] phdr[3] LOAD vaddr=0x00000000005013b0 memsz=0xd0 filesz=0xd0 flags=R-X U -> pages [0x0000000000501000..0x0000000000502000)
[2940 ms] [elf] phdr[4] LOAD vaddr=0x0000000000502480 memsz=0xb80 filesz=0x120 flags=RW- U -> pages [0x0000000000502000..0x0000000000503000)
[2960 ms] [elf] phdr[5] LOAD vaddr=0x00000000005035a0 memsz=0x18 filesz=0x18 flags=RW- U -> pages [0x0000000000503000..0x0000000000504000)
[2960 ms] [elf] load OK (user): type=ET_DYN, 4 segment(s), base=0x0000000000500000, entry=0x00000000005013b0, phdr=0x0000000000500040 (9 entries), PT_INTERP
[2970 ms] [elf] phdr[1] LOAD vaddr=0x0000000040000000 memsz=0x499 filesz=0x499 flags=R-- U -> pages [0x0000000040000000..0x0000000040001000)
[2980 ms] [elf] phdr[2] LOAD vaddr=0x00000000400014a0 memsz=0x9ba filesz=0x9ba flags=R-X U -> pages [0x0000000040001000..0x0000000040002000)
[2990 ms] [elf] phdr[3] LOAD vaddr=0x0000000040002e60 memsz=0x1a0 filesz=0xa0 flags=RW- U -> pages [0x0000000040002000..0x0000000040003000)
[3000 ms] [elf] phdr[4] LOAD vaddr=0x0000000040003f00 memsz=0x390 filesz=0x0 flags=RW- U -> pages [0x0000000040003000..0x0000000040005000)
[3000 ms] [elf] load OK (user): type=ET_DYN, 4 segment(s), base=0x0000000040000000, entry=0x00000000400014a0, phdr=0x0000000040000040 (8 entries)
[3010 ms] [proc] loaded interpreter '/lib/ld-toby.so' base=0x0000000040000000 entry=0x00000000400014a0
[3020 ms] [proc] created pid=1 ppid=0 'c_dynhello-boot' entry=0x00000000400014a0 rsp=0x00007fffffffff30 cr3=0x13d000 kstack=0xffffd0000001e020 argc=1 envc=1 cwd='/'
[3040 ms] [elf] phdr[1] LOAD vaddr=0x0000000060000000 memsz=0x3188 filesz=0x3188 flags=R-- U -> pages [0x0000000060000000..0x0000000060004000)
[3050 ms] [elf] phdr[2] LOAD vaddr=0x0000000060004190 memsz=0x6321 filesz=0x6321 flags=R-X U -> pages [0x0000000060004000..0x000000006000b000)
[3060 ms] [elf] phdr[3] LOAD vaddr=0x000000006000b4c0 memsz=0xb40 filesz=0x278 flags=RW- U -> pages [0x000000006000b000..0x000000006000c000)
[3070 ms] [elf] phdr[4] LOAD vaddr=0x000000006000c738 memsz=0x1f0 filesz=0x7c flags=RW- U -> pages [0x000000006000c000..0x000000006000d000)
[3080 ms] [elf] load OK (user): type=ET_DYN, 4 segment(s), base=0x0000000060000000, entry=0x0000000060000000, phdr=0x0000000060000040 (8 entries)
[c_dynhello] hello from DYNAMIC libtoby (argc=1)
[c_dynhello] ALL OK
[_exit] code=0 caller=0x0000000060004ab4
[3110 ms] [sys_exit] user requested exit, code=0 (0x0)
[3110 ms] [proc] pid=1 'c_dynhello-boot' exit code=0 (0x0) cpu=0 ms syscalls=7
[3120 ms] [proc] reaped pid=1, slot recycled
[3130 ms] [boot] M25D: /bin/c_dynhello (pid=1) exit=0 (PASS)
[3140 ms] [elf] phdr[0] LOAD vaddr=0x0000000000400000 memsz=0x4246 filesz=0x4246 flags=R-X U -> pages [0x0000000000400000..0x0000000000405000)
[3160 ms] [elf] phdr[1] LOAD vaddr=0x0000000000405000 memsz=0x7e0 filesz=0x7e0 flags=R-- U -> pages [0x0000000000405000..0x0000000000406000)
[3160 ms] [elf] phdr[2] LOAD vaddr=0x0000000000406000 memsz=0x1e8 filesz=0x88 flags=RW- U -> pages [0x0000000000406000..0x0000000000407000)
[3170 ms] [elf] load OK (user): type=ET_EXEC, 3 segment(s), base=0x0000000000000000, entry=0x0000000000400000, phdr=0x0000000000000000 (3 entries)
[3180 ms] [proc] created pid=1 ppid=0 'p_echo-boot' entry=0x0000000000400000 rsp=0x00007fffffffff10 cr3=0x13d000 kstack=0xffffd0000001e020 argc=3 envc=1 cwd='/'
hello from-port-echo
[_exit] code=0 caller=0x0000000000400c04
[3210 ms] [sys_exit] user requested exit, code=0 (0x0)
[3210 ms] [proc] pid=1 'p_echo-boot' exit code=0 (0x0) cpu=0 ms syscalls=6
[3220 ms] [proc] reaped pid=1, slot recycled
[3230 ms] [boot] M25E: /bin/p_echo (pid=1) exit=0 (PASS)
[3240 ms] [elf] phdr[0] LOAD vaddr=0x0000000000400000 memsz=0x4276 filesz=0x4276 flags=R-X U -> pages [0x0000000000400000..0x0000000000405000)
[3250 ms] [elf] phdr[1] LOAD vaddr=0x0000000000405000 memsz=0x7d0 filesz=0x7d0 flags=R-- U -> pages [0x0000000000405000..0x0000000000406000)
[3260 ms] [elf] phdr[2] LOAD vaddr=0x0000000000406000 memsz=0x1e8 filesz=0x88 flags=RW- U -> pages [0x0000000000406000..0x0000000000407000)
[3270 ms] [elf] load OK (user): type=ET_EXEC, 3 segment(s), base=0x0000000000000000, entry=0x0000000000400000, phdr=0x0000000000000000 (3 entries)
[3270 ms] [proc] created pid=1 ppid=0 'p_cat-boot' entry=0x0000000000400000 rsp=0x00007fffffffff20 cr3=0x13d000 kstack=0xffffd0000001e020 argc=2 envc=1 cwd='/'
==============================================
  Welcome to tobyOS -- milestone 4
==============================================

The kernel mounted this file from /etc/motd
on a read-only ramfs backed by a USTAR initrd.

Try:
    ls
    ls /bin
    cat /readme.txt
    run /bin/hello
[_exit] code=0 caller=0x0000000000400c34
[3370 ms] [sys_exit] user requested exit, code=0 (0x0)
[3380 ms] [proc] pid=1 'p_cat-boot' exit code=0 (0x0) cpu=0 ms syscalls=7
[3380 ms] [proc] reaped pid=1, slot recycled
[3390 ms] [boot] M25E: /bin/p_cat (pid=1) exit=0 (PASS)
[3400 ms] [elf] phdr[0] LOAD vaddr=0x0000000000400000 memsz=0x4aca filesz=0x4aca flags=R-X U -> pages [0x0000000000400000..0x0000000000405000)
[3410 ms] [elf] phdr[1] LOAD vaddr=0x0000000000405000 memsz=0x840 filesz=0x840 flags=R-- U -> pages [0x0000000000405000..0x0000000000406000)
[3420 ms] [elf] phdr[2] LOAD vaddr=0x0000000000406000 memsz=0x208 filesz=0x94 flags=RW- U -> pages [0x0000000000406000..0x0000000000407000)
[3430 ms] [elf] load OK (user): type=ET_EXEC, 3 segment(s), base=0x0000000000000000, entry=0x0000000000400000, phdr=0x0000000000000000 (3 entries)
[3430 ms] [proc] created pid=1 ppid=0 'p_wc-boot' entry=0x0000000000400000 rsp=0x00007fffffffff20 cr3=0x13d000 kstack=0xffffd0000001e020 argc=2 envc=1 cwd='/'
      12      32     297 /etc/motd
[_exit] code=0 caller=0x00000000004011f4
[3460 ms] [sys_exit] user requested exit, code=0 (0x0)
[3470 ms] [proc] pid=1 'p_wc-boot' exit code=0 (0x0) cpu=0 ms syscalls=29
[3470 ms] [proc] reaped pid=1, slot recycled
[3480 ms] [boot] M25E: /bin/p_wc (pid=1) exit=0 (PASS)
[3490 ms] [elf] phdr[0] LOAD vaddr=0x0000000000400000 memsz=0x46ba filesz=0x46ba flags=R-X U -> pages [0x0000000000400000..0x0000000000405000)
[3500 ms] [elf] phdr[1] LOAD vaddr=0x0000000000405000 memsz=0x840 filesz=0x840 flags=R-- U -> pages [0x0000000000405000..0x0000000000406000)
[3510 ms] [elf] phdr[2] LOAD vaddr=0x0000000000406000 memsz=0x208 filesz=0x9c flags=RW- U -> pages [0x0000000000406000..0x0000000000407000)
[3520 ms] [elf] load OK (user): type=ET_EXEC, 3 segment(s), base=0x0000000000000000, entry=0x0000000000400000, phdr=0x0000000000000000 (3 entries)
[3530 ms] [proc] created pid=1 ppid=0 'p_head-boot' entry=0x0000000000400000 rsp=0x00007fffffffff10 cr3=0x13d000 kstack=0xffffd0000001e020 argc=4 envc=1 cwd='/'
==============================================
  Welcome to tobyOS -- milestone 4
[_exit] code=0 caller=0x0000000000400de4
[3560 ms] [sys_exit] user requested exit, code=0 (0x0)
[3560 ms] [proc] pid=1 'p_head-boot' exit code=0 (0x0) cpu=0 ms syscalls=7
[3570 ms] [proc] reaped pid=1, slot recycled
[3580 ms] [boot] M25E: /bin/p_head (pid=1) exit=0 (PASS)
[3580 ms] [elf] phdr[0] LOAD vaddr=0x0000000000400000 memsz=0x4d5a filesz=0x4d5a flags=R-X U -> pages [0x0000000000400000..0x0000000000405000)
[3600 ms] [elf] phdr[1] LOAD vaddr=0x0000000000405000 memsz=0x850 filesz=0x850 flags=R-- U -> pages [0x0000000000405000..0x0000000000406000)
[3610 ms] [elf] phdr[2] LOAD vaddr=0x0000000000406000 memsz=0x208 filesz=0x94 flags=RW- U -> pages [0x0000000000406000..0x0000000000407000)
[3620 ms] [elf] load OK (user): type=ET_EXEC, 3 segment(s), base=0x0000000000000000, entry=0x0000000000400000, phdr=0x0000000000000000 (3 entries)
[3620 ms] [proc] created pid=1 ppid=0 'p_ls-boot' entry=0x0000000000400000 rsp=0x00007fffffffff20 cr3=0x13d000 kstack=0xffffd0000001e020 argc=2 envc=1 cwd='/'
abi_test
audiotest
bad
batterytest
c_alloctest
c_args
c_dynhello
c_envtest
c_filedemo
c_hello
cat
compattest
crashinfo
devlist
displayinfo
drawtest
drvmatch
drvtest
echo
fonttest
fscheck
gui_about
gui_clock
gui_demo
gui_files
gui_settings
gui_term
gui_viewer
gui_widgets
hello
hwcompat
hwinfo
hwreport
login
logview
long_task
netecho
p_cat
p_echo
p_grep
p_head
p_ls
p_wc
rendertest
safesh
selfhosttest
services
stabilitytest
svc_crasher
tobybuild
tobycc
usbtest
wdogtest
[_exit] code=0 caller=0x0000000000401194
[3990 ms] [sys_exit] user requested exit, code=0 (0x0)
[4000 ms] [proc] pid=1 'p_ls-boot' exit code=0 (0x0) cpu=0 ms syscalls=169
[4010 ms] [proc] reaped pid=1, slot recycled
[4020 ms] [boot] M25E: /bin/p_ls (pid=1) exit=0 (PASS)
[4020 ms] [elf] phdr[0] LOAD vaddr=0x0000000000400000 memsz=0x480a filesz=0x480a flags=R-X U -> pages [0x0000000000400000..0x0000000000405000)
[4040 ms] [elf] phdr[1] LOAD vaddr=0x0000000000405000 memsz=0x8e0 filesz=0x8e0 flags=R-- U -> pages [0x0000000000405000..0x0000000000406000)
[4050 ms] [elf] phdr[2] LOAD vaddr=0x0000000000406000 memsz=0x228 filesz=0x94 flags=RW- U -> pages [0x0000000000406000..0x0000000000407000)
[4060 ms] [elf] load OK (user): type=ET_EXEC, 3 segment(s), base=0x0000000000000000, entry=0x0000000000400000, phdr=0x0000000000000000 (3 entries)
[4070 ms] [proc] created pid=1 ppid=0 'p_grep-boot' entry=0x0000000000400000 rsp=0x00007fffffffff10 cr3=0x13d000 kstack=0xffffd0000001e020 argc=3 envc=1 cwd='/'
  Welcome to tobyOS -- milestone 4
[_exit] code=0 caller=0x0000000000400f34
[4090 ms] [sys_exit] user requested exit, code=0 (0x0)
[4100 ms] [proc] pid=1 'p_grep-boot' exit code=0 (0x0) cpu=0 ms syscalls=305
[4110 ms] [proc] reaped pid=1, slot recycled
[4110 ms] [boot] M25E: /bin/p_grep (pid=1) exit=0 (PASS)
[4120 ms] [boot] M25E: ports 6/6 PASS
[4130 ms] [boot] BSP LAPIC timer @ 100 Hz live (vec=0x40)
[4140 ms] [smp] 4 CPU(s) total: BSP apic_id=0
[4140 ms] [smp]   cpu0: apic_id=0 (BSP)
[4150 ms] [smp]   cpu1: apic_id=1
[4160 ms] [smp]   cpu2: apic_id=2
[4170 ms] [smp]   cpu3: apic_id=3
[4170 ms] CPU 0 online
[4180 ms]   apic_id=0 (BSP)  stack=bootloader-provided
[4190 ms] [smp] trampoline installed: phys=0x0000000000070000 virt=0xffff800000070000 len=1024 bytes
[4190 ms] [smp] cpu1: INIT-SIPI-SIPI to apic_id=1 (tramp_vector=0x70, stack=0xffffd00000019ea0)
[4210 ms] CPU 1 online
[4220 ms]   apic_id=1 (acpi said 1)  stack_top=0xffffd00000019ea0
[4220 ms]   cpu1: LAPIC timer @ 100 Hz live (vec=0x40)
[4220 ms] [smp] cpu2: INIT-SIPI-SIPI to apic_id=2 (tramp_vector=0x70, stack=0xffffd0000001deb0)
[4240 ms] CPU 2 online
[4240 ms]   apic_id=2 (acpi said 2)  stack_top=0xffffd0000001deb0
[4250 ms]   cpu2: LAPIC timer @ 100 Hz live (vec=0x40)
[4250 ms] [smp] cpu3: INIT-SIPI-SIPI to apic_id=3 (tramp_vector=0x70, stack=0xffffd00000022710)
[4270 ms] CPU 3 online
[4270 ms]   apic_id=3 (acpi said 3)  stack_top=0xffffd00000022710
[4280 ms]   cpu3: LAPIC timer @ 100 Hz live (vec=0x40)
[4280 ms] [smp] 3/3 APs online (total 4 CPUs)
[4320 ms] [gfx] back buffer 1280x800 (4000 KiB) ready, fb_pitch=1280 px, backend=limine-fb
[4330 ms] [mouse] PS/2 driver up (IRQ12 routed via IO APIC, sample=200Hz)
[4330 ms] [gui] window manager ready (max 8 windows, 24-px title bar)
[4340 ms] [term] session pool ready (4 sessions, 4096-byte rings)
[4350 ms] Welcome to tobyOS
[4360 ms] milestone 14: services + settings + login. Boot drops into the GUI desktop with /bin/login.
[4360 ms] 
[4370 ms] [boot] settling input before network bring-up
[4680 ms] [boot] before net_init
[4680 ms] [net] nic=e1000:00:03.0 mac=52:54:00:12:34:56 -- starting up
[4690 ms] [dhcp] DISCOVER xid=0xfad750c9
[4700 ms] [e1000] RX DHCP frame len=590 udp 67 -> 68 dst=ff:ff:ff:ff:ff:ff
[4700 ms] [dhcp] OFFER  yiaddr=10.0.2.15 server=10.0.2.2
[4700 ms] [dhcp] REQUEST requested=10.0.2.15
[4700 ms] [e1000] RX DHCP frame len=590 udp 67 -> 68 dst=ff:ff:ff:ff:ff:ff
[4700 ms] [dhcp] ACK    bound: ip=10.0.2.15 mask=255.255.255.0 gw=10.0.2.2 dns=10.0.2.3 lease=86400s (server=10.0.2.2)
[4710 ms] [net] DHCP lease applied: ip=10.0.2.15 mask=255.255.255.0 gw=10.0.2.2 dns=10.0.2.3
[4710 ms] [net] up: nic=e1000:00:03.0 ip=10.0.2.15 gw=10.0.2.2 mac=52:54:00:12:34:56
[4720 ms] [net] gateway 10.0.2.2 -> 52:55:0a:00:02:02 (cached)
[4730 ms] [net] dns     10.0.2.3 -> 52:55:0a:00:02:03 (cached)
[4740 ms] [tcp] LISTEN tcp[0] lp=1234 backlog=4
[4750 ms] [tcp-echo] listening on TCP port 1234
[4750 ms] [tcp] LISTEN tcp[1] lp=7777 backlog=4
[4760 ms] [tcp-shell] listening on TCP port 7777
[4770 ms] [boot] after net_init ok=1 net_up=1
[4780 ms] [boot] net_init OK; starting TCP services
[4790 ms] [rng] CSPRNG ready (rdrand=0 words=0)
[4820 ms] [ssh-crypto] loaded Ed25519 host key from /data/ssh/ssh_host_ed25519_seed
[4830 ms] [tcp] LISTEN tcp[2] lp=22 backlog=2
[4830 ms] [ssh] listening on TCP port 22 (transport scaffold)
[4850 ms] [settings] loading /data/settings.conf (209 bytes)
[4860 ms] [settings] cache:
[4860 ms]   desktop.bg=0x00204060
[4870 ms]   desktop.accent=orange
[4880 ms]   desktop.title=tobyOS
[4890 ms]   desktop.greeting=Welcome to tobyOS
[4890 ms]   ui.theme=cyber
[4900 ms]   ui.transparency=on
[4910 ms]   ui.nixie_glow=75
[4920 ms]   ui.night_light=off
[4920 ms]   ui.widgets=on
[4930 ms]   ui.animations=on
[4940 ms]   device.bluetooth=off
[4940 ms]   network.autostart=on
[4950 ms]   user.last=toby
[4960 ms]   user.greeting=Hello, friend!
[4970 ms]   session.autostart=
[4980 ms] [users] loading /data/users (86 bytes)
[4990 ms] [users] cache (3 entries):
[5000 ms]   root             uid=0 gid=0
[5000 ms]   toby             uid=1000 gid=1000
[5010 ms]   guest            uid=1001 gid=1001
[5020 ms] [theme] active='cyber' (settings ui.theme='cyber')
[5030 ms] [svc] registered builtin 'notify'
[5030 ms] [5030] INFO  svc      pid=0: registered builtin 'notify'
[5040 ms] [notify] daemon ready (ring depth 32)
[5050 ms] [svc] service manager up (max 8 services)
[5050 ms] [5050] INFO  svc      pid=0: manager up max=8 backoff_base=100ms cap=6400ms disable_at=5
[5060 ms] [svc] registered builtin 'input'
[5070 ms] [5070] INFO  svc      pid=0: registered builtin 'input'
[5080 ms] [svc] registered builtin 'network'
[5080 ms] [5080] INFO  svc      pid=0: registered builtin 'network'
[5090 ms] [svc] registered builtin 'desktop'
[5100 ms] [5100] INFO  svc      pid=0: registered builtin 'desktop'
[5110 ms] [svc] registered builtin 'session'
[5110 ms] [5110] INFO  svc      pid=0: registered builtin 'session'
[5120 ms] [trace] level 0 -> 1
[5130 ms] [gui] auto-enabled trace (level=1) for desktop session
[5130 ms] [trace t=513 pid=0] [5130 ms] gui_set_desktop_mode: off -> on[5130 ms] 
[5140 ms] [gui] entering graphical mode
[5140 ms] [session] init: last user='toby' (will be pre-filled at login)
[5140 ms] [svc] registered program 'login' -> /bin/login (autorestart=1)
[5140 ms] [5140] INFO  svc      pid=0: registered program 'login' path='/bin/login' autorestart=1
[5150 ms] [trace t=515 pid=0] [5150 ms] launch_enqueue '/bin/login' sandbox='' caps='' (head=1 tail=0)[5150 ms] 
[5150 ms] [svc] 'login' enqueued (restart #1, crashes=0)
[5150 ms] [5150] INFO  svc      pid=0: 'login' enqueued restart=1 crashes=0
[5150 ms] [svc] 5 services registered
[5150 ms]   name         kind    state    auto pid rcnt  ccnt  ccon  path
[5150 ms]   input        builtin running  0    0   0     0     0     (builtin)
[5150 ms]   network      builtin running  0    0   0     0     0     (builtin)
[5150 ms]   desktop      builtin running  0    0   0     0     0     (builtin)
[5150 ms]   session      builtin running  0    0   0     0     0     (builtin)
[5150 ms]   login        program running  1    0   1     0     0     /bin/login
[5160 ms] [notify #1 urg=0 kind=1] kernel: Desktop ready -- Welcome to tobyOS. Click [Apps] to launch a program, or click the bell to open the notification
[5160 ms] [notify #2 urg=0 kind=1] session: Login service started -- /bin/login is running. Type 'root' to log in.
[5160 ms] [boot] first gui_tick after desktop init
[5160 ms] [trace t=516 pid=0] [5160 ms] drain_launch_queue: spawning '/bin/login' sandbox='default' caps=''[5160 ms] 
[5160 ms] [elf] phdr[0] LOAD vaddr=0x0000000000400000 memsz=0xf21 filesz=0xf21 flags=R-X U -> pages [0x0000000000400000..0x0000000000401000)
[5160 ms] [elf] phdr[1] LOAD vaddr=0x0000000000401000 memsz=0x194 filesz=0x194 flags=R-- U -> pages [0x0000000000401000..0x0000000000402000)
[5160 ms] [elf] phdr[2] LOAD vaddr=0x0000000000402000 memsz=0x30 filesz=0x18 flags=RW- U -> pages [0x0000000000402000..0x0000000000403000)
[5160 ms] [elf] load OK (user): type=ET_EXEC, 3 segment(s), base=0x0000000000000000, entry=0x0000000000400000, phdr=0x0000000000000000 (3 entries)
[5170 ms] [proc] created pid=1 ppid=0 'login' entry=0x0000000000400000 rsp=0x00007fffffffff50 cr3=0x52b000 kstack=0xffffd00000008030 argc=0 envc=0 cwd='/'
[5170 ms] [cap] pid=1 'login' sandbox='default' caps=FILE_READ,FILE_WRITE,EXEC,NET,GUI,TERM,SETTINGS_WRITE root=(none)
[5170 ms] [trace t=517 pid=0] [5170 ms] track_pid pid=1 slot=0[5170 ms] 
[5170 ms] [gui] launched /bin/login as pid 1 (session=0)
[5170 ms] [trace t=517 pid=0] [5170 ms] drain_launch_queue: spawned '/bin/login' as pid=1 session=0[5170 ms] 
[5170 ms] [svc] 'login' pid=1 (backfilled)
[5170 ms] [trace t=517 pid=0] [5170 ms] heartbeat windows=0 apps_alive=1 cursor=(640,400) btn=0x00 dirty=1 menu=0 desktop=1[5170 ms] 
[5180 ms] [trace t=518 pid=0] [5180 ms] toast new id=2 urg=0 app='session' title='Login service started'[5180 ms] 
[5210 ms] [trace t=521 pid=1] [5210 ms] window_create wid=1 owner_pid=1 size=380x220 pos=(60,40) title='tobyOS login'[5210 ms] 
[5230 ms] [sec] M34 crypto self-test PASS (SHA-256, HMAC-SHA-256, hex/ct)
[5250 ms] [ssh-crypto] Monocypher self-test PASS (X25519, Ed25519, XChaCha20-Poly1305)
[5250 ms] [sec] trust store loaded: 1 key(s) from /system/keys/trust.db
[5250 ms] [sysprot] init: 5 protected prefix(es)
[5250 ms] [sysprot]   /system          system
[5250 ms] [sysprot]   /system/keys     trust-store
[5250 ms] [sysprot]   /boot            boot
[5250 ms] [sysprot]   /data/packages   package-db
[5250 ms] [sysprot]   /data/users      user-db
[5280 ms] [trace t=528 pid=0] [5280 ms] launcher_register 'Hello CLI' -> /data/apps/hello_cli/bin/hello_cli.elf sandbox='' caps='' (slot=0)[5280 ms] 
[5280 ms] [pkg] registered launcher entry: 'Hello CLI' -> /data/apps/hello_cli/bin/hello_cli.elf
[5280 ms] [pkg] package manager ready (apps=/data/apps db=/data/packages repo=/data/repo,/repo)
[5280 ms] [fw_cfg] QEMU fw_cfg interface present at 0x510/0x511
[5280 ms] [battery] no ACPI battery detected (no fw_cfg mock, no PNP0C0A in AML)
[5290 ms] [display] registered fb0 1280x800 backend=limine-fb
[5290 ms] type 'help' to list commands.
admin@tobyOS:/# [5340 ms] [boot] POSIXSH: starting shell compatibility smoke
[5340 ms] [shell-test] $ echo POSIXSH: start
POSIXSH: start
[5340 ms] [shell-test] $ echo POSIXSH: subst=$(echo ok)
POSIXSH: subst=ok
[5340 ms] [shell-test] $ echo POSIXSH: backtick=`echo ok2`
POSIXSH: backtick=ok2
[5350 ms] [shell-test] $ false || echo POSIXSH: or-ok
POSIXSH: or-ok
[5350 ms] [shell-test] $ true && echo POSIXSH: and-ok
POSIXSH: and-ok
[5350 ms] [shell-test] $ if false; then echo POSIXSH: if-bad; else echo POSIXSH: if-ok; fi
POSIXSH: if-ok
[5350 ms] [shell-test] $ for x in alpha beta; do echo POSIXSH: for-$x; done
POSIXSH: for-alpha
POSIXSH: for-beta
[5360 ms] [shell-test] $ set -- one two three
[5360 ms] [shell-test] $ echo POSIXSH: params count=$# first=$1 all=$*
POSIXSH: params count=3 first=one all=one two three
[5360 ms] [shell-test] $ echo POSIXSH: default=${POSIX_MISSING:-fallback}
POSIXSH: default=fallback
[5360 ms] [shell-test] $ echo POSIXSH: assign=${POSIX_ASSIGN:=setnow} again=$POSIX_ASSIGN
POSIXSH: assign=setnow again=setnow
[5370 ms] [shell-test] $ echo POSIXSH: alt=${POSIX_ASSIGN:+alt}
POSIXSH: alt=alt
[5370 ms] [shell-test] $ echo POSIXSH: len=${#POSIX_ASSIGN}
POSIXSH: len=6
[5370 ms] [shell-test] $ echo POSIXSH: arith=$((1+2*3))
POSIXSH: arith=7
[5370 ms] [shell-test] $ alias px='echo POSIXSH: alias-ok'
[5370 ms] [shell-test] $ px
POSIXSH: alias-ok
[5370 ms] [shell-test] $ unalias px
[5380 ms] [shell-test] $ greet() { echo POSIXSH: func-$1-$#; return 0; }
[5380 ms] [shell-test] $ greet one two
POSIXSH: func-one-2
[5380 ms] [shell-test] $ case beta in alpha) echo POSIXSH: case-bad ;; beta) echo POSIXSH: case-ok ;; *) echo POSIXSH: case-wild ;; esac
POSIXSH: case-ok
[5390 ms] [shell-test] $ for x in keep skip stop later; do case $x in skip) continue ;; stop) break ;; *) echo POSIXSH: loop-$x ;; esac; done
POSIXSH: loop-keep
[5390 ms] [shell-test] $ until false; do echo POSIXSH: until-once; break; done
POSIXSH: until-once
[5400 ms] [shell-test] $ write /data/posixsh_source.sh echo POSIXSH: script-ok
[5400 ms] write: '/data/posixsh_source.sh' <- 23 bytes
[5410 ms] [shell-test] $ sh /data/posixsh_source.sh
POSIXSH: script-ok
[5420 ms] [shell-test] $ sh /data/posixsh_heredoc.sh
[5420 ms] [elf] phdr[0] LOAD vaddr=0x0000000000400000 memsz=0xf8 filesz=0xf8 flags=R-X U -> pages [0x0000000000400000..0x0000000000401000)
[5420 ms] [elf] phdr[1] LOAD vaddr=0x0000000000401000 memsz=0x18 filesz=0x18 flags=RW- U -> pages [0x0000000000401000..0x0000000000402000)
[5420 ms] [elf] load OK (user): type=ET_EXEC, 2 segment(s), base=0x0000000000000000, entry=0x0000000000400000, phdr=0x0000000000000000 (2 entries)
[5420 ms] [proc] created pid=2 ppid=0 '/bin/cat' entry=0x0000000000400000 rsp=0x00007ffffffffeb0 cr3=0x5b4000 kstack=0xffffd00000469530 argc=1 envc=8 cwd='/'
POSIXSH: heredoc-setnow
[5430 ms] [sys_exit] user requested exit, code=0 (0x0)
[5430 ms] [proc] pid=2 '/bin/cat' exit code=0 (0x0) cpu=0 ms syscalls=4
[5430 ms] [proc] reaped pid=2, slot recycled
[5440 ms] [shell-test] $ sh /data/posixsh_read_heredoc.sh
POSIXSH: read-heredoc-one-two
[5450 ms] [shell-test] $ write /data/posixsh_return.sh 'echo POSIXSH: return-before; return 7; echo POSIXSH: return-bad'
[5450 ms] write: '/data/posixsh_return.sh' <- 63 bytes
[5460 ms] [shell-test] $ sh /data/posixsh_return.sh
POSIXSH: return-before
[5470 ms] [shell-test] $ echo POSIXSH: return-status=$?
POSIXSH: return-status=7
[5470 ms] [shell-test] $ sh -c 'echo POSIXSH: shc-$0-$1-$#' label arg1
POSIXSH: shc-label-arg1-1
[5470 ms] [shell-test] $ /bin/echo POSIXSH: fd1-file >/data/posixsh_fd1.txt
[5470 ms] [elf] phdr[0] LOAD vaddr=0x0000000000400000 memsz=0xd9 filesz=0xd9 flags=R-X U -> pages [0x0000000000400000..0x0000000000401000)
[5470 ms] [elf] phdr[1] LOAD vaddr=0x0000000000401000 memsz=0x4 filesz=0x4 flags=R-- U -> pages [0x0000000000401000..0x0000000000402000)
[5470 ms] [elf] phdr[2] LOAD vaddr=0x0000000000402000 memsz=0x18 filesz=0x18 flags=RW- U -> pages [0x0000000000402000..0x0000000000403000)
[5470 ms] [elf] load OK (user): type=ET_EXEC, 3 segment(s), base=0x0000000000000000, entry=0x0000000000400000, phdr=0x0000000000000000 (3 entries)
[5470 ms] [proc] created pid=2 ppid=0 '/bin/echo' entry=0x0000000000400000 rsp=0x00007ffffffffe60 cr3=0x5b4000 kstack=0xffffd000004693f0 argc=3 envc=10 cwd='/'
[5560 ms] [sys_exit] user requested exit, code=0 (0x0)
[5560 ms] [proc] pid=2 '/bin/echo' exit code=0 (0x0) cpu=37 ms syscalls=5
[5560 ms] [proc] reaped pid=2, slot recycled
[5560 ms] [shell-test] $ cat /data/posixsh_fd1.txt
POSIXSH: fd1-file

[5570 ms] [shell-test] $ p_cat /data/posixsh_no_fd2 2>/data/posixsh_fd2.txt
[5570 ms] [elf] phdr[0] LOAD vaddr=0x0000000000400000 memsz=0x4276 filesz=0x4276 flags=R-X U -> pages [0x0000000000400000..0x0000000000405000)
[5570 ms] [elf] phdr[1] LOAD vaddr=0x0000000000405000 memsz=0x7d0 filesz=0x7d0 flags=R-- U -> pages [0x0000000000405000..0x0000000000406000)
[5570 ms] [elf] phdr[2] LOAD vaddr=0x0000000000406000 memsz=0x1e8 filesz=0x88 flags=RW- U -> pages [0x0000000000406000..0x0000000000407000)
[5570 ms] [elf] load OK (user): type=ET_EXEC, 3 segment(s), base=0x0000000000000000, entry=0x0000000000400000, phdr=0x0000000000000000 (3 entries)
[5570 ms] [proc] created pid=2 ppid=0 'p_cat' entry=0x0000000000400000 rsp=0x00007ffffffffe70 cr3=0x5b4000 kstack=0xffffd000004693f0 argc=2 envc=10 cwd='/'
[5730 ms] [sys_exit] user requested exit, code=1 (0x1)
[5730 ms] [proc] pid=2 'p_cat' exit code=1 (0x1) cpu=74 ms syscalls=11
[5730 ms] [proc] reaped pid=2, slot recycled
[5730 ms] [shell-test] $ cat /data/posixsh_fd2.txt
p_cat: open /data/posixsh_no_fd2: No such file or directory
[_exit] code=1 caller=0x0000000000400c34

[5740 ms] [shell-test] $ p_cat /data/posixsh_no_merge >/data/posixsh_merge.txt 2>&1
[5740 ms] [elf] phdr[0] LOAD vaddr=0x0000000000400000 memsz=0x4276 filesz=0x4276 flags=R-X U -> pages [0x0000000000400000..0x0000000000405000)
[5740 ms] [elf] phdr[1] LOAD vaddr=0x0000000000405000 memsz=0x7d0 filesz=0x7d0 flags=R-- U -> pages [0x0000000000405000..0x0000000000406000)
[5740 ms] [elf] phdr[2] LOAD vaddr=0x0000000000406000 memsz=0x1e8 filesz=0x88 flags=RW- U -> pages [0x0000000000406000..0x0000000000407000)
[5740 ms] [elf] load OK (user): type=ET_EXEC, 3 segment(s), base=0x0000000000000000, entry=0x0000000000400000, phdr=0x0000000000000000 (3 entries)
[5740 ms] [proc] created pid=2 ppid=0 'p_cat' entry=0x0000000000400000 rsp=0x00007ffffffffe60 cr3=0x5b4000 kstack=0xffffd000004693f0 argc=2 envc=10 cwd='/'
[5930 ms] [sys_exit] user requested exit, code=1 (0x1)
[5930 ms] [proc] pid=2 'p_cat' exit code=1 (0x1) cpu=85 ms syscalls=11
[5930 ms] [proc] reaped pid=2, slot recycled
[5930 ms] [shell-test] $ cat /data/posixsh_merge.txt
p_cat: open /data/posixsh_no_merge: No such file or directory
[_exit] code=1 caller=0x0000000000400c34

[5940 ms] [shell-test] $ p_cat /data/posixsh_order 2>&1 >/data/posixsh_order.txt
[5940 ms] [elf] phdr[0] LOAD vaddr=0x0000000000400000 memsz=0x4276 filesz=0x4276 flags=R-X U -> pages [0x0000000000400000..0x0000000000405000)
[5940 ms] [elf] phdr[1] LOAD vaddr=0x0000000000405000 memsz=0x7d0 filesz=0x7d0 flags=R-- U -> pages [0x0000000000405000..0x0000000000406000)
[5940 ms] [elf] phdr[2] LOAD vaddr=0x0000000000406000 memsz=0x1e8 filesz=0x88 flags=RW- U -> pages [0x0000000000406000..0x0000000000407000)
[5940 ms] [elf] load OK (user): type=ET_EXEC, 3 segment(s), base=0x0000000000000000, entry=0x0000000000400000, phdr=0x0000000000000000 (3 entries)
[5940 ms] [proc] created pid=2 ppid=0 'p_cat' entry=0x0000000000400000 rsp=0x00007ffffffffe70 cr3=0x5b4000 kstack=0xffffd000004693f0 argc=2 envc=10 cwd='/'
p_cat: open /data/posixsh_order: No such file or directory
[_exit] code=1 caller=0x0000000000400c34
[5950 ms] [sys_exit] user requested exit, code=1 (0x1)
[5960 ms] [proc] pid=2 'p_cat' exit code=1 (0x1) cpu=3 ms syscalls=11
[5960 ms] [proc] reaped pid=2, slot recycled
[5960 ms] [shell-test] $ echo POSIXSH: dup-order-status=$?
POSIXSH: dup-order-status=1
[5960 ms] [shell-test] $ p_cat /data/posixsh_closed 2>&-
[5960 ms] [elf] phdr[0] LOAD vaddr=0x0000000000400000 memsz=0x4276 filesz=0x4276 flags=R-X U -> pages [0x0000000000400000..0x0000000000405000)
[5960 ms] [elf] phdr[1] LOAD vaddr=0x0000000000405000 memsz=0x7d0 filesz=0x7d0 flags=R-- U -> pages [0x0000000000405000..0x0000000000406000)
[5960 ms] [elf] phdr[2] LOAD vaddr=0x0000000000406000 memsz=0x1e8 filesz=0x88 flags=RW- U -> pages [0x0000000000406000..0x0000000000407000)
[5960 ms] [elf] load OK (user): type=ET_EXEC, 3 segment(s), base=0x0000000000000000, entry=0x0000000000400000, phdr=0x0000000000000000 (3 entries)
[5960 ms] [proc] created pid=2 ppid=0 'p_cat' entry=0x0000000000400000 rsp=0x00007ffffffffe70 cr3=0x5b4000 kstack=0xffffd000004693f0 argc=2 envc=10 cwd='/'
[5980 ms] [sys_exit] user requested exit, code=1 (0x1)
[5980 ms] [proc] pid=2 'p_cat' exit code=1 (0x1) cpu=3 ms syscalls=6
[5980 ms] [proc] reaped pid=2, slot recycled
[5980 ms] [shell-test] $ echo POSIXSH: close-fd-status=$?
POSIXSH: close-fd-status=1
[5980 ms] [shell-test] $ > /data/posixsh_redir_only.txt
[5990 ms] [shell-test] $ /bin/echo POSIXSH: redir-only-ok >>/data/posixsh_redir_only.txt
[5990 ms] [elf] phdr[0] LOAD vaddr=0x0000000000400000 memsz=0xd9 filesz=0xd9 flags=R-X U -> pages [0x0000000000400000..0x0000000000401000)
[5990 ms] [elf] phdr[1] LOAD vaddr=0x0000000000401000 memsz=0x4 filesz=0x4 flags=R-- U -> pages [0x0000000000401000..0x0000000000402000)
[5990 ms] [elf] phdr[2] LOAD vaddr=0x0000000000402000 memsz=0x18 filesz=0x18 flags=RW- U -> pages [0x0000000000402000..0x0000000000403000)
[5990 ms] [elf] load OK (user): type=ET_EXEC, 3 segment(s), base=0x0000000000000000, entry=0x0000000000400000, phdr=0x0000000000000000 (3 entries)
[5990 ms] [proc] created pid=2 ppid=0 '/bin/echo' entry=0x0000000000400000 rsp=0x00007ffffffffe60 cr3=0x5b4000 kstack=0xffffd000004693f0 argc=3 envc=10 cwd='/'
[6070 ms] [sys_exit] user requested exit, code=0 (0x0)
[6070 ms] [proc] pid=2 '/bin/echo' exit code=0 (0x0) cpu=33 ms syscalls=5
[6070 ms] [proc] reaped pid=2, slot recycled
[6070 ms] [shell-test] $ cat /data/posixsh_redir_only.txt
POSIXSH: redir-only-ok

[6080 ms] [shell-test] $ write /data/posixsh_read.txt alpha beta gamma
[6080 ms] write: '/data/posixsh_read.txt' <- 16 bytes
[6090 ms] [shell-test] $ read POSIX_R1 POSIX_R2 < /data/posixsh_read.txt
[6100 ms] [shell-test] $ echo POSIXSH: read-file-$POSIX_R1-$POSIX_R2
POSIXSH: read-file-alpha-beta gamma
[6100 ms] [shell-test] $ echo POSIXSH: builtin-pipe | p_cat
[6100 ms] [elf] phdr[0] LOAD vaddr=0x0000000000400000 memsz=0x4276 filesz=0x4276 flags=R-X U -> pages [0x0000000000400000..0x0000000000405000)
[6100 ms] [elf] phdr[1] LOAD vaddr=0x0000000000405000 memsz=0x7d0 filesz=0x7d0 flags=R-- U -> pages [0x0000000000405000..0x0000000000406000)
[6100 ms] [elf] phdr[2] LOAD vaddr=0x0000000000406000 memsz=0x1e8 filesz=0x88 flags=RW- U -> pages [0x0000000000406000..0x0000000000407000)
[6100 ms] [elf] load OK (user): type=ET_EXEC, 3 segment(s), base=0x0000000000000000, entry=0x0000000000400000, phdr=0x0000000000000000 (3 entries)
[6100 ms] [proc] created pid=2 ppid=0 'p_cat' entry=0x0000000000400000 rsp=0x00007ffffffffe50 cr3=0x5b4000 kstack=0xffffd0000046a430 argc=1 envc=12 cwd='/'
POSIXSH: builtin-pipe
[_exit] code=0 caller=0x0000000000400c34
[6110 ms] [sys_exit] user requested exit, code=0 (0x0)
[6110 ms] [proc] pid=2 'p_cat' exit code=0 (0x0) cpu=0 ms syscalls=5
[6110 ms] [proc] reaped pid=2, slot recycled
[6120 ms] [shell-test] $ pipefn() { echo POSIXSH: function-pipe; }
[6120 ms] [shell-test] $ pipefn | p_cat
[6120 ms] [elf] phdr[0] LOAD vaddr=0x0000000000400000 memsz=0x4276 filesz=0x4276 flags=R-X U -> pages [0x0000000000400000..0x0000000000405000)
[6120 ms] [elf] phdr[1] LOAD vaddr=0x0000000000405000 memsz=0x7d0 filesz=0x7d0 flags=R-- U -> pages [0x0000000000405000..0x0000000000406000)
[6120 ms] [elf] phdr[2] LOAD vaddr=0x0000000000406000 memsz=0x1e8 filesz=0x88 flags=RW- U -> pages [0x0000000000406000..0x0000000000407000)
[6120 ms] [elf] load OK (user): type=ET_EXEC, 3 segment(s), base=0x0000000000000000, entry=0x0000000000400000, phdr=0x0000000000000000 (3 entries)
[6120 ms] [proc] created pid=2 ppid=0 'p_cat' entry=0x0000000000400000 rsp=0x00007ffffffffe50 cr3=0x5b4000 kstack=0xffffd00000469620 argc=1 envc=12 cwd='/'
POSIXSH: function-pipe
[_exit] code=0 caller=0x0000000000400c34
[6130 ms] [sys_exit] user requested exit, code=0 (0x0)
[6130 ms] [proc] pid=2 'p_cat' exit code=0 (0x0) cpu=0 ms syscalls=5
[6130 ms] [proc] reaped pid=2, slot recycled
[6130 ms] [shell-test] $ echo piped value | read POSIX_PIPE_A POSIX_PIPE_B
[6130 ms] [shell-test] $ echo POSIXSH: read-pipe-status=$? var=${POSIX_PIPE_A:-unset}-${POSIX_PIPE_B:-unset}
POSIXSH: read-pipe-status=0 var=unset-unset
[6130 ms] [shell-test] $ cd /data | true
[6140 ms] [shell-test] $ echo POSIXSH: pipe-cwd-$PWD
POSIXSH: pipe-cwd-/
[6140 ms] [shell-test] $ /bin/echo POSIXSH: wait-bg >/data/posixsh_wait.txt &
[6140 ms] [elf] phdr[0] LOAD vaddr=0x0000000000400000 memsz=0xd9 filesz=0xd9 flags=R-X U -> pages [0x0000000000400000..0x0000000000401000)
[6140 ms] [elf] phdr[1] LOAD vaddr=0x0000000000401000 memsz=0x4 filesz=0x4 flags=R-- U -> pages [0x0000000000401000..0x0000000000402000)
[6140 ms] [elf] phdr[2] LOAD vaddr=0x0000000000402000 memsz=0x18 filesz=0x18 flags=RW- U -> pages [0x0000000000402000..0x0000000000403000)
[6140 ms] [elf] load OK (user): type=ET_EXEC, 3 segment(s), base=0x0000000000000000, entry=0x0000000000400000, phdr=0x0000000000000000 (3 entries)
[6140 ms] [proc] created pid=2 ppid=0 '/bin/echo' entry=0x0000000000400000 rsp=0x00007ffffffffe30 cr3=0x5b4000 kstack=0xffffd000004694a0 argc=3 envc=12 cwd='/'
[6140 ms] [1] 2  '/bin/echo' &
[6150 ms] [shell-test] $ echo POSIXSH: bgpid=$!
POSIXSH: bgpid=2
[6150 ms] [shell-test] $ wait $!
[6240 ms] [sys_exit] user requested exit, code=0 (0x0)
[6240 ms] [proc] pid=2 '/bin/echo' exit code=0 (0x0) cpu=43 ms syscalls=5
[6240 ms] [proc] reaped pid=2, slot recycled
[6240 ms] [shell-test] $ echo POSIXSH: wait-status=$?
POSIXSH: wait-status=0
[6240 ms] [shell-test] $ cat /data/posixsh_wait.txt
POSIXSH: wait-bg

[6250 ms] [shell-test] $ /bin/echo POSIXSH: wait-all-bg >/data/posixsh_wait_all.txt &
[6250 ms] [elf] phdr[0] LOAD vaddr=0x0000000000400000 memsz=0xd9 filesz=0xd9 flags=R-X U -> pages [0x0000000000400000..0x0000000000401000)
[6250 ms] [elf] phdr[1] LOAD vaddr=0x0000000000401000 memsz=0x4 filesz=0x4 flags=R-- U -> pages [0x0000000000401000..0x0000000000402000)
[6250 ms] [elf] phdr[2] LOAD vaddr=0x0000000000402000 memsz=0x18 filesz=0x18 flags=RW- U -> pages [0x0000000000402000..0x0000000000403000)
[6250 ms] [elf] load OK (user): type=ET_EXEC, 3 segment(s), base=0x0000000000000000, entry=0x0000000000400000, phdr=0x0000000000000000 (3 entries)
[6250 ms] [proc] created pid=2 ppid=0 '/bin/echo' entry=0x0000000000400000 rsp=0x00007ffffffffe30 cr3=0x5b4000 kstack=0xffffd000004694a0 argc=3 envc=12 cwd='/'
[6250 ms] [2] 2  '/bin/echo' &
[6260 ms] [shell-test] $ wait
[6330 ms] [sys_exit] user requested exit, code=0 (0x0)
[6330 ms] [proc] pid=2 '/bin/echo' exit code=0 (0x0) cpu=38 ms syscalls=5
[6330 ms] [proc] reaped pid=2, slot recycled
[6340 ms] [shell-test] $ echo POSIXSH: wait-all-status=$?
POSIXSH: wait-all-status=0
[6340 ms] [shell-test] $ cat /data/posixsh_wait_all.txt
POSIXSH: wait-all-bg

[6340 ms] [shell-test] $ POSIX_SPECIAL=kept export POSIX_SPECIAL
[6340 ms] [shell-test] $ echo POSIXSH: special-assign=$POSIX_SPECIAL
POSIXSH: special-assign=kept
[6350 ms] [shell-test] $ POSIX_TEMP=visible env >/data/posixsh_env_tmp.txt
[6360 ms] [shell-test] $ cat /data/posixsh_env_tmp.txt
PATH=/bin
HOME=/
USER=admin
PWD=/
SHELL=tobysh
OPTIND=1
x=stop
POSIX_ASSIGN=setnow
POSIX_H1=one
POSIX_H2=two
POSIX_R1=alpha
POSIX_R2=beta gamma
POSIX_SPECIAL=kept
POSIX_TEMP=visible

[6370 ms] [shell-test] $ echo POSIXSH: temp-after=${POSIX_TEMP:-unset}
POSIXSH: temp-after=unset
[6370 ms] [shell-test] $ readonly POSIX_RO=locked
[6370 ms] [shell-test] $ POSIX_RO=changed
[6370 ms] shell: POSIX_RO: readonly variable
[6370 ms] shell: failed to set 'POSIX_RO=changed'
[6370 ms] [shell-test] $ echo POSIXSH: readonly-status=$? value=$POSIX_RO
POSIXSH: readonly-status=1 value=locked
[6370 ms] [shell-test] $ set -- shift-a shift-b shift-c
[6370 ms] [shell-test] $ shift 2
[6370 ms] [shell-test] $ echo POSIXSH: shift-$#-$1
POSIXSH: shift-1-shift-c
[6380 ms] [shell-test] $ set -- -a -b bee rest
[6380 ms] [shell-test] $ OPTIND=1
[6380 ms] [shell-test] $ while getopts ab: opt; do echo POSIXSH: getopts-$opt-${OPTARG:-none}-$OPTIND; done
POSIXSH: getopts-a-none-2
POSIXSH: getopts-b-bee-4
[6380 ms] [shell-test] $ echo POSIXSH: getopts-done-$OPTIND
POSIXSH: getopts-done-4
[6380 ms] [shell-test] $ set -- -abbee
[6380 ms] [shell-test] $ OPTIND=1
[6380 ms] [shell-test] $ while getopts ab: opt; do echo POSIXSH: getopts-group-$opt-${OPTARG:-none}-$OPTIND; done
POSIXSH: getopts-group-a-none-1
POSIXSH: getopts-group-b-bee-2
[6390 ms] [shell-test] $ OPTIND=1
[6390 ms] [shell-test] $ getopts x: opt -x explicit tail
[6390 ms] [shell-test] $ echo POSIXSH: getopts-explicit-$opt-$OPTARG-$OPTIND
POSIXSH: getopts-explicit-x-explicit-3
[6390 ms] [shell-test] $ set -- -z
[6390 ms] [shell-test] $ OPTIND=1
[6390 ms] [shell-test] $ getopts :a opt
[6390 ms] [shell-test] $ echo POSIXSH: getopts-bad-$opt-$OPTARG-$?
POSIXSH: getopts-bad-?-z-0
[6390 ms] [shell-test] $ set -- -b
[6390 ms] [shell-test] $ OPTIND=1
[6390 ms] [shell-test] $ getopts :b: opt
[6390 ms] [shell-test] $ echo POSIXSH: getopts-missing-$opt-$OPTARG-$?
POSIXSH: getopts-missing-:-b-0
[6400 ms] [shell-test] $ command -V export
export is a special shell builtin
[6400 ms] [shell-test] $ sh -c 'echo POSIXSH: exit-before; exit 9; echo POSIXSH: exit-bad'
POSIXSH: exit-before
[6400 ms] [shell-test] $ echo POSIXSH: exit-status=$?
POSIXSH: exit-status=9
[6400 ms] [shell-test] $ sh -c 'trap "echo POSIXSH: trap-exit" EXIT; echo POSIXSH: trap-body'
POSIXSH: trap-body
POSIXSH: trap-exit
[6400 ms] [shell-test] $ echo POSIXSH: trap-status=$?
POSIXSH: trap-status=0
[6400 ms] [shell-test] $ sh -c 'trap "echo POSIXSH: trap-reset-bad" EXIT; trap - EXIT; echo POSIXSH: trap-reset-ok'
POSIXSH: trap-reset-ok
[6400 ms] [shell-test] $ command -V trap
trap is a special shell builtin
[6400 ms] [shell-test] $ fredir() { echo POSIXSH: func-redir-one; echo POSIXSH: func-redir-two; }
[6410 ms] [shell-test] $ fredir >/data/posixsh_func_redir.txt
[6420 ms] [shell-test] $ cat /data/posixsh_func_redir.txt
POSIXSH: func-redir-one
POSIXSH: func-redir-two

[6430 ms] [shell-test] $ fxredir() { /bin/echo POSIXSH: func-ext-redir; }
[6430 ms] [shell-test] $ fxredir >/data/posixsh_func_ext.txt
[6430 ms] [elf] phdr[0] LOAD vaddr=0x0000000000400000 memsz=0xd9 filesz=0xd9 flags=R-X U -> pages [0x0000000000400000..0x0000000000401000)
[6430 ms] [elf] phdr[1] LOAD vaddr=0x0000000000401000 memsz=0x4 filesz=0x4 flags=R-- U -> pages [0x0000000000401000..0x0000000000402000)
[6430 ms] [elf] phdr[2] LOAD vaddr=0x0000000000402000 memsz=0x18 filesz=0x18 flags=RW- U -> pages [0x0000000000402000..0x0000000000403000)
[6430 ms] [elf] load OK (user): type=ET_EXEC, 3 segment(s), base=0x0000000000000000, entry=0x0000000000400000, phdr=0x0000000000000000 (3 entries)
[6430 ms] [proc] created pid=2 ppid=0 '/bin/echo' entry=0x0000000000400000 rsp=0x00007ffffffffdd0 cr3=0x5b4000 kstack=0xffffd00000468800 argc=3 envc=16 cwd='/'
[6490 ms] [sys_exit] user requested exit, code=0 (0x0)
[6490 ms] [proc] pid=2 '/bin/echo' exit code=0 (0x0) cpu=25 ms syscalls=5
[6490 ms] [proc] reaped pid=2, slot recycled
[6490 ms] [shell-test] $ cat /data/posixsh_func_ext.txt
POSIXSH: func-ext-redir

[6500 ms] [shell-test] $ { echo POSIXSH: group-redir-one; echo POSIXSH: group-redir-two; } >/data/posixsh_group_redir.txt
[6510 ms] [shell-test] $ cat /data/posixsh_group_redir.txt
POSIXSH: group-redir-one
POSIXSH: group-redir-two

[6520 ms] [shell-test] $ ( cd /data; POSIX_SUB=inside; readonly POSIX_SUB_RO=locked; sh -c 'echo POSIXSH: subshell-pwd-$PWD var-$POSIX_SUB'; trap "echo POSIXSH: subshell-trap" EXIT ) >/data/posixsh_subshell.txt
[6530 ms] [shell-test] $ cat /data/posixsh_subshell.txt
POSIXSH: subshell-pwd-/data var-inside
POSIXSH: subshell-trap

[6540 ms] [shell-test] $ echo POSIXSH: subshell-outer-pwd=$PWD var=${POSIX_SUB:-unset}
POSIXSH: subshell-outer-pwd=/ var=unset
[6540 ms] [shell-test] $ ( alias subalias='echo POSIXSH: subshell-alias-bad' )
[6540 ms] [shell-test] $ alias subalias || echo POSIXSH: subshell-alias-isolated
[6540 ms] alias: subalias not found
POSIXSH: subshell-alias-isolated
[6540 ms] [shell-test] $ ( subfn() { echo POSIXSH: subshell-function-bad; } )
[6550 ms] [shell-test] $ command -v subfn || echo POSIXSH: subshell-function-isolated
POSIXSH: subshell-function-isolated
[6550 ms] [shell-test] $ POSIX_SUB_RO=changed
[6550 ms] [shell-test] $ echo POSIXSH: subshell-readonly-status=$?
POSIXSH: subshell-readonly-status=0
[6550 ms] [shell-test] $ ( echo POSIXSH: subshell-exit-before; exit 6; echo POSIXSH: subshell-exit-bad )
POSIXSH: subshell-exit-before
[6560 ms] [shell-test] $ echo POSIXSH: subshell-exit-status=$?
POSIXSH: subshell-exit-status=6
[6560 ms] [shell-test] $ ( echo POSIXSH: subshell-redir-one; echo POSIXSH: subshell-redir-two ) >/data/posixsh_subshell_redir.txt
[6570 ms] [shell-test] $ cat /data/posixsh_subshell_redir.txt
POSIXSH: subshell-redir-one
POSIXSH: subshell-redir-two

[6580 ms] [shell-test] $ eval echo POSIXSH: eval-ok
POSIXSH: eval-ok
[6580 ms] [shell-test] $ touch /data/posixsh_a.txt
[6580 ms] touch: '/data/posixsh_a.txt' already exists
[6580 ms] [shell-test] $ touch /data/posixsh_b.txt
[6580 ms] touch: '/data/posixsh_b.txt' already exists
[6590 ms] [shell-test] $ echo POSIXSH: glob /data/posixsh_?.txt
POSIXSH: glob /data/posixsh_a.txt /data/posixsh_b.txt
[6600 ms] [shell-test] $ echo POSIXSH: colon-before; :; echo POSIXSH: colon-after
POSIXSH: colon-before
POSIXSH: colon-after
[6600 ms] [shell-test] $ command -v echo
echo
[6600 ms] [shell-test] $ which echo
/bin/echo
[6600 ms] [shell-test] $ echo POSIXSH: done
POSIXSH: done
[6600 ms] POSIXSH: PASS
[6600 ms] [boot] QUICK_BOOT: skipping devtest_boot_run + shell smoketest + M26A/M27A spawns
[6600 ms] [boot] QUICK_BOOT: skipping M28A–M35G boot harness spawns (CI: `make fullboot` / omit -DQUICK_BOOT)
