OpenSSH_for_Windows_9.5p2, LibreSSL 3.8.2
debug3: Failed to open file:C:/Users/tdude/.ssh/config error:2
debug3: Failed to open file:C:/ProgramData/ssh/ssh_config error:2
debug2: resolve_canonicalize: hostname 127.0.0.1 is address
debug3: ssh_connect_direct: entering
debug1: Connecting to 127.0.0.1 [127.0.0.1] port 2222.
debug2: fd 3 setting O_NONBLOCK
debug1: fd 3 clearing O_NONBLOCK
debug1: Connection established.
debug3: timeout: 15000 ms remain after connect
debug3: Failed to open file:C:/Users/tdude/.ssh/id_rsa error:2
debug3: Failed to open file:C:/Users/tdude/.ssh/id_rsa.pub error:2
debug3: failed to open file:C:/Users/tdude/.ssh/id_rsa error:3
debug1: identity file C:\\Users\\tdude/.ssh/id_rsa type -1
debug3: Failed to open file:C:/Users/tdude/.ssh/id_rsa-cert error:2
debug3: Failed to open file:C:/Users/tdude/.ssh/id_rsa-cert.pub error:2
debug3: failed to open file:C:/Users/tdude/.ssh/id_rsa-cert error:3
debug1: identity file C:\\Users\\tdude/.ssh/id_rsa-cert type -1
debug3: Failed to open file:C:/Users/tdude/.ssh/id_ecdsa error:2
debug3: Failed to open file:C:/Users/tdude/.ssh/id_ecdsa.pub error:2
debug3: failed to open file:C:/Users/tdude/.ssh/id_ecdsa error:3
debug1: identity file C:\\Users\\tdude/.ssh/id_ecdsa type -1
debug3: Failed to open file:C:/Users/tdude/.ssh/id_ecdsa-cert error:2
debug3: Failed to open file:C:/Users/tdude/.ssh/id_ecdsa-cert.pub error:2
debug3: failed to open file:C:/Users/tdude/.ssh/id_ecdsa-cert error:3
debug1: identity file C:\\Users\\tdude/.ssh/id_ecdsa-cert type -1
debug3: Failed to open file:C:/Users/tdude/.ssh/id_ecdsa_sk error:2
debug3: Failed to open file:C:/Users/tdude/.ssh/id_ecdsa_sk.pub error:2
debug3: failed to open file:C:/Users/tdude/.ssh/id_ecdsa_sk error:3
debug1: identity file C:\\Users\\tdude/.ssh/id_ecdsa_sk type -1
debug3: Failed to open file:C:/Users/tdude/.ssh/id_ecdsa_sk-cert error:2
debug3: Failed to open file:C:/Users/tdude/.ssh/id_ecdsa_sk-cert.pub error:2
debug3: failed to open file:C:/Users/tdude/.ssh/id_ecdsa_sk-cert error:3
debug1: identity file C:\\Users\\tdude/.ssh/id_ecdsa_sk-cert type -1
debug3: Failed to open file:C:/Users/tdude/.ssh/id_ed25519 error:2
debug3: Failed to open file:C:/Users/tdude/.ssh/id_ed25519.pub error:2
debug3: failed to open file:C:/Users/tdude/.ssh/id_ed25519 error:3
debug1: identity file C:\\Users\\tdude/.ssh/id_ed25519 type -1
debug3: Failed to open file:C:/Users/tdude/.ssh/id_ed25519-cert error:2
debug3: Failed to open file:C:/Users/tdude/.ssh/id_ed25519-cert.pub error:2
debug3: failed to open file:C:/Users/tdude/.ssh/id_ed25519-cert error:3
debug1: identity file C:\\Users\\tdude/.ssh/id_ed25519-cert type -1
debug3: Failed to open file:C:/Users/tdude/.ssh/id_ed25519_sk error:2
debug3: Failed to open file:C:/Users/tdude/.ssh/id_ed25519_sk.pub error:2
debug3: failed to open file:C:/Users/tdude/.ssh/id_ed25519_sk error:3
debug1: identity file C:\\Users\\tdude/.ssh/id_ed25519_sk type -1
debug3: Failed to open file:C:/Users/tdude/.ssh/id_ed25519_sk-cert error:2
debug3: Failed to open file:C:/Users/tdude/.ssh/id_ed25519_sk-cert.pub error:2
debug3: failed to open file:C:/Users/tdude/.ssh/id_ed25519_sk-cert error:3
debug1: identity file C:\\Users\\tdude/.ssh/id_ed25519_sk-cert type -1
debug3: Failed to open file:C:/Users/tdude/.ssh/id_xmss error:2
debug3: Failed to open file:C:/Users/tdude/.ssh/id_xmss.pub error:2
debug3: failed to open file:C:/Users/tdude/.ssh/id_xmss error:3
debug1: identity file C:\\Users\\tdude/.ssh/id_xmss type -1
debug3: Failed to open file:C:/Users/tdude/.ssh/id_xmss-cert error:2
debug3: Failed to open file:C:/Users/tdude/.ssh/id_xmss-cert.pub error:2
debug3: failed to open file:C:/Users/tdude/.ssh/id_xmss-cert error:3
debug1: identity file C:\\Users\\tdude/.ssh/id_xmss-cert type -1
debug3: Failed to open file:C:/Users/tdude/.ssh/id_dsa error:2
debug3: Failed to open file:C:/Users/tdude/.ssh/id_dsa.pub error:2
debug3: failed to open file:C:/Users/tdude/.ssh/id_dsa error:3
debug1: identity file C:\\Users\\tdude/.ssh/id_dsa type -1
debug3: Failed to open file:C:/Users/tdude/.ssh/id_dsa-cert error:2
debug3: Failed to open file:C:/Users/tdude/.ssh/id_dsa-cert.pub error:2
debug3: failed to open file:C:/Users/tdude/.ssh/id_dsa-cert error:3
debug1: identity file C:\\Users\\tdude/.ssh/id_dsa-cert type -1
debug1: Local version string SSH-2.0-OpenSSH_for_Windows_9.5
Connection timed out during banner exchange
Connection to 127.0.0.1 port 2222 timed out
