OpenSSH_for_Windows_9.5p2, LibreSSL 3.8.2
debug2: resolve_canonicalize: hostname 127.0.0.1 is address
debug1: Connecting to 127.0.0.1 [127.0.0.1] port 2222.
debug2: fd 3 setting O_NONBLOCK
debug1: fd 3 clearing O_NONBLOCK
debug1: Connection established.
debug1: identity file C:\\Users\\tdude/.ssh/id_rsa type -1
debug1: identity file C:\\Users\\tdude/.ssh/id_rsa-cert type -1
debug1: identity file C:\\Users\\tdude/.ssh/id_ecdsa type -1
debug1: identity file C:\\Users\\tdude/.ssh/id_ecdsa-cert type -1
debug1: identity file C:\\Users\\tdude/.ssh/id_ecdsa_sk type -1
debug1: identity file C:\\Users\\tdude/.ssh/id_ecdsa_sk-cert type -1
debug1: identity file C:\\Users\\tdude/.ssh/id_ed25519 type -1
debug1: identity file C:\\Users\\tdude/.ssh/id_ed25519-cert type -1
debug1: identity file C:\\Users\\tdude/.ssh/id_ed25519_sk type -1
debug1: identity file C:\\Users\\tdude/.ssh/id_ed25519_sk-cert type -1
debug1: identity file C:\\Users\\tdude/.ssh/id_xmss type -1
debug1: identity file C:\\Users\\tdude/.ssh/id_xmss-cert type -1
debug1: identity file C:\\Users\\tdude/.ssh/id_dsa type -1
debug1: identity file C:\\Users\\tdude/.ssh/id_dsa-cert type -1
debug1: Local version string SSH-2.0-OpenSSH_for_Windows_9.5
debug1: Remote protocol version 2.0, remote software version tobyOS_0.1
debug1: compat_banner: no match: tobyOS_0.1
debug2: fd 3 setting O_NONBLOCK
debug1: Authenticating to 127.0.0.1:2222 as 'toby'
debug1: load_hostkeys: fopen __PROGRAMDATA__\\ssh/ssh_known_hosts: No such file or directory
debug1: load_hostkeys: fopen __PROGRAMDATA__\\ssh/ssh_known_hosts2: No such file or directory
debug1: SSH2_MSG_KEXINIT sent
debug1: SSH2_MSG_KEXINIT received
debug2: local client KEXINIT proposal
debug2: KEX algorithms: curve25519-sha256,curve25519-sha256@libssh.org,ecdh-sha2-nistp256,ecdh-sha2-nistp384,ecdh-sha2-nistp521,diffie-hellman-group-exchange-sha256,diffie-hellman-group16-sha512,diffie-hellman-group18-sha512,diffie-hellman-group14-sha256,ext-info-c,kex-strict-c-v00@openssh.com
debug2: host key algorithms: ssh-ed25519-cert-v01@openssh.com,ecdsa-sha2-nistp256-cert-v01@openssh.com,ecdsa-sha2-nistp384-cert-v01@openssh.com,ecdsa-sha2-nistp521-cert-v01@openssh.com,sk-ssh-ed25519-cert-v01@openssh.com,sk-ecdsa-sha2-nistp256-cert-v01@openssh.com,rsa-sha2-512-cert-v01@openssh.com,rsa-sha2-256-cert-v01@openssh.com,ssh-ed25519,ecdsa-sha2-nistp256,ecdsa-sha2-nistp384,ecdsa-sha2-nistp521,sk-ssh-ed25519@openssh.com,sk-ecdsa-sha2-nistp256@openssh.com,rsa-sha2-512,rsa-sha2-256
debug2: ciphers ctos: chacha20-poly1305@openssh.com,aes128-ctr,aes192-ctr,aes256-ctr,aes128-gcm@openssh.com,aes256-gcm@openssh.com
debug2: ciphers stoc: chacha20-poly1305@openssh.com,aes128-ctr,aes192-ctr,aes256-ctr,aes128-gcm@openssh.com,aes256-gcm@openssh.com
debug2: MACs ctos: umac-64-etm@openssh.com,umac-128-etm@openssh.com,hmac-sha2-256-etm@openssh.com,hmac-sha2-512-etm@openssh.com,umac-64@openssh.com,umac-128@openssh.com,hmac-sha2-256,hmac-sha2-512
debug2: MACs stoc: umac-64-etm@openssh.com,umac-128-etm@openssh.com,hmac-sha2-256-etm@openssh.com,hmac-sha2-512-etm@openssh.com,umac-64@openssh.com,umac-128@openssh.com,hmac-sha2-256,hmac-sha2-512
debug2: compression ctos: none,zlib@openssh.com,zlib
debug2: compression stoc: none,zlib@openssh.com,zlib
debug2: languages ctos: 
debug2: languages stoc: 
debug2: first_kex_follows 0 
debug2: reserved 0 
debug2: peer server KEXINIT proposal
debug2: KEX algorithms: curve25519-sha256,curve25519-sha256@libssh.org
debug2: host key algorithms: ssh-ed25519
debug2: ciphers ctos: chacha20-poly1305@openssh.com
debug2: ciphers stoc: chacha20-poly1305@openssh.com
debug2: MACs ctos: none
debug2: MACs stoc: none
debug2: compression ctos: none
debug2: compression stoc: none
debug2: languages ctos: 
debug2: languages stoc: 
debug2: first_kex_follows 0 
debug2: reserved 0 
debug1: kex: algorithm: curve25519-sha256
debug1: kex: host key algorithm: ssh-ed25519
debug1: kex: server->client cipher: chacha20-poly1305@openssh.com MAC: <implicit> compression: none
debug1: kex: client->server cipher: chacha20-poly1305@openssh.com MAC: <implicit> compression: none
debug1: expecting SSH2_MSG_KEX_ECDH_REPLY
debug1: SSH2_MSG_KEX_ECDH_REPLY received
debug1: Server host key: ssh-ed25519 SHA256:uQ0I2B2v6HBdx1SLonjboSDZ3gKRDsqThsqV+AxvT3E
debug1: load_hostkeys: fopen __PROGRAMDATA__\\ssh/ssh_known_hosts: No such file or directory
debug1: load_hostkeys: fopen __PROGRAMDATA__\\ssh/ssh_known_hosts2: No such file or directory
debug1: checking without port identifier
debug1: load_hostkeys: fopen __PROGRAMDATA__\\ssh/ssh_known_hosts: No such file or directory
debug1: load_hostkeys: fopen __PROGRAMDATA__\\ssh/ssh_known_hosts2: No such file or directory
Warning: Permanently added '[127.0.0.1]:2222' (ED25519) to the list of known hosts.
debug2: ssh_set_newkeys: mode 1
debug1: rekey out after 134217728 blocks
debug1: SSH2_MSG_NEWKEYS sent
debug1: expecting SSH2_MSG_NEWKEYS
debug1: SSH2_MSG_NEWKEYS received
debug2: ssh_set_newkeys: mode 0
debug1: rekey in after 134217728 blocks
debug1: get_agent_identities: ssh_get_authentication_socket: No such file or directory
debug1: Will attempt key: C:\\Users\\tdude/.ssh/id_rsa 
debug1: Will attempt key: C:\\Users\\tdude/.ssh/id_ecdsa 
debug1: Will attempt key: C:\\Users\\tdude/.ssh/id_ecdsa_sk 
debug1: Will attempt key: C:\\Users\\tdude/.ssh/id_ed25519 
debug1: Will attempt key: C:\\Users\\tdude/.ssh/id_ed25519_sk 
debug1: Will attempt key: C:\\Users\\tdude/.ssh/id_xmss 
debug1: Will attempt key: C:\\Users\\tdude/.ssh/id_dsa 
debug2: pubkey_prepare: done
debug2: service_accept: ssh-userauth
debug1: SSH2_MSG_SERVICE_ACCEPT received
Authenticated to 127.0.0.1 ([127.0.0.1]:2222) using "none".
debug2: fd 5 setting O_NONBLOCK
debug2: fd 6 setting O_NONBLOCK
debug1: channel 0: new session [client-session] (inactive timeout: 0)
debug2: channel 0: send open
debug1: Entering interactive session.
debug1: pledge: network
debug2: channel_input_open_confirmation: channel 0: callback start
debug2: fd 3 setting TCP_NODELAY
debug2: client_session2_setup: id 0
debug1: Sending command: help
debug2: channel 0: request exec confirm 1
debug1: pledge: fork
debug2: channel_input_open_confirmation: channel 0: callback done
debug2: channel 0: open confirm rwindow 32768 rmax 2048
debug2: channel_input_status_confirm: type 99 id 0
debug2: exec request accepted on channel 0
